Archive member included to satisfy reference by file (symbol)

C:/Repo_Licenta/UWB/DWM1001_on_board_package_R2.0/dwm/examples/dwm-simple/../../lib/libdwm.a(ble-server.o)
                              C:/Repo_Licenta/UWB/DWM1001_on_board_package_R2.0/dwm/examples/dwm-simple/../../lib/dwm.o (ble_add_shell_cmds)
C:/Repo_Licenta/UWB/DWM1001_on_board_package_R2.0/dwm/examples/dwm-simple/../../lib/libdwm.a(ble_srv_common.o)
                              C:/Repo_Licenta/UWB/DWM1001_on_board_package_R2.0/dwm/examples/dwm-simple/../../lib/libdwm.a(ble-server.o) (ble_srv_is_notification_enabled)
C:/Repo_Licenta/UWB/DWM1001_on_board_package_R2.0/dwm/examples/dwm-simple/../../lib/libdwm.a(dw1000.o)
                              C:/Repo_Licenta/UWB/DWM1001_on_board_package_R2.0/dwm/examples/dwm-simple/../../lib/libdwm.a(ble-server.o) (dw_rand)
C:/Repo_Licenta/UWB/DWM1001_on_board_package_R2.0/dwm/examples/dwm-simple/../../lib/libdwm.a(dwm-math.o)
                              C:/Repo_Licenta/UWB/DWM1001_on_board_package_R2.0/dwm/examples/dwm-simple/../../lib/libdwm.a(dw1000.o) (flog10)
C:/Repo_Licenta/UWB/DWM1001_on_board_package_R2.0/dwm/examples/dwm-simple/../../lib/libdwm.a(dwm.o)
                              C:/Repo_Licenta/UWB/DWM1001_on_board_package_R2.0/dwm/examples/dwm-simple/output/compiler/dwm-simple.o (dwm_systime_us_get)
C:/Repo_Licenta/UWB/DWM1001_on_board_package_R2.0/dwm/examples/dwm-simple/../../lib/libdwm.a(env-tlv.o)
                              C:/Repo_Licenta/UWB/DWM1001_on_board_package_R2.0/dwm/examples/dwm-simple/../../lib/dwm.o (env_load)
C:/Repo_Licenta/UWB/DWM1001_on_board_package_R2.0/dwm/examples/dwm-simple/../../lib/libdwm.a(fwup.o)
                              C:/Repo_Licenta/UWB/DWM1001_on_board_package_R2.0/dwm/examples/dwm-simple/../../lib/libdwm.a(ble-server.o) (fwup_rcvr_in_progress)
C:/Repo_Licenta/UWB/DWM1001_on_board_package_R2.0/dwm/examples/dwm-simple/../../lib/libdwm.a(hal.o)
                              C:/Repo_Licenta/UWB/DWM1001_on_board_package_R2.0/dwm/examples/dwm-simple/../../lib/libdwm.a(dwm.o) (hal_factory_reset)
C:/Repo_Licenta/UWB/DWM1001_on_board_package_R2.0/dwm/examples/dwm-simple/../../lib/libdwm.a(nrf_drv_rng.o)
                              C:/Repo_Licenta/UWB/DWM1001_on_board_package_R2.0/dwm/examples/dwm-simple/../../lib/libdwm.a(hal.o) (nrf_drv_rng_init)
C:/Repo_Licenta/UWB/DWM1001_on_board_package_R2.0/dwm/examples/dwm-simple/../../lib/libdwm.a(pm.o)
                              C:/Repo_Licenta/UWB/DWM1001_on_board_package_R2.0/dwm/examples/dwm-simple/../../lib/libdwm.a(ble-server.o) (pm_sched_signal)
C:/Repo_Licenta/UWB/DWM1001_on_board_package_R2.0/dwm/examples/dwm-simple/../../lib/libdwm.a(process-api.o)
                              C:/Repo_Licenta/UWB/DWM1001_on_board_package_R2.0/dwm/examples/dwm-simple/../../lib/dwm.o (api_thread_start)
C:/Repo_Licenta/UWB/DWM1001_on_board_package_R2.0/dwm/examples/dwm-simple/../../lib/libdwm.a(process-ble.o)
                              C:/Repo_Licenta/UWB/DWM1001_on_board_package_R2.0/dwm/examples/dwm-simple/../../lib/libdwm.a(ble-server.o) (ble_server_evt_put)
C:/Repo_Licenta/UWB/DWM1001_on_board_package_R2.0/dwm/examples/dwm-simple/../../lib/libdwm.a(process-le.o)
                              C:/Repo_Licenta/UWB/DWM1001_on_board_package_R2.0/dwm/examples/dwm-simple/../../lib/dwm.o (le_init)
C:/Repo_Licenta/UWB/DWM1001_on_board_package_R2.0/dwm/examples/dwm-simple/../../lib/libdwm.a(process-pm.o)
                              C:/Repo_Licenta/UWB/DWM1001_on_board_package_R2.0/dwm/examples/dwm-simple/../../lib/dwm.o (hal_pm_init)
C:/Repo_Licenta/UWB/DWM1001_on_board_package_R2.0/dwm/examples/dwm-simple/../../lib/libdwm.a(process-svc.o)
                              C:/Repo_Licenta/UWB/DWM1001_on_board_package_R2.0/dwm/examples/dwm-simple/../../lib/dwm.o (svc_init)
C:/Repo_Licenta/UWB/DWM1001_on_board_package_R2.0/dwm/examples/dwm-simple/../../lib/libdwm.a(process-uwbmac.o)
                              C:/Repo_Licenta/UWB/DWM1001_on_board_package_R2.0/dwm/examples/dwm-simple/../../lib/dwm.o (uwbmac_init)
C:/Repo_Licenta/UWB/DWM1001_on_board_package_R2.0/dwm/examples/dwm-simple/../../lib/libdwm.a(process-uwb.o)
                              C:/Repo_Licenta/UWB/DWM1001_on_board_package_R2.0/dwm/examples/dwm-simple/../../lib/dwm.o (uwb_init)
C:/Repo_Licenta/UWB/DWM1001_on_board_package_R2.0/dwm/examples/dwm-simple/../../lib/libdwm.a(serial.o)
                              C:/Repo_Licenta/UWB/DWM1001_on_board_package_R2.0/dwm/examples/dwm-simple/../../lib/dwm.o (serial_start)
C:/Repo_Licenta/UWB/DWM1001_on_board_package_R2.0/dwm/examples/dwm-simple/../../lib/libdwm.a(shell-api.o)
                              C:/Repo_Licenta/UWB/DWM1001_on_board_package_R2.0/dwm/examples/dwm-simple/../../lib/dwm.o (api_commands)
C:/Repo_Licenta/UWB/DWM1001_on_board_package_R2.0/dwm/examples/dwm-simple/../../lib/libdwm.a(shell-ble.o)
[...]
Memory Configuration

Name             Origin             Length             Attributes
sram             0x200035e0         0x0000ba20
flash            0x00044000         0x0003c000
*default*        0x00000000         0xffffffff

Linker script and memory map

LOAD C:/Repo_Licenta/UWB/DWM1001_on_board_package_R2.0/dwm/examples/dwm-simple/../../lib\vectors.o
LOAD C:/Repo_Licenta/UWB/DWM1001_on_board_package_R2.0/dwm/examples/dwm-simple/output/compiler/ble_advertising.o
LOAD C:/Repo_Licenta/UWB/DWM1001_on_board_package_R2.0/dwm/examples/dwm-simple/output/compiler/dwm-simple.o
LOAD C:/Repo_Licenta/UWB/DWM1001_on_board_package_R2.0/dwm/examples/dwm-simple/../../lib/dwm.o
LOAD C:/Repo_Licenta/UWB/DWM1001_on_board_package_R2.0/dwm/examples/dwm-simple/../../lib/libdwm.a
LOAD c:/program files (x86)/gnu arm embedded toolchain/10 2021.10/bin/../lib/gcc/arm-none-eabi/10.3.1/../../../../arm-none-eabi/lib/thumb/v7e-m+fp/hard\libm.a
LOAD c:/program files (x86)/gnu arm embedded toolchain/10 2021.10/bin/../lib/gcc/arm-none-eabi/10.3.1/thumb/v7e-m+fp/hard\libgcc.a
LOAD c:/program files (x86)/gnu arm embedded toolchain/10 2021.10/bin/../lib/gcc/arm-none-eabi/10.3.1/../../../../arm-none-eabi/lib/thumb/v7e-m+fp/hard\libc.a
LOAD c:/program files (x86)/gnu arm embedded toolchain/10 2021.10/bin/../lib/gcc/arm-none-eabi/10.3.1/../../../../arm-none-eabi/lib/thumb/v7e-m+fp/hard\libnosys.a
LOAD C:/Repo_Licenta/UWB/DWM1001_on_board_package_R2.0/dwm/examples/dwm-simple/../../lib\extras.o
START GROUP
LOAD C:/Repo_Licenta/UWB/DWM1001_on_board_package_R2.0/dwm/examples/dwm-simple/../../lib\libtarget.a
LOAD c:/program files (x86)/gnu arm embedded toolchain/10 2021.10/bin/../lib/gcc/arm-none-eabi/10.3.1/thumb/v7e-m+fp/hard\libgcc.a
LOAD c:/program files (x86)/gnu arm embedded toolchain/10 2021.10/bin/../lib/gcc/arm-none-eabi/10.3.1/../../../../arm-none-eabi/lib/thumb/v7e-m+fp/hard\libsupc++.a
END GROUP

.debug_aranges  0x00000000       0x30
 *(.debug_aranges)
 .debug_aranges
                0x00000000       0x30 C:/Repo_Licenta/UWB/DWM1001_on_board_package_R2.0/dwm/examples/dwm-simple/output/compiler/dwm-simple.o

.debug_pubnames
 *(.debug_pubnames)

.debug_info     0x00000000      0x64d
 *(.debug_info)
 .debug_info    0x00000000      0x64d C:/Repo_Licenta/UWB/DWM1001_on_board_package_R2.0/dwm/examples/dwm-simple/output/compiler/dwm-simple.o

.debug_abbrev   0x00000000      0x1af
 *(.debug_abbrev)
 .debug_abbrev  0x00000000      0x1af C:/Repo_Licenta/UWB/DWM1001_on_board_package_R2.0/dwm/examples/dwm-simple/output/compiler/dwm-simple.o

.debug_line     0x00000000      0x2b0
 *(.debug_line)
 .debug_line    0x00000000      0x2b0 C:/Repo_Licenta/UWB/DWM1001_on_board_package_R2.0/dwm/examples/dwm-simple/output/compiler/dwm-simple.o

.debug_frame    0x00000000     0x1eb8
 *(.debug_frame)
 .debug_frame   0x00000000       0x7c C:/Repo_Licenta/UWB/DWM1001_on_board_package_R2.0/dwm/examples/dwm-simple/output/compiler/dwm-simple.o
 .debug_frame   0x0000007c       0x30 c:/program files (x86)/gnu arm embedded toolchain/10 2021.10/bin/../lib/gcc/arm-none-eabi/10.3.1/../../../../arm-none-eabi/lib/thumb/v7e-m+fp/hard\libm.a(lib_a-s_ceil.o)
 .debug_frame   0x000000ac       0x30 c:/program files (x86)/gnu arm embedded toolchain/10 2021.10/bin/../lib/gcc/arm-none-eabi/10.3.1/../../../../arm-none-eabi/lib/thumb/v7e-m+fp/hard\libm.a(lib_a-s_floor.o)
 .debug_frame   0x000000dc       0x48 c:/program files (x86)/gnu arm embedded toolchain/10 2021.10/bin/../lib/gcc/arm-none-eabi/10.3.1/../../../../arm-none-eabi/lib/thumb/v7e-m+fp/hard\libm.a(lib_a-w_sqrt.o)
 .debug_frame   0x00000124       0x30 c:/program files (x86)/gnu arm embedded toolchain/10 2021.10/bin/../lib/gcc/arm-none-eabi/10.3.1/../../../../arm-none-eabi/lib/thumb/v7e-m+fp/hard\libm.a(lib_a-e_sqrt.o)
 .debug_frame   0x00000154       0xac c:/program files (x86)/gnu arm embedded toolchain/10 2021.10/bin/../lib/gcc/arm-none-eabi/10.3.1/thumb/v7e-m+fp/hard\libgcc.a(_arm_addsubdf3.o)
 .debug_frame   0x00000200       0x50 c:/program files (x86)/gnu arm embedded toolchain/10 2021.10/bin/../lib/gcc/arm-none-eabi/10.3.1/thumb/v7e-m+fp/hard\libgcc.a(_arm_muldivdf3.o)
 .debug_frame   0x00000250       0xc4 c:/program files (x86)/gnu arm embedded toolchain/10 2021.10/bin/../lib/gcc/arm-none-eabi/10.3.1/thumb/v7e-m+fp/hard\libgcc.a(_arm_cmpdf2.o)
 .debug_frame   0x00000314       0x20 c:/program files (x86)/gnu arm embedded toolchain/10 2021.10/bin/../lib/gcc/arm-none-eabi/10.3.1/thumb/v7e-m+fp/hard\libgcc.a(_arm_unorddf2.o)
 .debug_frame   0x00000334       0x24 c:/program files (x86)/gnu arm embedded toolchain/10 2021.10/bin/../lib/gcc/arm-none-eabi/10.3.1/thumb/v7e-m+fp/hard\libgcc.a(_arm_fixdfsi.o)
 .debug_frame   0x00000358       0x24 c:/program files (x86)/gnu arm embedded toolchain/10 2021.10/bin/../lib/gcc/arm-none-eabi/10.3.1/thumb/v7e-m+fp/hard\libgcc.a(_arm_fixunsdfsi.o)
 .debug_frame   0x0000037c       0x24 c:/program files (x86)/gnu arm embedded toolchain/10 2021.10/bin/../lib/gcc/arm-none-eabi/10.3.1/thumb/v7e-m+fp/hard\libgcc.a(_arm_truncdfsf2.o)
 .debug_frame   0x000003a0       0x4c c:/program files (x86)/gnu arm embedded toolchain/10 2021.10/bin/../lib/gcc/arm-none-eabi/10.3.1/thumb/v7e-m+fp/hard\libgcc.a(_arm_addsubsf3.o)
 .debug_frame   0x000003ec       0x44 c:/program files (x86)/gnu arm embedded toolchain/10 2021.10/bin/../lib/gcc/arm-none-eabi/10.3.1/thumb/v7e-m+fp/hard\libgcc.a(_aeabi_ldivmod.o)
 .debug_frame   0x00000430       0x2c c:/program files (x86)/gnu arm embedded toolchain/10 2021.10/bin/../lib/gcc/arm-none-eabi/10.3.1/thumb/v7e-m+fp/hard\libgcc.a(_aeabi_uldivmod.o)
 .debug_frame   0x0000045c       0x2c c:/program files (x86)/gnu arm embedded toolchain/10 2021.10/bin/../lib/gcc/arm-none-eabi/10.3.1/thumb/v7e-m+fp/hard\libgcc.a(_fixunssfdi.o)
 .debug_frame   0x00000488       0x2c c:/program files (x86)/gnu arm embedded toolchain/10 2021.10/bin/../lib/gcc/arm-none-eabi/10.3.1/thumb/v7e-m+fp/hard\libgcc.a(_fixunsdfdi.o)
 .debug_frame   0x000004b4       0x34 c:/program files (x86)/gnu arm embedded toolchain/10 2021.10/bin/../lib/gcc/arm-none-eabi/10.3.1/thumb/v7e-m+fp/hard\libgcc.a(_udivmoddi4.o)
 .debug_frame   0x000004e8       0x30 c:/program files (x86)/gnu arm embedded toolchain/10 2021.10/bin/../lib/gcc/arm-none-eabi/10.3.1/../../../../arm-none-eabi/lib/thumb/v7e-m+fp/hard\libc.a(lib_a-atoi.o)
 .debug_frame   0x00000518       0x2c c:/program files (x86)/gnu arm embedded toolchain/10 2021.10/bin/../lib/gcc/arm-none-eabi/10.3.1/../../../../arm-none-eabi/lib/thumb/v7e-m+fp/hard\libc.a(lib_a-calloc.o)
 .debug_frame   0x00000544       0x2c c:/program files (x86)/gnu arm embedded toolchain/10 2021.10/bin/../lib/gcc/arm-none-eabi/10.3.1/../../../../arm-none-eabi/lib/thumb/v7e-m+fp/hard\libc.a(lib_a-callocr.o)
 .debug_frame   0x00000570       0x20 c:/program files (x86)/gnu arm embedded toolchain/10 2021.10/bin/../lib/gcc/arm-none-eabi/10.3.1/../../../../arm-none-eabi/lib/thumb/v7e-m+fp/hard\libc.a(lib_a-errno.o)
 .debug_frame   0x00000590       0x70 c:/program files (x86)/gnu arm embedded toolchain/10 2021.10/bin/../lib/gcc/arm-none-eabi/10.3.1/../../../../arm-none-eabi/lib/thumb/v7e-m+fp/hard\libc.a(lib_a-fflush.o)
 .debug_frame   0x00000600      0x154 c:/program files (x86)/gnu arm embedded toolchain/10 2021.10/bin/../lib/gcc/arm-none-eabi/10.3.1/../../../../arm-none-eabi/lib/thumb/v7e-m+fp/hard\libc.a(lib_a-findfp.o)
 .debug_frame   0x00000754       0x8c c:/program files (x86)/gnu arm embedded toolchain/10 2021.10/bin/../lib/gcc/arm-none-eabi/10.3.1/../../../../arm-none-eabi/lib/thumb/v7e-m+fp/hard\libc.a(lib_a-freer.o)
 .debug_frame   0x000007e0       0x54 c:/program files (x86)/gnu arm embedded toolchain/10 2021.10/bin/../lib/gcc/arm-none-eabi/10.3.1/../../../../arm-none-eabi/lib/thumb/v7e-m+fp/hard\libc.a(lib_a-fwalk.o)
 .debug_frame   0x00000834       0xb0 c:/program files (x86)/gnu arm embedded toolchain/10 2021.10/bin/../lib/gcc/arm-none-eabi/10.3.1/../../../../arm-none-eabi/lib/thumb/v7e-m+fp/hard\libc.a(lib_a-lock.o)
 .debug_frame   0x000008e4       0x30 c:/program files (x86)/gnu arm embedded toolchain/10 2021.10/bin/../lib/gcc/arm-none-eabi/10.3.1/../../../../arm-none-eabi/lib/thumb/v7e-m+fp/hard\libc.a(lib_a-malloc.o)
 .debug_frame   0x00000914       0x4c c:/program files (x86)/gnu arm embedded toolchain/10 2021.10/bin/../lib/gcc/arm-none-eabi/10.3.1/../../../../arm-none-eabi/lib/thumb/v7e-m+fp/hard\libc.a(lib_a-mallocr.o)
 .debug_frame   0x00000960       0x2c c:/program files (x86)/gnu arm embedded toolchain/10 2021.10/bin/../lib/gcc/arm-none-eabi/10.3.1/../../../../arm-none-eabi/lib/thumb/v7e-m+fp/hard\libc.a(lib_a-memcmp.o)
 .debug_frame   0x0000098c       0x2c c:/program files (x86)/gnu arm embedded toolchain/10 2021.10/bin/../lib/gcc/arm-none-eabi/10.3.1/../../../../arm-none-eabi/lib/thumb/v7e-m+fp/hard\libc.a(lib_a-memset.o)
 .debug_frame   0x000009b8       0x30 c:/program files (x86)/gnu arm embedded toolchain/10 2021.10/bin/../lib/gcc/arm-none-eabi/10.3.1/../../../../arm-none-eabi/lib/thumb/v7e-m+fp/hard\libc.a(lib_a-mlock.o)
 .debug_frame   0x000009e8       0x8c c:/program files (x86)/gnu arm embedded toolchain/10 2021.10/bin/../lib/gcc/arm-none-eabi/10.3.1/../../../../arm-none-eabi/lib/thumb/v7e-m+fp/hard\libc.a(lib_a-mstats.o)
 .debug_frame   0x00000a74       0x74 c:/program files (x86)/gnu arm embedded toolchain/10 2021.10/bin/../lib/gcc/arm-none-eabi/10.3.1/../../../../arm-none-eabi/lib/thumb/v7e-m+fp/hard\libc.a(lib_a-printf.o)
 .debug_frame   0x00000ae8       0x30 c:/program files (x86)/gnu arm embedded toolchain/10 2021.10/bin/../lib/gcc/arm-none-eabi/10.3.1/../../../../arm-none-eabi/lib/thumb/v7e-m+fp/hard\libc.a(lib_a-putchar.o)
 .debug_frame   0x00000b18       0x4c c:/program files (x86)/gnu arm embedded toolchain/10 2021.10/bin/../lib/gcc/arm-none-eabi/10.3.1/../../../../arm-none-eabi/lib/thumb/v7e-m+fp/hard\libc.a(lib_a-puts.o)
 .debug_frame   0x00000b64       0x2c c:/program files (x86)/gnu arm embedded toolchain/10 2021.10/bin/../lib/gcc/arm-none-eabi/10.3.1/../../../../arm-none-eabi/lib/thumb/v7e-m+fp/hard\libc.a(lib_a-sbrkr.o)
 .debug_frame   0x00000b90       0x94 c:/program files (x86)/gnu arm embedded toolchain/10 2021.10/bin/../lib/gcc/arm-none-eabi/10.3.1/../../../../arm-none-eabi/lib/thumb/v7e-m+fp/hard\libc.a(lib_a-snprintf.o)
 .debug_frame   0x00000c24       0x8c c:/program files (x86)/gnu arm embedded toolchain/10 2021.10/bin/../lib/gcc/arm-none-eabi/10.3.1/../../../../arm-none-eabi/lib/thumb/v7e-m+fp/hard\libc.a(lib_a-stdio.o)
 .debug_frame   0x00000cb0       0x68 c:/program files (x86)/gnu arm embedded toolchain/10 2021.10/bin/../lib/gcc/arm-none-eabi/10.3.1/../../../../arm-none-eabi/lib/thumb/v7e-m+fp/hard\libc.a(lib_a-strcmp.o)
 .debug_frame   0x00000d18       0x38 c:/program files (x86)/gnu arm embedded toolchain/10 2021.10/bin/../lib/gcc/arm-none-eabi/10.3.1/../../../../arm-none-eabi/lib/thumb/v7e-m+fp/hard\libc.a(lib_a-strncmp.o)
 .debug_frame   0x00000d50       0x20 c:/program files (x86)/gnu arm embedded toolchain/10 2021.10/bin/../lib/gcc/arm-none-eabi/10.3.1/../../../../arm-none-eabi/lib/thumb/v7e-m+fp/hard\libc.a(lib_a-strnlen.o)
 .debug_frame   0x00000d70       0x20 c:/program files (x86)/gnu arm embedded toolchain/10 2021.10/bin/../lib/gcc/arm-none-eabi/10.3.1/../../../../arm-none-eabi/lib/thumb/v7e-m+fp/hard\libc.a(lib_a-strtok.o)
 .debug_frame   0x00000d90       0x50 c:/program files (x86)/gnu arm embedded toolchain/10 2021.10/bin/../lib/gcc/arm-none-eabi/10.3.1/../../../../arm-none-eabi/lib/thumb/v7e-m+fp/hard\libc.a(lib_a-strtok_r.o)
 .debug_frame   0x00000de0       0x80 c:/program files (x86)/gnu arm embedded toolchain/10 2021.10/bin/../lib/gcc/arm-none-eabi/10.3.1/../../../../arm-none-eabi/lib/thumb/v7e-m+fp/hard\libc.a(lib_a-strtol.o)
 .debug_frame   0x00000e60       0x7c c:/program files (x86)/gnu arm embedded toolchain/10 2021.10/bin/../lib/gcc/arm-none-eabi/10.3.1/../../../../arm-none-eabi/lib/thumb/v7e-m+fp/hard\libc.a(lib_a-strtoul.o)
 .debug_frame   0x00000edc       0x7c c:/program files (x86)/gnu arm embedded toolchain/10 2021.10/bin/../lib/gcc/arm-none-eabi/10.3.1/../../../../arm-none-eabi/lib/thumb/v7e-m+fp/hard\libc.a(lib_a-svfprintf.o)
 .debug_frame   0x00000f58       0xe4 c:/program files (x86)/gnu arm embedded toolchain/10 2021.10/bin/../lib/gcc/arm-none-eabi/10.3.1/../../../../arm-none-eabi/lib/thumb/v7e-m+fp/hard\libc.a(lib_a-vfprintf.o)
 .debug_frame   0x0000103c       0x2c c:/program files (x86)/gnu arm embedded toolchain/10 2021.10/bin/../lib/gcc/arm-none-eabi/10.3.1/../../../../arm-none-eabi/lib/thumb/v7e-m+fp/hard\libc.a(lib_a-writer.o)
 .debug_frame   0x00001068       0x2c c:/program files (x86)/gnu arm embedded toolchain/10 2021.10/bin/../lib/gcc/arm-none-eabi/10.3.1/../../../../arm-none-eabi/lib/thumb/v7e-m+fp/hard\libc.a(lib_a-wsetup.o)
 .debug_frame   0x00001094       0x2c c:/program files (x86)/gnu arm embedded toolchain/10 2021.10/bin/../lib/gcc/arm-none-eabi/10.3.1/../../../../arm-none-eabi/lib/thumb/v7e-m+fp/hard\libc.a(lib_a-closer.o)
 .debug_frame   0x000010c0       0xdc c:/program files (x86)/gnu arm embedded toolchain/10 2021.10/bin/../lib/gcc/arm-none-eabi/10.3.1/../../../../arm-none-eabi/lib/thumb/v7e-m+fp/hard\libc.a(lib_a-dtoa.o)
 .debug_frame   0x0000119c       0x3c c:/program files (x86)/gnu arm embedded toolchain/10 2021.10/bin/../lib/gcc/arm-none-eabi/10.3.1/../../../../arm-none-eabi/lib/thumb/v7e-m+fp/hard\libc.a(lib_a-fclose.o)
 .debug_frame   0x000011d8       0x70 c:/program files (x86)/gnu arm embedded toolchain/10 2021.10/bin/../lib/gcc/arm-none-eabi/10.3.1/../../../../arm-none-eabi/lib/thumb/v7e-m+fp/hard\libc.a(lib_a-fiprintf.o)
 .debug_frame   0x00001248       0x64 c:/program files (x86)/gnu arm embedded toolchain/10 2021.10/bin/../lib/gcc/arm-none-eabi/10.3.1/../../../../arm-none-eabi/lib/thumb/v7e-m+fp/hard\libc.a(lib_a-fvwrite.o)
 .debug_frame   0x000012ac       0x40 c:/program files (x86)/gnu arm embedded toolchain/10 2021.10/bin/../lib/gcc/arm-none-eabi/10.3.1/../../../../arm-none-eabi/lib/thumb/v7e-m+fp/hard\libc.a(lib_a-localeconv.o)
 .debug_frame   0x000012ec       0x2c c:/program files (x86)/gnu arm embedded toolchain/10 2021.10/bin/../lib/gcc/arm-none-eabi/10.3.1/../../../../arm-none-eabi/lib/thumb/v7e-m+fp/hard\libc.a(lib_a-lseekr.o)
 .debug_frame   0x00001318       0x70 c:/program files (x86)/gnu arm embedded toolchain/10 2021.10/bin/../lib/gcc/arm-none-eabi/10.3.1/../../../../arm-none-eabi/lib/thumb/v7e-m+fp/hard\libc.a(lib_a-makebuf.o)
 .debug_frame   0x00001388       0x44 c:/program files (x86)/gnu arm embedded toolchain/10 2021.10/bin/../lib/gcc/arm-none-eabi/10.3.1/../../../../arm-none-eabi/lib/thumb/v7e-m+fp/hard\libc.a(lib_a-mallinfor.o)
 .debug_frame   0x000013cc       0x40 c:/program files (x86)/gnu arm embedded toolchain/10 2021.10/bin/../lib/gcc/arm-none-eabi/10.3.1/../../../../arm-none-eabi/lib/thumb/v7e-m+fp/hard\libc.a(lib_a-memmove.o)
 .debug_frame   0x0000140c      0x280 c:/program files (x86)/gnu arm embedded toolchain/10 2021.10/bin/../lib/gcc/arm-none-eabi/10.3.1/../../../../arm-none-eabi/lib/thumb/v7e-m+fp/hard\libc.a(lib_a-mprec.o)
 .debug_frame   0x0000168c       0x48 c:/program files (x86)/gnu arm embedded toolchain/10 2021.10/bin/../lib/gcc/arm-none-eabi/10.3.1/../../../../arm-none-eabi/lib/thumb/v7e-m+fp/hard\libc.a(lib_a-putc.o)
 .debug_frame   0x000016d4       0x2c c:/program files (x86)/gnu arm embedded toolchain/10 2021.10/bin/../lib/gcc/arm-none-eabi/10.3.1/../../../../arm-none-eabi/lib/thumb/v7e-m+fp/hard\libc.a(lib_a-readr.o)
 .debug_frame   0x00001700       0x48 c:/program files (x86)/gnu arm embedded toolchain/10 2021.10/bin/../lib/gcc/arm-none-eabi/10.3.1/../../../../arm-none-eabi/lib/thumb/v7e-m+fp/hard\libc.a(lib_a-reallocr.o)
 .debug_frame   0x00001748       0x64 c:/program files (x86)/gnu arm embedded toolchain/10 2021.10/bin/../lib/gcc/arm-none-eabi/10.3.1/../../../../arm-none-eabi/lib/thumb/v7e-m+fp/hard\libc.a(lib_a-reent.o)
 .debug_frame   0x000017ac       0x2c c:/program files (x86)/gnu arm embedded toolchain/10 2021.10/bin/../lib/gcc/arm-none-eabi/10.3.1/../../../../arm-none-eabi/lib/thumb/v7e-m+fp/hard\libc.a(lib_a-s_frexp.o)
 .debug_frame   0x000017d8       0x2c c:/program files (x86)/gnu arm embedded toolchain/10 2021.10/bin/../lib/gcc/arm-none-eabi/10.3.1/../../../../arm-none-eabi/lib/thumb/v7e-m+fp/hard\libc.a(lib_a-strncpy.o)
 .debug_frame   0x00001804       0x88 c:/program files (x86)/gnu arm embedded toolchain/10 2021.10/bin/../lib/gcc/arm-none-eabi/10.3.1/../../../../arm-none-eabi/lib/thumb/v7e-m+fp/hard\libc.a(lib_a-svfiprintf.o)
 .debug_frame   0x0000188c       0xf4 c:/program files (x86)/gnu arm embedded toolchain/10 2021.10/bin/../lib/gcc/arm-none-eabi/10.3.1/../../../../arm-none-eabi/lib/thumb/v7e-m+fp/hard\libc.a(lib_a-vfiprintf.o)
 .debug_frame   0x00001980       0x4c c:/program files (x86)/gnu arm embedded toolchain/10 2021.10/bin/../lib/gcc/arm-none-eabi/10.3.1/../../../../arm-none-eabi/lib/thumb/v7e-m+fp/hard\libc.a(lib_a-wbuf.o)
 .debug_frame   0x000019cc       0x40 c:/program files (x86)/gnu arm embedded toolchain/10 2021.10/bin/../lib/gcc/arm-none-eabi/10.3.1/../../../../arm-none-eabi/lib/thumb/v7e-m+fp/hard\libc.a(lib_a-assert.o)
 .debug_frame   0x00001a0c       0x8c c:/program files (x86)/gnu arm embedded toolchain/10 2021.10/bin/../lib/gcc/arm-none-eabi/10.3.1/../../../../arm-none-eabi/lib/thumb/v7e-m+fp/hard\libc.a(lib_a-fputwc.o)
 .debug_frame   0x00001a98       0x2c c:/program files (x86)/gnu arm embedded toolchain/10 2021.10/bin/../lib/gcc/arm-none-eabi/10.3.1/../../../../arm-none-eabi/lib/thumb/v7e-m+fp/hard\libc.a(lib_a-fstatr.o)
 .debug_frame   0x00001ac4       0x2c c:/program files (x86)/gnu arm embedded toolchain/10 2021.10/bin/../lib/gcc/arm-none-eabi/10.3.1/../../../../arm-none-eabi/lib/thumb/v7e-m+fp/hard\libc.a(lib_a-isattyr.o)
 .debug_frame   0x00001af0       0x68 c:/program files (x86)/gnu arm embedded toolchain/10 2021.10/bin/../lib/gcc/arm-none-eabi/10.3.1/../../../../arm-none-eabi/lib/thumb/v7e-m+fp/hard\libc.a(lib_a-locale.o)
 .debug_frame   0x00001b58       0x4c c:/program files (x86)/gnu arm embedded toolchain/10 2021.10/bin/../lib/gcc/arm-none-eabi/10.3.1/../../../../arm-none-eabi/lib/thumb/v7e-m+fp/hard\libc.a(lib_a-mbtowc_r.o)
 .debug_frame   0x00001ba4       0x60 c:/program files (x86)/gnu arm embedded toolchain/10 2021.10/bin/../lib/gcc/arm-none-eabi/10.3.1/../../../../arm-none-eabi/lib/thumb/v7e-m+fp/hard\libc.a(lib_a-wcrtomb.o)
 .debug_frame   0x00001c04       0x3c c:/program files (x86)/gnu arm embedded toolchain/10 2021.10/bin/../lib/gcc/arm-none-eabi/10.3.1/../../../../arm-none-eabi/lib/thumb/v7e-m+fp/hard\libc.a(lib_a-wctomb_r.o)
 .debug_frame   0x00001c40       0x28 c:/program files (x86)/gnu arm embedded toolchain/10 2021.10/bin/../lib/gcc/arm-none-eabi/10.3.1/../../../../arm-none-eabi/lib/thumb/v7e-m+fp/hard\libc.a(lib_a-abort.o)
 .debug_frame   0x00001c68      0x114 c:/program files (x86)/gnu arm embedded toolchain/10 2021.10/bin/../lib/gcc/arm-none-eabi/10.3.1/../../../../arm-none-eabi/lib/thumb/v7e-m+fp/hard\libc.a(lib_a-signal.o)
 .debug_frame   0x00001d7c       0x3c c:/program files (x86)/gnu arm embedded toolchain/10 2021.10/bin/../lib/gcc/arm-none-eabi/10.3.1/../../../../arm-none-eabi/lib/thumb/v7e-m+fp/hard\libc.a(lib_a-signalr.o)
 .debug_frame   0x00001db8       0x20 c:/program files (x86)/gnu arm embedded toolchain/10 2021.10/bin/../lib/gcc/arm-none-eabi/10.3.1/../../../../arm-none-eabi/lib/thumb/v7e-m+fp/hard\libnosys.a(close.o)
 .debug_frame   0x00001dd8       0x20 c:/program files (x86)/gnu arm embedded toolchain/10 2021.10/bin/../lib/gcc/arm-none-eabi/10.3.1/../../../../arm-none-eabi/lib/thumb/v7e-m+fp/hard\libnosys.a(fstat.o)
 .debug_frame   0x00001df8       0x20 c:/program files (x86)/gnu arm embedded toolchain/10 2021.10/bin/../lib/gcc/arm-none-eabi/10.3.1/../../../../arm-none-eabi/lib/thumb/v7e-m+fp/hard\libnosys.a(getpid.o)
 .debug_frame   0x00001e18       0x20 c:/program files (x86)/gnu arm embedded toolchain/10 2021.10/bin/../lib/gcc/arm-none-eabi/10.3.1/../../../../arm-none-eabi/lib/thumb/v7e-m+fp/hard\libnosys.a(isatty.o)
 .debug_frame   0x00001e38       0x20 c:/program files (x86)/gnu arm embedded toolchain/10 2021.10/bin/../lib/gcc/arm-none-eabi/10.3.1/../../../../arm-none-eabi/lib/thumb/v7e-m+fp/hard\libnosys.a(kill.o)
 .debug_frame   0x00001e58       0x20 c:/program files (x86)/gnu arm embedded toolchain/10 2021.10/bin/../lib/gcc/arm-none-eabi/10.3.1/../../../../arm-none-eabi/lib/thumb/v7e-m+fp/hard\libnosys.a(lseek.o)
 .debug_frame   0x00001e78       0x20 c:/program files (x86)/gnu arm embedded toolchain/10 2021.10/bin/../lib/gcc/arm-none-eabi/10.3.1/../../../../arm-none-eabi/lib/thumb/v7e-m+fp/hard\libnosys.a(_exit.o)
 .debug_frame   0x00001e98       0x20 c:/program files (x86)/gnu arm embedded toolchain/10 2021.10/bin/../lib/gcc/arm-none-eabi/10.3.1/../../../../arm-none-eabi/lib/thumb/v7e-m+fp/hard\libsupc++.a(atexit_arm.o)

.debug_str      0x00000000      0x500
 *(.debug_str)
 .debug_str     0x00000000      0x500 C:/Repo_Licenta/UWB/DWM1001_on_board_package_R2.0/dwm/examples/dwm-simple/output/compiler/dwm-simple.o
                                0x573 (size before relaxing)

.debug_loc
 *(.debug_loc)

.debug_macinfo
 *(.debug_macinfo)

.note.arm.ident
 *(.note.arm.ident)

/DISCARD/
 *(.fini_array*)

.rom_vectors    0x00044000        0x8
                0x00044000                __rom_vectors_vma = ABSOLUTE (.)
                0x00044000                . = .
 *(.vectors)
 .vectors       0x00044000        0x8 C:/Repo_Licenta/UWB/DWM1001_on_board_package_R2.0/dwm/examples/dwm-simple/../../lib\vectors.o
                0x00044000                __rom_vectors_lma = LOADADDR (.rom_vectors)

.rel.text
 *(.rel.text)
 *(.rel.text.*)
 *(.rel.gnu.linkonce.t*)

.rela.text
 *(.rela.text)
 *(.rela.text.*)
 *(.rela.gnu.linkonce.t*)

.rel.data
 *(.rel.data)
 *(.rel.data.*)
 *(.rel.gnu.linkonce.d*)

.rela.data
 *(.rela.data)
 *(.rela.data.*)
 *(.rela.gnu.linkonce.d*)

.rel.rodata
 *(.rel.rodata)
 *(.rel.rodata.*)
 *(.rel.gnu.linkonce.r*)

.rela.rodata
 *(.rela.rodata)
 *(.rela.rodata.*)
 *(.rela.gnu.linkonce.r*)

.rel.got
 *(.rel.got)

.rela.got
 *(.rela.got)

.rel.ctors
 *(.rel.ctors)

.rela.ctors
 *(.rela.ctors)

.rel.dtors
 *(.rel.dtors)

.rela.dtors
 *(.rela.dtors)

.rel.init
 *(.rel.init)

.rela.init
 *(.rela.init)

.rel.fini
 *(.rel.fini)

.rela.fini
 *(.rela.fini)

.rel.bss
 *(.rel.bss)

.rela.bss
 *(.rela.bss)

.rel.plt
 *(.rel.plt)

.rela.plt
 *(.rela.plt)

.rel.dyn        0x00044008        0x0
 *(.rel.dyn)
 .rel.iplt      0x00044008        0x0 C:/Repo_Licenta/UWB/DWM1001_on_board_package_R2.0/dwm/examples/dwm-simple/../../lib\vectors.o

.ARM.extab      0x00044008        0x0
                [!provide]                PROVIDE (__stext = ABSOLUTE (.))
                0x00044008                _stext = ABSOLUTE (.)
                0x00044008                . = .
 *(.ARM.extab* .gnu.linkonce.armextab.*)
                0x00044008                . = ALIGN (0x8)
                0x00044008                __exidx_start = ABSOLUTE (.)

.ARM.exidx      0x00044008        0x8
 *(.ARM.exidx* .gnu.linkonce.armexidx.*)
 .ARM.exidx     0x00044008        0x8 c:/program files (x86)/gnu arm embedded toolchain/10 2021.10/bin/../lib/gcc/arm-none-eabi/10.3.1/thumb/v7e-m+fp/hard\libgcc.a(_udivmoddi4.o)
 .ARM.exidx.text.__aeabi_atexit
                0x00044010        0x0 c:/program files (x86)/gnu arm embedded toolchain/10 2021.10/bin/../lib/gcc/arm-none-eabi/10.3.1/../../../../arm-none-eabi/lib/thumb/v7e-m+fp/hard\libsupc++.a(atexit_arm.o)
                                  0x8 (size before relaxing)
                0x00044010                . = .
                0x00044010                __exidx_end = ABSOLUTE (.)

.text           0x00044010    0x2eafc
 *(.text*)
 .text          0x00044010       0xec C:/Repo_Licenta/UWB/DWM1001_on_board_package_R2.0/dwm/examples/dwm-simple/../../lib\vectors.o
                0x00044010                reset_vector
                0x0004401c                hal_switch_state_vsr
                0x0004403c                hal_default_exception_vsr
                0x0004406e                hal_default_interrupt_vsr
                0x00044082                hal_pendable_svc_vsr
                0x000440a8                hal_interrupt_end_done
                0x000440ac                hal_interrupt_end_vsr
                0x000440ba                hal_call_dsrs_vsr
                0x000440be                hal_default_svc_vsr
                0x000440cc                hal_usagefault_exception_vsr
                0x000440f4                hal_boot_jump_asm
 .text.on_dwm_evt
                0x000440fc      0x1a8 C:/Repo_Licenta/UWB/DWM1001_on_board_package_R2.0/dwm/examples/dwm-simple/output/compiler/dwm-simple.o
                0x000440fc                on_dwm_evt
 .text.app_thread_entry
                0x000442a4      0x22c C:/Repo_Licenta/UWB/DWM1001_on_board_package_R2.0/dwm/examples/dwm-simple/output/compiler/dwm-simple.o
                0x000442a4                app_thread_entry
 .text.dwm_user_start
                0x000444d0       0x58 C:/Repo_Licenta/UWB/DWM1001_on_board_package_R2.0/dwm/examples/dwm-simple/output/compiler/dwm-simple.o
                0x000444d0                dwm_user_start
 .text.user_thread_create
                0x00044528       0x84 C:/Repo_Licenta/UWB/DWM1001_on_board_package_R2.0/dwm/examples/dwm-simple/../../lib/dwm.o
                0x00044528                user_thread_create
 .text.user_thread_resume
                0x000445ac       0x38 C:/Repo_Licenta/UWB/DWM1001_on_board_package_R2.0/dwm/examples/dwm-simple/../../lib/dwm.o
                0x000445ac                user_thread_resume
 .text.dwm_shell_add_commands
                0x000445e4       0x6c C:/Repo_Licenta/UWB/DWM1001_on_board_package_R2.0/dwm/examples/dwm-simple/../../lib/dwm.o
                0x000445e4                dwm_shell_add_commands
 .text.cyg_user_start
                0x00044650      0x13c C:/Repo_Licenta/UWB/DWM1001_on_board_package_R2.0/dwm/examples/dwm-simple/../../lib/dwm.o
                0x00044650                cyg_user_start
 .text.sd_ble_gap_addr_set
                0x0004478c        0x4 C:/Repo_Licenta/UWB/DWM1001_on_board_package_R2.0/dwm/examples/dwm-simple/../../lib/libdwm.a(ble-server.o)
 .text.sd_ble_gap_addr_get
                0x00044790        0x4 C:/Repo_Licenta/UWB/DWM1001_on_board_package_R2.0/dwm/examples/dwm-simple/../../lib/libdwm.a(ble-server.o)
 .text.sd_ble_gap_disconnect
                0x00044794        0x4 C:/Repo_Licenta/UWB/DWM1001_on_board_package_R2.0/dwm/examples/dwm-simple/../../lib/libdwm.a(ble-server.o)
 .text.sd_ble_gap_device_name_set
                0x00044798        0x4 C:/Repo_Licenta/UWB/DWM1001_on_board_package_R2.0/dwm/examples/dwm-simple/../../lib/libdwm.a(ble-server.o)
 .text.sd_ble_gatts_service_add
                0x0004479c        0x4 C:/Repo_Licenta/UWB/DWM1001_on_board_package_R2.0/dwm/examples/dwm-simple/../../lib/libdwm.a(ble-server.o)
 .text.sd_ble_gatts_characteristic_add
                0x000447a0        0x4 C:/Repo_Licenta/UWB/DWM1001_on_board_package_R2.0/dwm/examples/dwm-simple/../../lib/libdwm.a(ble-server.o)
 .text.sd_ble_gatts_value_set
                0x000447a4        0x4 C:/Repo_Licenta/UWB/DWM1001_on_board_package_R2.0/dwm/examples/dwm-simple/../../lib/libdwm.a(ble-server.o)
 .text.sd_ble_gatts_value_get
                0x000447a8        0x4 C:/Repo_Licenta/UWB/DWM1001_on_board_package_R2.0/dwm/examples/dwm-simple/../../lib/libdwm.a(ble-server.o)
 .text.sd_ble_gatts_hvx
                0x000447ac        0x4 C:/Repo_Licenta/UWB/DWM1001_on_board_package_R2.0/dwm/examples/dwm-simple/../../lib/libdwm.a(ble-server.o)
 .text.sd_ble_gatts_exchange_mtu_reply
                0x000447b0        0x4 C:/Repo_Licenta/UWB/DWM1001_on_board_package_R2.0/dwm/examples/dwm-simple/../../lib/libdwm.a(ble-server.o)
 .text.sd_ble_tx_packet_count_get
                0x000447b4        0x4 C:/Repo_Licenta/UWB/DWM1001_on_board_package_R2.0/dwm/examples/dwm-simple/../../lib/libdwm.a(ble-server.o)
 .text.sd_ble_uuid_vs_add
                0x000447b8        0x4 C:/Repo_Licenta/UWB/DWM1001_on_board_package_R2.0/dwm/examples/dwm-simple/../../lib/libdwm.a(ble-server.o)
 .text.NVIC_SystemReset
                0x000447bc       0x24 C:/Repo_Licenta/UWB/DWM1001_on_board_package_R2.0/dwm/examples/dwm-simple/../../lib/libdwm.a(ble-server.o)
 .text.sd_clock_hfclk_release
                0x000447e0        0x4 C:/Repo_Licenta/UWB/DWM1001_on_board_package_R2.0/dwm/examples/dwm-simple/../../lib/libdwm.a(ble-server.o)
 .text.sd_clock_hfclk_is_running
                0x000447e4        0x4 C:/Repo_Licenta/UWB/DWM1001_on_board_package_R2.0/dwm/examples/dwm-simple/../../lib/libdwm.a(ble-server.o)
 .text.sd_softdevice_disable
                0x000447e8        0x4 C:/Repo_Licenta/UWB/DWM1001_on_board_package_R2.0/dwm/examples/dwm-simple/../../lib/libdwm.a(ble-server.o)
 .text.conn_params_error_handler
                0x000447ec        0x2 C:/Repo_Licenta/UWB/DWM1001_on_board_package_R2.0/dwm/examples/dwm-simple/../../lib/libdwm.a(ble-server.o)
 *fill*         0x000447ee        0x2 
 .text.opt_flag_set
                0x000447f0       0x18 C:/Repo_Licenta/UWB/DWM1001_on_board_package_R2.0/dwm/examples/dwm-simple/../../lib/libdwm.a(ble-server.o)
 .text.opt_flag_clear
                0x00044808       0x18 C:/Repo_Licenta/UWB/DWM1001_on_board_package_R2.0/dwm/examples/dwm-simple/../../lib/libdwm.a(ble-server.o)
 .text.ch_read  0x00044820       0x24 C:/Repo_Licenta/UWB/DWM1001_on_board_package_R2.0/dwm/examples/dwm-simple/../../lib/libdwm.a(ble-server.o)
 .text.ch_write
                0x00044844       0x16 C:/Repo_Licenta/UWB/DWM1001_on_board_package_R2.0/dwm/examples/dwm-simple/../../lib/libdwm.a(ble-server.o)
 *fill*         0x0004485a        0x2 
 .text._ble_mac_stat_set
                0x0004485c       0x40 C:/Repo_Licenta/UWB/DWM1001_on_board_package_R2.0/dwm/examples/dwm-simple/../../lib/libdwm.a(ble-server.o)
 .text.advertising_counter_inc
                0x0004489c       0x30 C:/Repo_Licenta/UWB/DWM1001_on_board_package_R2.0/dwm/examples/dwm-simple/../../lib/libdwm.a(ble-server.o)
 .text._ble_pan_id_set
                0x000448cc       0x38 C:/Repo_Licenta/UWB/DWM1001_on_board_package_R2.0/dwm/examples/dwm-simple/../../lib/libdwm.a(ble-server.o)
 .text.ble_pm_suspend
                0x00044904       0x38 C:/Repo_Licenta/UWB/DWM1001_on_board_package_R2.0/dwm/examples/dwm-simple/../../lib/libdwm.a(ble-server.o)
 .text.on_advertising_evt
                0x0004493c        0x8 C:/Repo_Licenta/UWB/DWM1001_on_board_package_R2.0/dwm/examples/dwm-simple/../../lib/libdwm.a(ble-server.o)
 .text._ble_addr_set
                0x00044944       0x18 C:/Repo_Licenta/UWB/DWM1001_on_board_package_R2.0/dwm/examples/dwm-simple/../../lib/libdwm.a(ble-server.o)
 .text._add_shell_cmds
                0x0004495c       0x10 C:/Repo_Licenta/UWB/DWM1001_on_board_package_R2.0/dwm/examples/dwm-simple/../../lib/libdwm.a(ble-server.o)
 .text.uwbmac_cb
                0x0004496c       0xc8 C:/Repo_Licenta/UWB/DWM1001_on_board_package_R2.0/dwm/examples/dwm-simple/../../lib/libdwm.a(ble-server.o)
 .text.ch_notify
                0x00044a34       0x44 C:/Repo_Licenta/UWB/DWM1001_on_board_package_R2.0/dwm/examples/dwm-simple/../../lib/libdwm.a(ble-server.o)
 .text.fwup_resp_notify
                0x00044a78       0x50 C:/Repo_Licenta/UWB/DWM1001_on_board_package_R2.0/dwm/examples/dwm-simple/../../lib/libdwm.a(ble-server.o)
 .text.encode_dist.part.1
                0x00044ac8       0x62 C:/Repo_Licenta/UWB/DWM1001_on_board_package_R2.0/dwm/examples/dwm-simple/../../lib/libdwm.a(ble-server.o)
 *fill*         0x00044b2a        0x2 
 .text._ble_proxy_set
                0x00044b2c       0x90 C:/Repo_Licenta/UWB/DWM1001_on_board_package_R2.0/dwm/examples/dwm-simple/../../lib/libdwm.a(ble-server.o)
                0x00044b2c                _ble_proxy_set
 .text._ble_label_set
                0x00044bbc       0x30 C:/Repo_Licenta/UWB/DWM1001_on_board_package_R2.0/dwm/examples/dwm-simple/../../lib/libdwm.a(ble-server.o)
                0x00044bbc                _ble_label_set
 .text._ble_ur_set
                0x00044bec       0x50 C:/Repo_Licenta/UWB/DWM1001_on_board_package_R2.0/dwm/examples/dwm-simple/../../lib/libdwm.a(ble-server.o)
 .text.on_conn_params_evt
                0x00044c3c       0x68 C:/Repo_Licenta/UWB/DWM1001_on_board_package_R2.0/dwm/examples/dwm-simple/../../lib/libdwm.a(ble-server.o)
 .text._ble_an_list_set
                0x00044ca4       0x58 C:/Repo_Licenta/UWB/DWM1001_on_board_package_R2.0/dwm/examples/dwm-simple/../../lib/libdwm.a(ble-server.o)
 .text._ble_mac_cl_info_set
                0x00044cfc       0x48 C:/Repo_Licenta/UWB/DWM1001_on_board_package_R2.0/dwm/examples/dwm-simple/../../lib/libdwm.a(ble-server.o)
 .text._ble_addr_get
                0x00044d44       0x48 C:/Repo_Licenta/UWB/DWM1001_on_board_package_R2.0/dwm/examples/dwm-simple/../../lib/libdwm.a(ble-server.o)
 .text._ble_stop
                0x00044d8c       0x20 C:/Repo_Licenta/UWB/DWM1001_on_board_package_R2.0/dwm/examples/dwm-simple/../../lib/libdwm.a(ble-server.o)
 .text.ble_register_wakeup_button
                0x00044dac       0x28 C:/Repo_Licenta/UWB/DWM1001_on_board_package_R2.0/dwm/examples/dwm-simple/../../lib/libdwm.a(ble-server.o)
 .text._ble_start
                0x00044dd4       0x4a C:/Repo_Licenta/UWB/DWM1001_on_board_package_R2.0/dwm/examples/dwm-simple/../../lib/libdwm.a(ble-server.o)
 .text.ch_uuid_vs_add.isra.22
                0x00044e1e       0xee C:/Repo_Licenta/UWB/DWM1001_on_board_package_R2.0/dwm/examples/dwm-simple/../../lib/libdwm.a(ble-server.o)
 .text.on_advertising_error
                0x00044f0c        0x2 C:/Repo_Licenta/UWB/DWM1001_on_board_package_R2.0/dwm/examples/dwm-simple/../../lib/libdwm.a(ble-server.o)
 .text.gpio_ble_wakeup_intr
                0x00044f0e       0x1e C:/Repo_Licenta/UWB/DWM1001_on_board_package_R2.0/dwm/examples/dwm-simple/../../lib/libdwm.a(ble-server.o)
 .text.ble_uuid128_service_get
                0x00044f2c        0x8 C:/Repo_Licenta/UWB/DWM1001_on_board_package_R2.0/dwm/examples/dwm-simple/../../lib/libdwm.a(ble-server.o)
                0x00044f2c                ble_uuid128_service_get
 .text.ble_adv_is_enabled
                0x00044f34        0xc C:/Repo_Licenta/UWB/DWM1001_on_board_package_R2.0/dwm/examples/dwm-simple/../../lib/libdwm.a(ble-server.o)
                0x00044f34                ble_adv_is_enabled
 .text.ble_add_shell_cmds
                0x00044f40       0x10 C:/Repo_Licenta/UWB/DWM1001_on_board_package_R2.0/dwm/examples/dwm-simple/../../lib/libdwm.a(ble-server.o)
                0x00044f40                ble_add_shell_cmds
 .text.ble_start
                0x00044f50       0x10 C:/Repo_Licenta/UWB/DWM1001_on_board_package_R2.0/dwm/examples/dwm-simple/../../lib/libdwm.a(ble-server.o)
                0x00044f50                ble_start
 .text.ble_stop
                0x00044f60       0x10 C:/Repo_Licenta/UWB/DWM1001_on_board_package_R2.0/dwm/examples/dwm-simple/../../lib/libdwm.a(ble-server.o)
                0x00044f60                ble_stop
 .text.ble_req_stop
                0x00044f70       0x10 C:/Repo_Licenta/UWB/DWM1001_on_board_package_R2.0/dwm/examples/dwm-simple/../../lib/libdwm.a(ble-server.o)
                0x00044f70                ble_req_stop
 .text.ble_stop_is_needed
                0x00044f80        0xc C:/Repo_Licenta/UWB/DWM1001_on_board_package_R2.0/dwm/examples/dwm-simple/../../lib/libdwm.a(ble-server.o)
                0x00044f80                ble_stop_is_needed
 .text.ble_autosuspend_disable
                0x00044f8c        0xc C:/Repo_Licenta/UWB/DWM1001_on_board_package_R2.0/dwm/examples/dwm-simple/../../lib/libdwm.a(ble-server.o)
                0x00044f8c                ble_autosuspend_disable
 .text.ble_autosuspend_enable
                0x00044f98        0xc C:/Repo_Licenta/UWB/DWM1001_on_board_package_R2.0/dwm/examples/dwm-simple/../../lib/libdwm.a(ble-server.o)
                0x00044f98                ble_autosuspend_enable
 .text.ble_pos_dist_set
                0x00044fa4      0x15c C:/Repo_Licenta/UWB/DWM1001_on_board_package_R2.0/dwm/examples/dwm-simple/../../lib/libdwm.a(ble-server.o)
                0x00044fa4                ble_pos_dist_set
 .text.ble_label_set
                0x00045100       0x10 C:/Repo_Licenta/UWB/DWM1001_on_board_package_R2.0/dwm/examples/dwm-simple/../../lib/libdwm.a(ble-server.o)
                0x00045100                ble_label_set
 .text.ble_ur_set
                0x00045110       0x10 C:/Repo_Licenta/UWB/DWM1001_on_board_package_R2.0/dwm/examples/dwm-simple/../../lib/libdwm.a(ble-server.o)
                0x00045110                ble_ur_set
 .text.ble_pan_id_set
                0x00045120       0x10 C:/Repo_Licenta/UWB/DWM1001_on_board_package_R2.0/dwm/examples/dwm-simple/../../lib/libdwm.a(ble-server.o)
                0x00045120                ble_pan_id_set
 .text.ble_addr_set
                0x00045130       0x14 C:/Repo_Licenta/UWB/DWM1001_on_board_package_R2.0/dwm/examples/dwm-simple/../../lib/libdwm.a(ble-server.o)
                0x00045130                ble_addr_set
 .text.ble_addr_get
                0x00045144       0x14 C:/Repo_Licenta/UWB/DWM1001_on_board_package_R2.0/dwm/examples/dwm-simple/../../lib/libdwm.a(ble-server.o)
                0x00045144                ble_addr_get
 .text._ble_sys_info
                0x00045158       0x90 C:/Repo_Licenta/UWB/DWM1001_on_board_package_R2.0/dwm/examples/dwm-simple/../../lib/libdwm.a(ble-server.o)
 .text.ble_an_list_set
                0x000451e8       0x10 C:/Repo_Licenta/UWB/DWM1001_on_board_package_R2.0/dwm/examples/dwm-simple/../../lib/libdwm.a(ble-server.o)
                0x000451e8                ble_an_list_set
 .text.ble_mac_cl_info_set
                0x000451f8       0x10 C:/Repo_Licenta/UWB/DWM1001_on_board_package_R2.0/dwm/examples/dwm-simple/../../lib/libdwm.a(ble-server.o)
                0x000451f8                ble_mac_cl_info_set
 .text.ble_mac_stat_set
                0x00045208       0x10 C:/Repo_Licenta/UWB/DWM1001_on_board_package_R2.0/dwm/examples/dwm-simple/../../lib/libdwm.a(ble-server.o)
                0x00045208                ble_mac_stat_set
 .text.ble_proxy_set
                0x00045218       0x14 C:/Repo_Licenta/UWB/DWM1001_on_board_package_R2.0/dwm/examples/dwm-simple/../../lib/libdwm.a(ble-server.o)
                0x00045218                ble_proxy_set
 .text.ble_advertising_enable
                0x0004522c       0x60 C:/Repo_Licenta/UWB/DWM1001_on_board_package_R2.0/dwm/examples/dwm-simple/../../lib/libdwm.a(ble-server.o)
                0x0004522c                ble_advertising_enable
 .text.ble_server_on_ble_evt
                0x0004528c      0x9a4 C:/Repo_Licenta/UWB/DWM1001_on_board_package_R2.0/dwm/examples/dwm-simple/../../lib/libdwm.a(ble-server.o)
                0x0004528c                ble_server_on_ble_evt
 .text.ble_sys_info
                0x00045c30       0x10 C:/Repo_Licenta/UWB/DWM1001_on_board_package_R2.0/dwm/examples/dwm-simple/../../lib/libdwm.a(ble-server.o)
                0x00045c30                ble_sys_info
 .text.ble_compile
                0x00045c40       0xc0 C:/Repo_Licenta/UWB/DWM1001_on_board_package_R2.0/dwm/examples/dwm-simple/../../lib/libdwm.a(ble-server.o)
                0x00045c40                ble_compile
 .text.ble_server_init
                0x00045d00      0x690 C:/Repo_Licenta/UWB/DWM1001_on_board_package_R2.0/dwm/examples/dwm-simple/../../lib/libdwm.a(ble-server.o)
                0x00045d00                ble_server_init
 .text.ble_server_uninit
                0x00046390       0x2c C:/Repo_Licenta/UWB/DWM1001_on_board_package_R2.0/dwm/examples/dwm-simple/../../lib/libdwm.a(ble-server.o)
                0x00046390                ble_server_uninit
 .text.ble_srv_is_notification_enabled
                0x000463bc        0x8 C:/Repo_Licenta/UWB/DWM1001_on_board_package_R2.0/dwm/examples/dwm-simple/../../lib/libdwm.a(ble_srv_common.o)
                0x000463bc                ble_srv_is_notification_enabled
 *fill*         0x000463c4        0x4 
 .text.dw_usec_to_devt
                0x000463c8       0x20 C:/Repo_Licenta/UWB/DWM1001_on_board_package_R2.0/dwm/examples/dwm-simple/../../lib/libdwm.a(dw1000.o)
                0x000463c8                dw_usec_to_devt
 .text.dw_read_sys_time
                0x000463e8       0x40 C:/Repo_Licenta/UWB/DWM1001_on_board_package_R2.0/dwm/examples/dwm-simple/../../lib/libdwm.a(dw1000.o)
                0x000463e8                dw_read_sys_time
 .text.dw_rand  0x00046428       0x18 C:/Repo_Licenta/UWB/DWM1001_on_board_package_R2.0/dwm/examples/dwm-simple/../../lib/libdwm.a(dw1000.o)
                0x00046428                dw_rand
 .text.dw_near_timeout
                0x00046440       0x50 C:/Repo_Licenta/UWB/DWM1001_on_board_package_R2.0/dwm/examples/dwm-simple/../../lib/libdwm.a(dw1000.o)
                0x00046440                dw_near_timeout
 .text.dw_tx_reset
                0x00046490       0x3a C:/Repo_Licenta/UWB/DWM1001_on_board_package_R2.0/dwm/examples/dwm-simple/../../lib/libdwm.a(dw1000.o)
                0x00046490                dw_tx_reset
 .text.dw_buf_write
                0x000464ca       0xd4 C:/Repo_Licenta/UWB/DWM1001_on_board_package_R2.0/dwm/examples/dwm-simple/../../lib/libdwm.a(dw1000.o)
                0x000464ca                dw_buf_write
 .text.dw_buf_start
                0x0004659e       0x90 C:/Repo_Licenta/UWB/DWM1001_on_board_package_R2.0/dwm/examples/dwm-simple/../../lib/libdwm.a(dw1000.o)
                0x0004659e                dw_buf_start
 .text.dw_buf_await_send
                0x0004662e       0x54 C:/Repo_Licenta/UWB/DWM1001_on_board_package_R2.0/dwm/examples/dwm-simple/../../lib/libdwm.a(dw1000.o)
                0x0004662e                dw_buf_await_send
 .text.dw_buf_send
                0x00046682       0x1e C:/Repo_Licenta/UWB/DWM1001_on_board_package_R2.0/dwm/examples/dwm-simple/../../lib/libdwm.a(dw1000.o)
                0x00046682                dw_buf_send
 .text.dw_rx_on
                0x000466a0       0x20 C:/Repo_Licenta/UWB/DWM1001_on_board_package_R2.0/dwm/examples/dwm-simple/../../lib/libdwm.a(dw1000.o)
                0x000466a0                dw_rx_on
 .text.dw_rxto_on
                0x000466c0       0x40 C:/Repo_Licenta/UWB/DWM1001_on_board_package_R2.0/dwm/examples/dwm-simple/../../lib/libdwm.a(dw1000.o)
                0x000466c0                dw_rxto_on
 .text.dw_get_preamble_len
                0x00046700       0x18 C:/Repo_Licenta/UWB/DWM1001_on_board_package_R2.0/dwm/examples/dwm-simple/../../lib/libdwm.a(dw1000.o)
                0x00046700                dw_get_preamble_len
 .text.dw_get_frame_len
                0x00046718      0x124 C:/Repo_Licenta/UWB/DWM1001_on_board_package_R2.0/dwm/examples/dwm-simple/../../lib/libdwm.a(dw1000.o)
                0x00046718                dw_get_frame_len
 *fill*         0x0004683c        0x4 
 .text.dw_get_qf
                0x00046840      0x16c C:/Repo_Licenta/UWB/DWM1001_on_board_package_R2.0/dwm/examples/dwm-simple/../../lib/libdwm.a(dw1000.o)
                0x00046840                dw_get_qf
 *fill*         0x000469ac        0x4 
 .text.dw_get_rssi
                0x000469b0       0xb8 C:/Repo_Licenta/UWB/DWM1001_on_board_package_R2.0/dwm/examples/dwm-simple/../../lib/libdwm.a(dw1000.o)
                0x000469b0                dw_get_rssi
 .text.dw_set_ch_cfg
                0x00046a68        0xa C:/Repo_Licenta/UWB/DWM1001_on_board_package_R2.0/dwm/examples/dwm-simple/../../lib/libdwm.a(dw1000.o)
                0x00046a68                dw_set_ch_cfg
 .text.dw_set_tx_cfg
                0x00046a72       0x1a C:/Repo_Licenta/UWB/DWM1001_on_board_package_R2.0/dwm/examples/dwm-simple/../../lib/libdwm.a(dw1000.o)
                0x00046a72                dw_set_tx_cfg
 .text.dw_set_ant_tx_delay
                0x00046a8c        0x8 C:/Repo_Licenta/UWB/DWM1001_on_board_package_R2.0/dwm/examples/dwm-simple/../../lib/libdwm.a(dw1000.o)
                0x00046a8c                dw_set_ant_tx_delay
 .text.dw_get_temp
                0x00046a94       0x36 C:/Repo_Licenta/UWB/DWM1001_on_board_package_R2.0/dwm/examples/dwm-simple/../../lib/libdwm.a(dw1000.o)
                0x00046a94                dw_get_temp
 .text.dw_rsl_workaround
                0x00046aca       0x1c C:/Repo_Licenta/UWB/DWM1001_on_board_package_R2.0/dwm/examples/dwm-simple/../../lib/libdwm.a(dw1000.o)
                0x00046aca                dw_rsl_workaround
 *fill*         0x00046ae6        0x2 
 .text.dw_bw_txpwr_comp
                0x00046ae8      0x1f8 C:/Repo_Licenta/UWB/DWM1001_on_board_package_R2.0/dwm/examples/dwm-simple/../../lib/libdwm.a(dw1000.o)
                0x00046ae8                dw_bw_txpwr_comp
 .text.dw_tx_cb
                0x00046ce0       0x7c C:/Repo_Licenta/UWB/DWM1001_on_board_package_R2.0/dwm/examples/dwm-simple/../../lib/libdwm.a(dw1000.o)
                0x00046ce0                dw_tx_cb
 .text.dw_rx_cb
                0x00046d5c      0x18a C:/Repo_Licenta/UWB/DWM1001_on_board_package_R2.0/dwm/examples/dwm-simple/../../lib/libdwm.a(dw1000.o)
                0x00046d5c                dw_rx_cb
 .text.dw_sleep
                0x00046ee6       0x54 C:/Repo_Licenta/UWB/DWM1001_on_board_package_R2.0/dwm/examples/dwm-simple/../../lib/libdwm.a(dw1000.o)
                0x00046ee6                dw_sleep
 .text.dw_rxdata_read
                0x00046f3a       0x10 C:/Repo_Licenta/UWB/DWM1001_on_board_package_R2.0/dwm/examples/dwm-simple/../../lib/libdwm.a(dw1000.o)
                0x00046f3a                dw_rxdata_read
 *fill*         0x00046f4a        0x2 
 .text.dw_init  0x00046f4c       0xac C:/Repo_Licenta/UWB/DWM1001_on_board_package_R2.0/dwm/examples/dwm-simple/../../lib/libdwm.a(dw1000.o)
                0x00046f4c                dw_init
 .text.dw_set_src_addr
                0x00046ff8       0x7a C:/Repo_Licenta/UWB/DWM1001_on_board_package_R2.0/dwm/examples/dwm-simple/../../lib/libdwm.a(dw1000.o)
                0x00046ff8                dw_set_src_addr
 .text.dw_get_src_addr
                0x00047072        0xc C:/Repo_Licenta/UWB/DWM1001_on_board_package_R2.0/dwm/examples/dwm-simple/../../lib/libdwm.a(dw1000.o)
                0x00047072                dw_get_src_addr
 .text.dw_get_event
                0x0004707e       0x70 C:/Repo_Licenta/UWB/DWM1001_on_board_package_R2.0/dwm/examples/dwm-simple/../../lib/libdwm.a(dw1000.o)
                0x0004707e                dw_get_event
 *fill*         0x000470ee        0x2 
 .text.uwb_get_if
                0x000470f0       0x10 C:/Repo_Licenta/UWB/DWM1001_on_board_package_R2.0/dwm/examples/dwm-simple/../../lib/libdwm.a(dw1000.o)
                0x000470f0                uwb_get_if
 .text.dw1000_init
                0x00047100       0xd8 C:/Repo_Licenta/UWB/DWM1001_on_board_package_R2.0/dwm/examples/dwm-simple/../../lib/libdwm.a(dw1000.o)
                0x00047100                dw1000_init
 .text.dw_dump_cfg
                0x000471d8      0x278 C:/Repo_Licenta/UWB/DWM1001_on_board_package_R2.0/dwm/examples/dwm-simple/../../lib/libdwm.a(dw1000.o)
                0x000471d8                dw_dump_cfg
 .text.uwb_sys_info
                0x00047450      0x100 C:/Repo_Licenta/UWB/DWM1001_on_board_package_R2.0/dwm/examples/dwm-simple/../../lib/libdwm.a(dw1000.o)
                0x00047450                uwb_sys_info
 .text.fact     0x00047550       0x12 C:/Repo_Licenta/UWB/DWM1001_on_board_package_R2.0/dwm/examples/dwm-simple/../../lib/libdwm.a(dwm-math.o)
                0x00047550                fact
 *fill*         0x00047562        0x2 
 .text.flog10   0x00047564       0x28 C:/Repo_Licenta/UWB/DWM1001_on_board_package_R2.0/dwm/examples/dwm-simple/../../lib/libdwm.a(dwm-math.o)
                0x00047564                flog10
 .text.get_dist
                0x0004758c       0xc4 C:/Repo_Licenta/UWB/DWM1001_on_board_package_R2.0/dwm/examples/dwm-simple/../../lib/libdwm.a(dwm-math.o)
                0x0004758c                get_dist
 .text.dwm_pm_init
                0x00047650       0x34 C:/Repo_Licenta/UWB/DWM1001_on_board_package_R2.0/dwm/examples/dwm-simple/../../lib/libdwm.a(dwm.o)
 .text.uwbmac_cb
                0x00047684      0x204 C:/Repo_Licenta/UWB/DWM1001_on_board_package_R2.0/dwm/examples/dwm-simple/../../lib/libdwm.a(dwm.o)
 .text.dwm_pm_lock
                0x00047888       0x20 C:/Repo_Licenta/UWB/DWM1001_on_board_package_R2.0/dwm/examples/dwm-simple/../../lib/libdwm.a(dwm.o)
 .text.dwm_systime_us_get
                0x000478a8        0x8 C:/Repo_Licenta/UWB/DWM1001_on_board_package_R2.0/dwm/examples/dwm-simple/../../lib/libdwm.a(dwm.o)
                0x000478a8                dwm_systime_us_get
 .text.dwm_thread_create
                0x000478b0       0x20 C:/Repo_Licenta/UWB/DWM1001_on_board_package_R2.0/dwm/examples/dwm-simple/../../lib/libdwm.a(dwm.o)
                0x000478b0                dwm_thread_create
 .text.dwm_thread_resume
                0x000478d0       0x10 C:/Repo_Licenta/UWB/DWM1001_on_board_package_R2.0/dwm/examples/dwm-simple/../../lib/libdwm.a(dwm.o)
                0x000478d0                dwm_thread_resume
 .text.dwm_i2c_read
                0x000478e0       0x5a C:/Repo_Licenta/UWB/DWM1001_on_board_package_R2.0/dwm/examples/dwm-simple/../../lib/libdwm.a(dwm.o)
                0x000478e0                dwm_i2c_read
 .text.dwm_i2c_write
                0x0004793a       0x5a C:/Repo_Licenta/UWB/DWM1001_on_board_package_R2.0/dwm/examples/dwm-simple/../../lib/libdwm.a(dwm.o)
                0x0004793a                dwm_i2c_write
 .text.dwm_cfg_anchor_set
                0x00047994       0x52 C:/Repo_Licenta/UWB/DWM1001_on_board_package_R2.0/dwm/examples/dwm-simple/../../lib/libdwm.a(dwm.o)
                0x00047994                dwm_cfg_anchor_set
 .text.dwm_cfg_tag_set
                0x000479e6       0x66 C:/Repo_Licenta/UWB/DWM1001_on_board_package_R2.0/dwm/examples/dwm-simple/../../lib/libdwm.a(dwm.o)
                0x000479e6                dwm_cfg_tag_set
 .text.dwm_cfg_get
                0x00047a4c       0x72 C:/Repo_Licenta/UWB/DWM1001_on_board_package_R2.0/dwm/examples/dwm-simple/../../lib/libdwm.a(dwm.o)
                0x00047a4c                dwm_cfg_get
 .text.dwm_stnry_cfg_set
                0x00047abe       0x1c C:/Repo_Licenta/UWB/DWM1001_on_board_package_R2.0/dwm/examples/dwm-simple/../../lib/libdwm.a(dwm.o)
                0x00047abe                dwm_stnry_cfg_set
 .text.dwm_pos_set
                0x00047ada       0x2e C:/Repo_Licenta/UWB/DWM1001_on_board_package_R2.0/dwm/examples/dwm-simple/../../lib/libdwm.a(dwm.o)
                0x00047ada                dwm_pos_set
 .text.dwm_pos_get
                0x00047b08       0x36 C:/Repo_Licenta/UWB/DWM1001_on_board_package_R2.0/dwm/examples/dwm-simple/../../lib/libdwm.a(dwm.o)
                0x00047b08                dwm_pos_get
 .text.dwm_upd_rate_set
                0x00047b3e       0x20 C:/Repo_Licenta/UWB/DWM1001_on_board_package_R2.0/dwm/examples/dwm-simple/../../lib/libdwm.a(dwm.o)
                0x00047b3e                dwm_upd_rate_set
 .text.dwm_upd_rate_get
                0x00047b5e       0x34 C:/Repo_Licenta/UWB/DWM1001_on_board_package_R2.0/dwm/examples/dwm-simple/../../lib/libdwm.a(dwm.o)
                0x00047b5e                dwm_upd_rate_get
 .text.dwm_label_read
                0x00047b92       0x38 C:/Repo_Licenta/UWB/DWM1001_on_board_package_R2.0/dwm/examples/dwm-simple/../../lib/libdwm.a(dwm.o)
                0x00047b92                dwm_label_read
 .text.dwm_nvm_usr_data_get
                0x00047bca       0x2c C:/Repo_Licenta/UWB/DWM1001_on_board_package_R2.0/dwm/examples/dwm-simple/../../lib/libdwm.a(dwm.o)
                0x00047bca                dwm_nvm_usr_data_get
 .text.dwm_nvm_usr_data_set
                0x00047bf6       0x22 C:/Repo_Licenta/UWB/DWM1001_on_board_package_R2.0/dwm/examples/dwm-simple/../../lib/libdwm.a(dwm.o)
                0x00047bf6                dwm_nvm_usr_data_set
 .text.dwm_evt_listener_register
                0x00047c18       0x20 C:/Repo_Licenta/UWB/DWM1001_on_board_package_R2.0/dwm/examples/dwm-simple/../../lib/libdwm.a(dwm.o)
                0x00047c18                dwm_evt_listener_register
 .text.dwm_evt_wait
                0x00047c38       0x78 C:/Repo_Licenta/UWB/DWM1001_on_board_package_R2.0/dwm/examples/dwm-simple/../../lib/libdwm.a(dwm.o)
                0x00047c38                dwm_evt_wait
 .text.dwm_ble_compile
                0x00047cb0        0x4 C:/Repo_Licenta/UWB/DWM1001_on_board_package_R2.0/dwm/examples/dwm-simple/../../lib/libdwm.a(dwm.o)
                0x00047cb0                dwm_ble_compile
 .text.dwm_le_compile
                0x00047cb4        0x4 C:/Repo_Licenta/UWB/DWM1001_on_board_package_R2.0/dwm/examples/dwm-simple/../../lib/libdwm.a(dwm.o)
                0x00047cb4                dwm_le_compile
 .text.dwm_serial_spi_compile
                0x00047cb8        0x4 C:/Repo_Licenta/UWB/DWM1001_on_board_package_R2.0/dwm/examples/dwm-simple/../../lib/libdwm.a(dwm.o)
                0x00047cb8                dwm_serial_spi_compile
 .text.dwm_shell_compile
                0x00047cbc        0x4 C:/Repo_Licenta/UWB/DWM1001_on_board_package_R2.0/dwm/examples/dwm-simple/../../lib/libdwm.a(dwm.o)
                0x00047cbc                dwm_shell_compile
 .text.env_get_end
                0x00047cc0       0x28 C:/Repo_Licenta/UWB/DWM1001_on_board_package_R2.0/dwm/examples/dwm-simple/../../lib/libdwm.a(env-tlv.o)
 .text.env_save
                0x00047ce8       0x60 C:/Repo_Licenta/UWB/DWM1001_on_board_package_R2.0/dwm/examples/dwm-simple/../../lib/libdwm.a(env-tlv.o)
                0x00047ce8                env_save
 .text.env_load
                0x00047d48       0xe4 C:/Repo_Licenta/UWB/DWM1001_on_board_package_R2.0/dwm/examples/dwm-simple/../../lib/libdwm.a(env-tlv.o)
                0x00047d48                env_load
 .text.env_clear
                0x00047e2c       0x48 C:/Repo_Licenta/UWB/DWM1001_on_board_package_R2.0/dwm/examples/dwm-simple/../../lib/libdwm.a(env-tlv.o)
                0x00047e2c                env_clear
 .text.env_get  0x00047e74       0x30 C:/Repo_Licenta/UWB/DWM1001_on_board_package_R2.0/dwm/examples/dwm-simple/../../lib/libdwm.a(env-tlv.o)
                0x00047e74                env_get
 .text.env_set  0x00047ea4       0xa8 C:/Repo_Licenta/UWB/DWM1001_on_board_package_R2.0/dwm/examples/dwm-simple/../../lib/libdwm.a(env-tlv.o)
                0x00047ea4                env_set
 .text.fwup_reset
                0x00047f4c        0x8 C:/Repo_Licenta/UWB/DWM1001_on_board_package_R2.0/dwm/examples/dwm-simple/../../lib/libdwm.a(fwup.o)
                0x00047f4c                fwup_reset
 .text.fwup_sndr_init
                0x00047f54       0x6a C:/Repo_Licenta/UWB/DWM1001_on_board_package_R2.0/dwm/examples/dwm-simple/../../lib/libdwm.a(fwup.o)
                0x00047f54                fwup_sndr_init
 .text.fwup_rcvr_in_progress
                0x00047fbe       0x1a C:/Repo_Licenta/UWB/DWM1001_on_board_package_R2.0/dwm/examples/dwm-simple/../../lib/libdwm.a(fwup.o)
                0x00047fbe                fwup_rcvr_in_progress
 .text.fwup_rcvr_stop
                0x00047fd8       0x16 C:/Repo_Licenta/UWB/DWM1001_on_board_package_R2.0/dwm/examples/dwm-simple/../../lib/libdwm.a(fwup.o)
                0x00047fd8                fwup_rcvr_stop
 .text.fwup_rcvr_start
                0x00047fee       0x4c C:/Repo_Licenta/UWB/DWM1001_on_board_package_R2.0/dwm/examples/dwm-simple/../../lib/libdwm.a(fwup.o)
                0x00047fee                fwup_rcvr_start
 .text.fwup_rcvr_rxbuf_space
                0x0004803a       0x12 C:/Repo_Licenta/UWB/DWM1001_on_board_package_R2.0/dwm/examples/dwm-simple/../../lib/libdwm.a(fwup.o)
                0x0004803a                fwup_rcvr_rxbuf_space
 .text.fwup_rcvr_data_handler
                0x0004804c       0x60 C:/Repo_Licenta/UWB/DWM1001_on_board_package_R2.0/dwm/examples/dwm-simple/../../lib/libdwm.a(fwup.o)
                0x0004804c                fwup_rcvr_data_handler
 .text.fwup_rcvr_data_write
                0x000480ac      0x160 C:/Repo_Licenta/UWB/DWM1001_on_board_package_R2.0/dwm/examples/dwm-simple/../../lib/libdwm.a(fwup.o)
                0x000480ac                fwup_rcvr_data_write
 .text.fwup_rcvr_is_finished
                0x0004820c       0x36 C:/Repo_Licenta/UWB/DWM1001_on_board_package_R2.0/dwm/examples/dwm-simple/../../lib/libdwm.a(fwup.o)
                0x0004820c                fwup_rcvr_is_finished
 .text.nrf_gpio_pins_toggle
                0x00048242       0x18 C:/Repo_Licenta/UWB/DWM1001_on_board_package_R2.0/dwm/examples/dwm-simple/../../lib/libdwm.a(hal.o)
 .text.sd_rand_application_bytes_available_get
                0x0004825a        0x4 C:/Repo_Licenta/UWB/DWM1001_on_board_package_R2.0/dwm/examples/dwm-simple/../../lib/libdwm.a(hal.o)
 .text.sd_rand_application_vector_get
                0x0004825e        0x4 C:/Repo_Licenta/UWB/DWM1001_on_board_package_R2.0/dwm/examples/dwm-simple/../../lib/libdwm.a(hal.o)
 .text.sd_clock_hfclk_request
                0x00048262        0x4 C:/Repo_Licenta/UWB/DWM1001_on_board_package_R2.0/dwm/examples/dwm-simple/../../lib/libdwm.a(hal.o)
 .text.sd_clock_hfclk_release
                0x00048266        0x4 C:/Repo_Licenta/UWB/DWM1001_on_board_package_R2.0/dwm/examples/dwm-simple/../../lib/libdwm.a(hal.o)
 .text.sd_app_evt_wait
                0x0004826a        0x4 C:/Repo_Licenta/UWB/DWM1001_on_board_package_R2.0/dwm/examples/dwm-simple/../../lib/libdwm.a(hal.o)
 .text.sd_ecb_block_encrypt
                0x0004826e        0x4 C:/Repo_Licenta/UWB/DWM1001_on_board_package_R2.0/dwm/examples/dwm-simple/../../lib/libdwm.a(hal.o)
 .text.sd_temp_get
                0x00048272        0x4 C:/Repo_Licenta/UWB/DWM1001_on_board_package_R2.0/dwm/examples/dwm-simple/../../lib/libdwm.a(hal.o)
 .text._led_dummy
                0x00048276        0x2 C:/Repo_Licenta/UWB/DWM1001_on_board_package_R2.0/dwm/examples/dwm-simple/../../lib/libdwm.a(hal.o)
 .text._led_orange_on
                0x00048278        0xe C:/Repo_Licenta/UWB/DWM1001_on_board_package_R2.0/dwm/examples/dwm-simple/../../lib/libdwm.a(hal.o)
 .text._led_orange_off
                0x00048286        0xe C:/Repo_Licenta/UWB/DWM1001_on_board_package_R2.0/dwm/examples/dwm-simple/../../lib/libdwm.a(hal.o)
 .text._led_orange_toggle
                0x00048294        0x8 C:/Repo_Licenta/UWB/DWM1001_on_board_package_R2.0/dwm/examples/dwm-simple/../../lib/libdwm.a(hal.o)
 .text._led_red_on
                0x0004829c        0xe C:/Repo_Licenta/UWB/DWM1001_on_board_package_R2.0/dwm/examples/dwm-simple/../../lib/libdwm.a(hal.o)
 .text._led_red_off
                0x000482aa        0xe C:/Repo_Licenta/UWB/DWM1001_on_board_package_R2.0/dwm/examples/dwm-simple/../../lib/libdwm.a(hal.o)
 .text._led_red_toggle
                0x000482b8        0x8 C:/Repo_Licenta/UWB/DWM1001_on_board_package_R2.0/dwm/examples/dwm-simple/../../lib/libdwm.a(hal.o)
 .text._led_green_on
                0x000482c0        0xe C:/Repo_Licenta/UWB/DWM1001_on_board_package_R2.0/dwm/examples/dwm-simple/../../lib/libdwm.a(hal.o)
 .text._led_green_off
                0x000482ce        0xe C:/Repo_Licenta/UWB/DWM1001_on_board_package_R2.0/dwm/examples/dwm-simple/../../lib/libdwm.a(hal.o)
 .text._led_green_toggle
                0x000482dc        0x8 C:/Repo_Licenta/UWB/DWM1001_on_board_package_R2.0/dwm/examples/dwm-simple/../../lib/libdwm.a(hal.o)
 .text.wdt_handler
                0x000482e4        0x2 C:/Repo_Licenta/UWB/DWM1001_on_board_package_R2.0/dwm/examples/dwm-simple/../../lib/libdwm.a(hal.o)
 *fill*         0x000482e6        0x2 
 .text.hal_factory_reset
                0x000482e8       0x30 C:/Repo_Licenta/UWB/DWM1001_on_board_package_R2.0/dwm/examples/dwm-simple/../../lib/libdwm.a(hal.o)
                0x000482e8                hal_factory_reset
 .text.is_user_app_pin
                0x00048318       0x5c C:/Repo_Licenta/UWB/DWM1001_on_board_package_R2.0/dwm/examples/dwm-simple/../../lib/libdwm.a(hal.o)
                0x00048318                is_user_app_pin
 .text.hal_sd_enabled
                0x00048374        0x8 C:/Repo_Licenta/UWB/DWM1001_on_board_package_R2.0/dwm/examples/dwm-simple/../../lib/libdwm.a(hal.o)
                0x00048374                hal_sd_enabled
 .text.hal_flash_erase
                0x0004837c       0x14 C:/Repo_Licenta/UWB/DWM1001_on_board_package_R2.0/dwm/examples/dwm-simple/../../lib/libdwm.a(hal.o)
                0x0004837c                hal_flash_erase
 .text.hal_flash_write_page
                0x00048390        0x6 C:/Repo_Licenta/UWB/DWM1001_on_board_package_R2.0/dwm/examples/dwm-simple/../../lib/libdwm.a(hal.o)
                0x00048390                hal_flash_write_page
 .text.hal_fw_get_chksum
                0x00048396       0x42 C:/Repo_Licenta/UWB/DWM1001_on_board_package_R2.0/dwm/examples/dwm-simple/../../lib/libdwm.a(hal.o)
                0x00048396                hal_fw_get_chksum
 .text.hal_fw_is_compat
                0x000483d8       0x10 C:/Repo_Licenta/UWB/DWM1001_on_board_package_R2.0/dwm/examples/dwm-simple/../../lib/libdwm.a(hal.o)
                0x000483d8                hal_fw_is_compat
 .text.hal_time_hfclk_start
                0x000483e8       0x1a C:/Repo_Licenta/UWB/DWM1001_on_board_package_R2.0/dwm/examples/dwm-simple/../../lib/libdwm.a(hal.o)
                0x000483e8                hal_time_hfclk_start
 .text.hal_time_hfclk_stop
                0x00048402       0x1c C:/Repo_Licenta/UWB/DWM1001_on_board_package_R2.0/dwm/examples/dwm-simple/../../lib/libdwm.a(hal.o)
                0x00048402                hal_time_hfclk_stop
 *fill*         0x0004841e        0x2 
 .text.hal_wdt_app_init
                0x00048420       0x10 C:/Repo_Licenta/UWB/DWM1001_on_board_package_R2.0/dwm/examples/dwm-simple/../../lib/libdwm.a(hal.o)
                0x00048420                hal_wdt_app_init
 .text.hal_wdt_app_reset
                0x00048430        0x4 C:/Repo_Licenta/UWB/DWM1001_on_board_package_R2.0/dwm/examples/dwm-simple/../../lib/libdwm.a(hal.o)
                0x00048430                hal_wdt_app_reset
 .text.hal_temp_get
                0x00048434       0x80 C:/Repo_Licenta/UWB/DWM1001_on_board_package_R2.0/dwm/examples/dwm-simple/../../lib/libdwm.a(hal.o)
                0x00048434                hal_temp_get
 .text.hal_sleep
                0x000484b4       0xe4 C:/Repo_Licenta/UWB/DWM1001_on_board_package_R2.0/dwm/examples/dwm-simple/../../lib/libdwm.a(hal.o)
                0x000484b4                hal_sleep
 .text.hal_uptime
                0x00048598       0x20 C:/Repo_Licenta/UWB/DWM1001_on_board_package_R2.0/dwm/examples/dwm-simple/../../lib/libdwm.a(hal.o)
                0x00048598                hal_uptime
 .text.hal_print_ps
                0x000485b8       0x80 C:/Repo_Licenta/UWB/DWM1001_on_board_package_R2.0/dwm/examples/dwm-simple/../../lib/libdwm.a(hal.o)
                0x000485b8                hal_print_ps
 .text.hal_print_free
                0x00048638       0x50 C:/Repo_Licenta/UWB/DWM1001_on_board_package_R2.0/dwm/examples/dwm-simple/../../lib/libdwm.a(hal.o)
                0x00048638                hal_print_free
 .text.hal_print_uptime
                0x00048688       0xbc C:/Repo_Licenta/UWB/DWM1001_on_board_package_R2.0/dwm/examples/dwm-simple/../../lib/libdwm.a(hal.o)
                0x00048688                hal_print_uptime
 .text.hal_print_sys_info
                0x00048744      0x130 C:/Repo_Licenta/UWB/DWM1001_on_board_package_R2.0/dwm/examples/dwm-simple/../../lib/libdwm.a(hal.o)
                0x00048744                hal_print_sys_info
 .text.hal_critical_region_enter
                0x00048874       0x58 C:/Repo_Licenta/UWB/DWM1001_on_board_package_R2.0/dwm/examples/dwm-simple/../../lib/libdwm.a(hal.o)
                0x00048874                hal_critical_region_enter
 .text.hal_critical_region_exit
                0x000488cc       0x38 C:/Repo_Licenta/UWB/DWM1001_on_board_package_R2.0/dwm/examples/dwm-simple/../../lib/libdwm.a(hal.o)
                0x000488cc                hal_critical_region_exit
 .text.leds_enable
                0x00048904       0xbc C:/Repo_Licenta/UWB/DWM1001_on_board_package_R2.0/dwm/examples/dwm-simple/../../lib/libdwm.a(hal.o)
                0x00048904                leds_enable
 .text.leds_disable
                0x000489c0       0x74 C:/Repo_Licenta/UWB/DWM1001_on_board_package_R2.0/dwm/examples/dwm-simple/../../lib/libdwm.a(hal.o)
                0x000489c0                leds_disable
 .text.hal_crypto_rng_get
                0x00048a34       0xa8 C:/Repo_Licenta/UWB/DWM1001_on_board_package_R2.0/dwm/examples/dwm-simple/../../lib/libdwm.a(hal.o)
                0x00048a34                hal_crypto_rng_get
 .text.hal_crypto_set_key
                0x00048adc       0x60 C:/Repo_Licenta/UWB/DWM1001_on_board_package_R2.0/dwm/examples/dwm-simple/../../lib/libdwm.a(hal.o)
                0x00048adc                hal_crypto_set_key
 .text.hal_crypto_mac_get
                0x00048b3c      0x128 C:/Repo_Licenta/UWB/DWM1001_on_board_package_R2.0/dwm/examples/dwm-simple/../../lib/libdwm.a(hal.o)
                0x00048b3c                hal_crypto_mac_get
 .text.hal_crypto_crypt
                0x00048c64       0xc8 C:/Repo_Licenta/UWB/DWM1001_on_board_package_R2.0/dwm/examples/dwm-simple/../../lib/libdwm.a(hal.o)
                0x00048c64                hal_crypto_crypt
 .text._read    0x00048d2c        0x8 C:/Repo_Licenta/UWB/DWM1001_on_board_package_R2.0/dwm/examples/dwm-simple/../../lib/libdwm.a(hal.o)
                0x00048d2c                _read
 .text._write   0x00048d34       0x2a C:/Repo_Licenta/UWB/DWM1001_on_board_package_R2.0/dwm/examples/dwm-simple/../../lib/libdwm.a(hal.o)
                0x00048d34                _write
 *fill*         0x00048d5e        0x2 
 .text._sbrk    0x00048d60       0x2c C:/Repo_Licenta/UWB/DWM1001_on_board_package_R2.0/dwm/examples/dwm-simple/../../lib/libdwm.a(hal.o)
                0x00048d60                _sbrk
 .text.rng_isr  0x00048d8c       0x14 C:/Repo_Licenta/UWB/DWM1001_on_board_package_R2.0/dwm/examples/dwm-simple/../../lib/libdwm.a(nrf_drv_rng.o)
 .text.rng_start
                0x00048da0       0x38 C:/Repo_Licenta/UWB/DWM1001_on_board_package_R2.0/dwm/examples/dwm-simple/../../lib/libdwm.a(nrf_drv_rng.o)
 .text.nrf_drv_rng_init
                0x00048dd8       0x98 C:/Repo_Licenta/UWB/DWM1001_on_board_package_R2.0/dwm/examples/dwm-simple/../../lib/libdwm.a(nrf_drv_rng.o)
                0x00048dd8                nrf_drv_rng_init
 .text.nrf_drv_rng_bytes_available
                0x00048e70       0x14 C:/Repo_Licenta/UWB/DWM1001_on_board_package_R2.0/dwm/examples/dwm-simple/../../lib/libdwm.a(nrf_drv_rng.o)
                0x00048e70                nrf_drv_rng_bytes_available
 .text.nrf_drv_rng_rand
                0x00048e84       0x3c C:/Repo_Licenta/UWB/DWM1001_on_board_package_R2.0/dwm/examples/dwm-simple/../../lib/libdwm.a(nrf_drv_rng.o)
                0x00048e84                nrf_drv_rng_rand
 .text.RNG_IRQHandler
                0x00048ec0       0x54 C:/Repo_Licenta/UWB/DWM1001_on_board_package_R2.0/dwm/examples/dwm-simple/../../lib/libdwm.a(nrf_drv_rng.o)
                0x00048ec0                RNG_IRQHandler
 .text.rng_dsr  0x00048f14       0x10 C:/Repo_Licenta/UWB/DWM1001_on_board_package_R2.0/dwm/examples/dwm-simple/../../lib/libdwm.a(nrf_drv_rng.o)
 .text.pm_can_sleep
                0x00048f24       0x44 C:/Repo_Licenta/UWB/DWM1001_on_board_package_R2.0/dwm/examples/dwm-simple/../../lib/libdwm.a(pm.o)
                0x00048f24                pm_can_sleep
 .text.pm_task_get_next
                0x00048f68       0x54 C:/Repo_Licenta/UWB/DWM1001_on_board_package_R2.0/dwm/examples/dwm-simple/../../lib/libdwm.a(pm.o)
                0x00048f68                pm_task_get_next
 .text.pm_sched_signal
                0x00048fbc        0xc C:/Repo_Licenta/UWB/DWM1001_on_board_package_R2.0/dwm/examples/dwm-simple/../../lib/libdwm.a(pm.o)
                0x00048fbc                pm_sched_signal
 .text.pm_sched_wait
                0x00048fc8        0xc C:/Repo_Licenta/UWB/DWM1001_on_board_package_R2.0/dwm/examples/dwm-simple/../../lib/libdwm.a(pm.o)
                0x00048fc8                pm_sched_wait
 .text.pm_task_lock
                0x00048fd4       0x26 C:/Repo_Licenta/UWB/DWM1001_on_board_package_R2.0/dwm/examples/dwm-simple/../../lib/libdwm.a(pm.o)
                0x00048fd4                pm_task_lock
 .text.pm_task_unlock
                0x00048ffa       0x2c C:/Repo_Licenta/UWB/DWM1001_on_board_package_R2.0/dwm/examples/dwm-simple/../../lib/libdwm.a(pm.o)
                0x00048ffa                pm_task_unlock
 *fill*         0x00049026        0x2 
 .text.pm_task_unlock_set_alarm
                0x00049028       0x98 C:/Repo_Licenta/UWB/DWM1001_on_board_package_R2.0/dwm/examples/dwm-simple/../../lib/libdwm.a(pm.o)
                0x00049028                pm_task_unlock_set_alarm
 .text.pm_task_wakeup
                0x000490c0        0x4 C:/Repo_Licenta/UWB/DWM1001_on_board_package_R2.0/dwm/examples/dwm-simple/../../lib/libdwm.a(pm.o)
                0x000490c0                pm_task_wakeup
 .text.pm_task_alloc
                0x000490c4       0x64 C:/Repo_Licenta/UWB/DWM1001_on_board_package_R2.0/dwm/examples/dwm-simple/../../lib/libdwm.a(pm.o)
                0x000490c4                pm_task_alloc
 .text.pm_task_free
                0x00049128       0x58 C:/Repo_Licenta/UWB/DWM1001_on_board_package_R2.0/dwm/examples/dwm-simple/../../lib/libdwm.a(pm.o)
                0x00049128                pm_task_free
 .text.pm_init  0x00049180       0x54 C:/Repo_Licenta/UWB/DWM1001_on_board_package_R2.0/dwm/examples/dwm-simple/../../lib/libdwm.a(pm.o)
                0x00049180                pm_init
 .text.pm_dump  0x000491d4       0x84 C:/Repo_Licenta/UWB/DWM1001_on_board_package_R2.0/dwm/examples/dwm-simple/../../lib/libdwm.a(pm.o)
                0x000491d4                pm_dump
 .text.api_thread_start
                0x00049258       0x10 C:/Repo_Licenta/UWB/DWM1001_on_board_package_R2.0/dwm/examples/dwm-simple/../../lib/libdwm.a(process-api.o)
                0x00049258                api_thread_start
 .text.api_thread_init
                0x00049268       0x3c C:/Repo_Licenta/UWB/DWM1001_on_board_package_R2.0/dwm/examples/dwm-simple/../../lib/libdwm.a(process-api.o)
                0x00049268                api_thread_init
 .text.ble_thread_entry
                0x000492a4       0x78 C:/Repo_Licenta/UWB/DWM1001_on_board_package_R2.0/dwm/examples/dwm-simple/../../lib/libdwm.a(process-ble.o)
 .text.ble_server_evt_put
                0x0004931c       0x1c C:/Repo_Licenta/UWB/DWM1001_on_board_package_R2.0/dwm/examples/dwm-simple/../../lib/libdwm.a(process-ble.o)
                0x0004931c                ble_server_evt_put
 .text.ble_server_thread_start
                0x00049338       0x10 C:/Repo_Licenta/UWB/DWM1001_on_board_package_R2.0/dwm/examples/dwm-simple/../../lib/libdwm.a(process-ble.o)
                0x00049338                ble_server_thread_start
 .text.ble_server_thread_stop
                0x00049348       0x38 C:/Repo_Licenta/UWB/DWM1001_on_board_package_R2.0/dwm/examples/dwm-simple/../../lib/libdwm.a(process-ble.o)
                0x00049348                ble_server_thread_stop
 .text.ble_server_thread_init
                0x00049380       0x4c C:/Repo_Licenta/UWB/DWM1001_on_board_package_R2.0/dwm/examples/dwm-simple/../../lib/libdwm.a(process-ble.o)
                0x00049380                ble_server_thread_init
 .text.ble_init_ready
                0x000493cc        0xc C:/Repo_Licenta/UWB/DWM1001_on_board_package_R2.0/dwm/examples/dwm-simple/../../lib/libdwm.a(process-ble.o)
                0x000493cc                ble_init_ready
 .text.le_print_disable
                0x000493d8       0x10 C:/Repo_Licenta/UWB/DWM1001_on_board_package_R2.0/dwm/examples/dwm-simple/../../lib/libdwm.a(process-le.o)
 .text.nole_thread_entry
                0x000493e8      0x2a8 C:/Repo_Licenta/UWB/DWM1001_on_board_package_R2.0/dwm/examples/dwm-simple/../../lib/libdwm.a(process-le.o)
 .text.le_thread_entry
                0x00049690      0x48c C:/Repo_Licenta/UWB/DWM1001_on_board_package_R2.0/dwm/examples/dwm-simple/../../lib/libdwm.a(process-le.o)
 .text.le_post_loc_data
                0x00049b1c       0x60 C:/Repo_Licenta/UWB/DWM1001_on_board_package_R2.0/dwm/examples/dwm-simple/../../lib/libdwm.a(process-le.o)
                0x00049b1c                le_post_loc_data
 .text.le_init  0x00049b7c       0x7c C:/Repo_Licenta/UWB/DWM1001_on_board_package_R2.0/dwm/examples/dwm-simple/../../lib/libdwm.a(process-le.o)
                0x00049b7c                le_init
 .text.le_start
                0x00049bf8       0x18 C:/Repo_Licenta/UWB/DWM1001_on_board_package_R2.0/dwm/examples/dwm-simple/../../lib/libdwm.a(process-le.o)
                0x00049bf8                le_start
 .text.le_post_meas
                0x00049c10       0x78 C:/Repo_Licenta/UWB/DWM1001_on_board_package_R2.0/dwm/examples/dwm-simple/../../lib/libdwm.a(process-le.o)
                0x00049c10                le_post_meas
 .text.le_pos_get
                0x00049c88       0x64 C:/Repo_Licenta/UWB/DWM1001_on_board_package_R2.0/dwm/examples/dwm-simple/../../lib/libdwm.a(process-le.o)
                0x00049c88                le_pos_get
 .text.le_loc_get
                0x00049cec      0x104 C:/Repo_Licenta/UWB/DWM1001_on_board_package_R2.0/dwm/examples/dwm-simple/../../lib/libdwm.a(process-le.o)
                0x00049cec                le_loc_get
 .text.le_loc_print_toggle
                0x00049df0       0x28 C:/Repo_Licenta/UWB/DWM1001_on_board_package_R2.0/dwm/examples/dwm-simple/../../lib/libdwm.a(process-le.o)
                0x00049df0                le_loc_print_toggle
 .text.le_loc_ts_print_toggle
                0x00049e18       0x24 C:/Repo_Licenta/UWB/DWM1001_on_board_package_R2.0/dwm/examples/dwm-simple/../../lib/libdwm.a(process-le.o)
                0x00049e18                le_loc_ts_print_toggle
 .text.le_loc_csv_print_toggle
                0x00049e3c       0x28 C:/Repo_Licenta/UWB/DWM1001_on_board_package_R2.0/dwm/examples/dwm-simple/../../lib/libdwm.a(process-le.o)
                0x00049e3c                le_loc_csv_print_toggle
 .text.le_loc_csv_ts_print_toggle
                0x00049e64       0x28 C:/Repo_Licenta/UWB/DWM1001_on_board_package_R2.0/dwm/examples/dwm-simple/../../lib/libdwm.a(process-le.o)
                0x00049e64                le_loc_csv_ts_print_toggle
 .text.le_pos_csv_print_toggle
                0x00049e8c       0x24 C:/Repo_Licenta/UWB/DWM1001_on_board_package_R2.0/dwm/examples/dwm-simple/../../lib/libdwm.a(process-le.o)
                0x00049e8c                le_pos_csv_print_toggle
 .text.le_compile
                0x00049eb0       0x18 C:/Repo_Licenta/UWB/DWM1001_on_board_package_R2.0/dwm/examples/dwm-simple/../../lib/libdwm.a(process-le.o)
                0x00049eb0                le_compile
 .text.pm_thread_entry
                0x00049ec8       0x98 C:/Repo_Licenta/UWB/DWM1001_on_board_package_R2.0/dwm/examples/dwm-simple/../../lib/libdwm.a(process-pm.o)
 .text.hal_pm_init
                0x00049f60       0x70 C:/Repo_Licenta/UWB/DWM1001_on_board_package_R2.0/dwm/examples/dwm-simple/../../lib/libdwm.a(process-pm.o)
                0x00049f60                hal_pm_init
 .text.hal_pm_start
                0x00049fd0        0xc C:/Repo_Licenta/UWB/DWM1001_on_board_package_R2.0/dwm/examples/dwm-simple/../../lib/libdwm.a(process-pm.o)
                0x00049fd0                hal_pm_start
 .text.uwb0_recover.part.0
                0x00049fdc       0x1c C:/Repo_Licenta/UWB/DWM1001_on_board_package_R2.0/dwm/examples/dwm-simple/../../lib/libdwm.a(process-svc.o)
 .text.svc_thread_entry
                0x00049ff8      0x2b0 C:/Repo_Licenta/UWB/DWM1001_on_board_package_R2.0/dwm/examples/dwm-simple/../../lib/libdwm.a(process-svc.o)
 .text.svc_init
                0x0004a2a8       0x3c C:/Repo_Licenta/UWB/DWM1001_on_board_package_R2.0/dwm/examples/dwm-simple/../../lib/libdwm.a(process-svc.o)
                0x0004a2a8                svc_init
 .text.svc_start
                0x0004a2e4        0xc C:/Repo_Licenta/UWB/DWM1001_on_board_package_R2.0/dwm/examples/dwm-simple/../../lib/libdwm.a(process-svc.o)
                0x0004a2e4                svc_start
 .text.svc_post_event
                0x0004a2f0       0x64 C:/Repo_Licenta/UWB/DWM1001_on_board_package_R2.0/dwm/examples/dwm-simple/../../lib/libdwm.a(process-svc.o)
                0x0004a2f0                svc_post_event
 .text.svc_suspend
                0x0004a354       0x30 C:/Repo_Licenta/UWB/DWM1001_on_board_package_R2.0/dwm/examples/dwm-simple/../../lib/libdwm.a(process-svc.o)
                0x0004a354                svc_suspend
 .text.svc_resume
                0x0004a384       0x28 C:/Repo_Licenta/UWB/DWM1001_on_board_package_R2.0/dwm/examples/dwm-simple/../../lib/libdwm.a(process-svc.o)
                0x0004a384                svc_resume
 .text.uwbmac_wkr_thread_entry
                0x0004a3ac       0x1c C:/Repo_Licenta/UWB/DWM1001_on_board_package_R2.0/dwm/examples/dwm-simple/../../lib/libdwm.a(process-uwbmac.o)
 .text.uwbmac_thread_entry
                0x0004a3c8      0x12c C:/Repo_Licenta/UWB/DWM1001_on_board_package_R2.0/dwm/examples/dwm-simple/../../lib/libdwm.a(process-uwbmac.o)
 .text.uwbmac_init
                0x0004a4f4       0x6c C:/Repo_Licenta/UWB/DWM1001_on_board_package_R2.0/dwm/examples/dwm-simple/../../lib/libdwm.a(process-uwbmac.o)
                0x0004a4f4                uwbmac_init
 .text.uwbmac_start
                0x0004a560       0x18 C:/Repo_Licenta/UWB/DWM1001_on_board_package_R2.0/dwm/examples/dwm-simple/../../lib/libdwm.a(process-uwbmac.o)
                0x0004a560                uwbmac_start
 .text.dw_intr  0x0004a578        0xc C:/Repo_Licenta/UWB/DWM1001_on_board_package_R2.0/dwm/examples/dwm-simple/../../lib/libdwm.a(process-uwb.o)
                0x0004a578                dw_intr
 .text.uwb_init_uwb0
                0x0004a584      0x42c C:/Repo_Licenta/UWB/DWM1001_on_board_package_R2.0/dwm/examples/dwm-simple/../../lib/libdwm.a(process-uwb.o)
                0x0004a584                uwb_init_uwb0
 .text.uwb_thread_entry
                0x0004a9b0       0xac C:/Repo_Licenta/UWB/DWM1001_on_board_package_R2.0/dwm/examples/dwm-simple/../../lib/libdwm.a(process-uwb.o)
 .text.uwb_init
                0x0004aa5c       0x3c C:/Repo_Licenta/UWB/DWM1001_on_board_package_R2.0/dwm/examples/dwm-simple/../../lib/libdwm.a(process-uwb.o)
                0x0004aa5c                uwb_init
 .text.uwb_start
                0x0004aa98        0xc C:/Repo_Licenta/UWB/DWM1001_on_board_package_R2.0/dwm/examples/dwm-simple/../../lib/libdwm.a(process-uwb.o)
                0x0004aa98                uwb_start
 .text.uwb_init_ready_await
                0x0004aaa4       0x18 C:/Repo_Licenta/UWB/DWM1001_on_board_package_R2.0/dwm/examples/dwm-simple/../../lib/libdwm.a(process-uwb.o)
                0x0004aaa4                uwb_init_ready_await
 .text.uart_timeout_handler
                0x0004aabc       0x10 C:/Repo_Licenta/UWB/DWM1001_on_board_package_R2.0/dwm/examples/dwm-simple/../../lib/libdwm.a(serial.o)
 .text.uart_init
                0x0004aacc       0x10 C:/Repo_Licenta/UWB/DWM1001_on_board_package_R2.0/dwm/examples/dwm-simple/../../lib/libdwm.a(serial.o)
 .text.spis_gpio_set
                0x0004aadc       0x20 C:/Repo_Licenta/UWB/DWM1001_on_board_package_R2.0/dwm/examples/dwm-simple/../../lib/libdwm.a(serial.o)
 .text.spis_init
                0x0004aafc       0x10 C:/Repo_Licenta/UWB/DWM1001_on_board_package_R2.0/dwm/examples/dwm-simple/../../lib/libdwm.a(serial.o)
 .text.pm_serial_suspend
                0x0004ab0c       0x58 C:/Repo_Licenta/UWB/DWM1001_on_board_package_R2.0/dwm/examples/dwm-simple/../../lib/libdwm.a(serial.o)
 .text.gpio_wakeup_intr
                0x0004ab64        0xc C:/Repo_Licenta/UWB/DWM1001_on_board_package_R2.0/dwm/examples/dwm-simple/../../lib/libdwm.a(serial.o)
 .text._serial_status_change_ntfy
                0x0004ab70       0x3c C:/Repo_Licenta/UWB/DWM1001_on_board_package_R2.0/dwm/examples/dwm-simple/../../lib/libdwm.a(serial.o)
 .text._serial_start
                0x0004abac       0x1c C:/Repo_Licenta/UWB/DWM1001_on_board_package_R2.0/dwm/examples/dwm-simple/../../lib/libdwm.a(serial.o)
 .text._on_spis_evt
                0x0004abc8       0x78 C:/Repo_Licenta/UWB/DWM1001_on_board_package_R2.0/dwm/examples/dwm-simple/../../lib/libdwm.a(serial.o)
 .text.spis_api_cb
                0x0004ac40       0x60 C:/Repo_Licenta/UWB/DWM1001_on_board_package_R2.0/dwm/examples/dwm-simple/../../lib/libdwm.a(serial.o)
 .text._spis_init
                0x0004aca0       0x2c C:/Repo_Licenta/UWB/DWM1001_on_board_package_R2.0/dwm/examples/dwm-simple/../../lib/libdwm.a(serial.o)
 .text._serial_sleep
                0x0004accc       0x1c C:/Repo_Licenta/UWB/DWM1001_on_board_package_R2.0/dwm/examples/dwm-simple/../../lib/libdwm.a(serial.o)
 .text.spis_event_handler
                0x0004ace8      0x1d0 C:/Repo_Licenta/UWB/DWM1001_on_board_package_R2.0/dwm/examples/dwm-simple/../../lib/libdwm.a(serial.o)
 .text.serial_sleep
                0x0004aeb8       0x10 C:/Repo_Licenta/UWB/DWM1001_on_board_package_R2.0/dwm/examples/dwm-simple/../../lib/libdwm.a(serial.o)
                0x0004aeb8                serial_sleep
 .text.serial_uart_reinit
                0x0004aec8       0x10 C:/Repo_Licenta/UWB/DWM1001_on_board_package_R2.0/dwm/examples/dwm-simple/../../lib/libdwm.a(serial.o)
                0x0004aec8                serial_uart_reinit
 .text.serial_status_change_ntfy
                0x0004aed8       0x10 C:/Repo_Licenta/UWB/DWM1001_on_board_package_R2.0/dwm/examples/dwm-simple/../../lib/libdwm.a(serial.o)
                0x0004aed8                serial_status_change_ntfy
 .text.serial_thread_entry
                0x0004aee8      0x168 C:/Repo_Licenta/UWB/DWM1001_on_board_package_R2.0/dwm/examples/dwm-simple/../../lib/libdwm.a(serial.o)
                0x0004aee8                serial_thread_entry
 .text.serial_start
                0x0004b050       0x10 C:/Repo_Licenta/UWB/DWM1001_on_board_package_R2.0/dwm/examples/dwm-simple/../../lib/libdwm.a(serial.o)
                0x0004b050                serial_start
 .text.serial_compile_spi
                0x0004b060       0x58 C:/Repo_Licenta/UWB/DWM1001_on_board_package_R2.0/dwm/examples/dwm-simple/../../lib/libdwm.a(serial.o)
                0x0004b060                serial_compile_spi
 .text.serial_is_uart_compiled
                0x0004b0b8        0xc C:/Repo_Licenta/UWB/DWM1001_on_board_package_R2.0/dwm/examples/dwm-simple/../../lib/libdwm.a(serial.o)
                0x0004b0b8                serial_is_uart_compiled
 .text.serial_is_compiled
                0x0004b0c4        0xc C:/Repo_Licenta/UWB/DWM1001_on_board_package_R2.0/dwm/examples/dwm-simple/../../lib/libdwm.a(serial.o)
                0x0004b0c4                serial_is_compiled
 .text.cmd_enc_key_clear
                0x0004b0d0       0x34 C:/Repo_Licenta/UWB/DWM1001_on_board_package_R2.0/dwm/examples/dwm-simple/../../lib/libdwm.a(shell-api.o)
                0x0004b0d0                cmd_enc_key_clear
 .text.cmd_nvm_usr_data_clear
                0x0004b104       0x38 C:/Repo_Licenta/UWB/DWM1001_on_board_package_R2.0/dwm/examples/dwm-simple/../../lib/libdwm.a(shell-api.o)
 .text.cmd_nvm_usr_data_set
                0x0004b13c       0xb8 C:/Repo_Licenta/UWB/DWM1001_on_board_package_R2.0/dwm/examples/dwm-simple/../../lib/libdwm.a(shell-api.o)
 .text.cmd_tlv  0x0004b1f4       0xb0 C:/Repo_Licenta/UWB/DWM1001_on_board_package_R2.0/dwm/examples/dwm-simple/../../lib/libdwm.a(shell-api.o)
 .text.api_cb   0x0004b2a4       0x44 C:/Repo_Licenta/UWB/DWM1001_on_board_package_R2.0/dwm/examples/dwm-simple/../../lib/libdwm.a(shell-api.o)
 .text.cmd_enc_key_set
                0x0004b2e8       0x94 C:/Repo_Licenta/UWB/DWM1001_on_board_package_R2.0/dwm/examples/dwm-simple/../../lib/libdwm.a(shell-api.o)
                0x0004b2e8                cmd_enc_key_set
 .text.cmd_nvm_usr_data_get
                0x0004b37c       0x64 C:/Repo_Licenta/UWB/DWM1001_on_board_package_R2.0/dwm/examples/dwm-simple/../../lib/libdwm.a(shell-api.o)
 .text.cmd_cfg_tn_set
                0x0004b3e0      0x120 C:/Repo_Licenta/UWB/DWM1001_on_board_package_R2.0/dwm/examples/dwm-simple/../../lib/libdwm.a(shell-api.o)
 .text.cmd_cfg_an_set
                0x0004b500       0xf4 C:/Repo_Licenta/UWB/DWM1001_on_board_package_R2.0/dwm/examples/dwm-simple/../../lib/libdwm.a(shell-api.o)
 .text.cmd_pos_set
                0x0004b5f4       0x88 C:/Repo_Licenta/UWB/DWM1001_on_board_package_R2.0/dwm/examples/dwm-simple/../../lib/libdwm.a(shell-api.o)
 .text.cmd_pos_get
                0x0004b67c       0x48 C:/Repo_Licenta/UWB/DWM1001_on_board_package_R2.0/dwm/examples/dwm-simple/../../lib/libdwm.a(shell-api.o)
 .text.cmd_ur_get
                0x0004b6c4       0x4c C:/Repo_Licenta/UWB/DWM1001_on_board_package_R2.0/dwm/examples/dwm-simple/../../lib/libdwm.a(shell-api.o)
 .text.cmd_ur_set
                0x0004b710       0x7c C:/Repo_Licenta/UWB/DWM1001_on_board_package_R2.0/dwm/examples/dwm-simple/../../lib/libdwm.a(shell-api.o)
 .text.cmd_ble_disable
                0x0004b78c        0x4 C:/Repo_Licenta/UWB/DWM1001_on_board_package_R2.0/dwm/examples/dwm-simple/../../lib/libdwm.a(shell-ble.o)
 .text.cmd_ble_enable
                0x0004b790       0x10 C:/Repo_Licenta/UWB/DWM1001_on_board_package_R2.0/dwm/examples/dwm-simple/../../lib/libdwm.a(shell-ble.o)
 .text.cmd_ble_addr_get
                0x0004b7a0        0x4 C:/Repo_Licenta/UWB/DWM1001_on_board_package_R2.0/dwm/examples/dwm-simple/../../lib/libdwm.a(shell-ble.o)
 .text.cmd_ble_addr_set
                0x0004b7a4       0x50 C:/Repo_Licenta/UWB/DWM1001_on_board_package_R2.0/dwm/examples/dwm-simple/../../lib/libdwm.a(shell-ble.o)
 .text.cmd_le_show_loc
                0x0004b7f4       0x2c C:/Repo_Licenta/UWB/DWM1001_on_board_package_R2.0/dwm/examples/dwm-simple/../../lib/libdwm.a(shell-le.o)
                0x0004b7f4                cmd_le_show_loc
 .text.cmd_le_show_loc_csv
                0x0004b820       0x2c C:/Repo_Licenta/UWB/DWM1001_on_board_package_R2.0/dwm/examples/dwm-simple/../../lib/libdwm.a(shell-le.o)
                0x0004b820                cmd_le_show_loc_csv
 .text.cmd_le_show_pos_csv
                0x0004b84c        0x4 C:/Repo_Licenta/UWB/DWM1001_on_board_package_R2.0/dwm/examples/dwm-simple/../../lib/libdwm.a(shell-le.o)
                0x0004b84c                cmd_le_show_pos_csv
 .text._shell_stop
                0x0004b850        0xc C:/Repo_Licenta/UWB/DWM1001_on_board_package_R2.0/dwm/examples/dwm-simple/../../lib/libdwm.a(shell.o)
 .text._shell_add_cmds
                0x0004b85c       0x24 C:/Repo_Licenta/UWB/DWM1001_on_board_package_R2.0/dwm/examples/dwm-simple/../../lib/libdwm.a(shell.o)
 .text._get_argc
                0x0004b880       0x1c C:/Repo_Licenta/UWB/DWM1001_on_board_package_R2.0/dwm/examples/dwm-simple/../../lib/libdwm.a(shell.o)
 .text._shell_get_arg
                0x0004b89c       0x14 C:/Repo_Licenta/UWB/DWM1001_on_board_package_R2.0/dwm/examples/dwm-simple/../../lib/libdwm.a(shell.o)
 .text._shell_set_init_print
                0x0004b8b0        0xc C:/Repo_Licenta/UWB/DWM1001_on_board_package_R2.0/dwm/examples/dwm-simple/../../lib/libdwm.a(shell.o)
 .text._shell_show_hidden
                0x0004b8bc        0xc C:/Repo_Licenta/UWB/DWM1001_on_board_package_R2.0/dwm/examples/dwm-simple/../../lib/libdwm.a(shell.o)
 .text._shell_init_ready_await
                0x0004b8c8       0x18 C:/Repo_Licenta/UWB/DWM1001_on_board_package_R2.0/dwm/examples/dwm-simple/../../lib/libdwm.a(shell.o)
 .text.shell_init_print_fnc
                0x0004b8e0        0xc C:/Repo_Licenta/UWB/DWM1001_on_board_package_R2.0/dwm/examples/dwm-simple/../../lib/libdwm.a(shell.o)
 .text._shell_print_hex
                0x0004b8ec       0x48 C:/Repo_Licenta/UWB/DWM1001_on_board_package_R2.0/dwm/examples/dwm-simple/../../lib/libdwm.a(shell.o)
 .text._shell_get_arg_int
                0x0004b934       0x4c C:/Repo_Licenta/UWB/DWM1001_on_board_package_R2.0/dwm/examples/dwm-simple/../../lib/libdwm.a(shell.o)
 .text._shell_start
                0x0004b980        0x4 C:/Repo_Licenta/UWB/DWM1001_on_board_package_R2.0/dwm/examples/dwm-simple/../../lib/libdwm.a(shell.o)
 .text._shell_uninit
                0x0004b984       0x3c C:/Repo_Licenta/UWB/DWM1001_on_board_package_R2.0/dwm/examples/dwm-simple/../../lib/libdwm.a(shell.o)
 .text._shell_init
                0x0004b9c0       0x44 C:/Repo_Licenta/UWB/DWM1001_on_board_package_R2.0/dwm/examples/dwm-simple/../../lib/libdwm.a(shell.o)
 .text.shell_fsm_entry
                0x0004ba04      0x29c C:/Repo_Licenta/UWB/DWM1001_on_board_package_R2.0/dwm/examples/dwm-simple/../../lib/libdwm.a(shell.o)
 .text.shell_thread_entry
                0x0004bca0       0x88 C:/Repo_Licenta/UWB/DWM1001_on_board_package_R2.0/dwm/examples/dwm-simple/../../lib/libdwm.a(shell.o)
                0x0004bca0                shell_thread_entry
 .text.dwm_shell_init
                0x0004bd28       0x10 C:/Repo_Licenta/UWB/DWM1001_on_board_package_R2.0/dwm/examples/dwm-simple/../../lib/libdwm.a(shell.o)
                0x0004bd28                dwm_shell_init
 .text.shell_init
                0x0004bd38       0x10 C:/Repo_Licenta/UWB/DWM1001_on_board_package_R2.0/dwm/examples/dwm-simple/../../lib/libdwm.a(shell.o)
                0x0004bd38                shell_init
 .text.shell_uninit
                0x0004bd48       0x10 C:/Repo_Licenta/UWB/DWM1001_on_board_package_R2.0/dwm/examples/dwm-simple/../../lib/libdwm.a(shell.o)
                0x0004bd48                shell_uninit
 .text._shell_delete_if_unused
                0x0004bd58       0x2c C:/Repo_Licenta/UWB/DWM1001_on_board_package_R2.0/dwm/examples/dwm-simple/../../lib/libdwm.a(shell.o)
 .text.shell_start
                0x0004bd84       0x10 C:/Repo_Licenta/UWB/DWM1001_on_board_package_R2.0/dwm/examples/dwm-simple/../../lib/libdwm.a(shell.o)
                0x0004bd84                shell_start
 .text.shell_stop
                0x0004bd94       0x10 C:/Repo_Licenta/UWB/DWM1001_on_board_package_R2.0/dwm/examples/dwm-simple/../../lib/libdwm.a(shell.o)
                0x0004bd94                shell_stop
 .text.shell_quit
                0x0004bda4       0x14 C:/Repo_Licenta/UWB/DWM1001_on_board_package_R2.0/dwm/examples/dwm-simple/../../lib/libdwm.a(shell.o)
 .text.shell_delete_if_unused
                0x0004bdb8       0x10 C:/Repo_Licenta/UWB/DWM1001_on_board_package_R2.0/dwm/examples/dwm-simple/../../lib/libdwm.a(shell.o)
                0x0004bdb8                shell_delete_if_unused
 .text.shell_add_cmds
                0x0004bdc8       0x10 C:/Repo_Licenta/UWB/DWM1001_on_board_package_R2.0/dwm/examples/dwm-simple/../../lib/libdwm.a(shell.o)
                0x0004bdc8                shell_add_cmds
 .text.get_argc
                0x0004bdd8       0x10 C:/Repo_Licenta/UWB/DWM1001_on_board_package_R2.0/dwm/examples/dwm-simple/../../lib/libdwm.a(shell.o)
                0x0004bdd8                get_argc
 .text.shell_get_arg
                0x0004bde8       0x10 C:/Repo_Licenta/UWB/DWM1001_on_board_package_R2.0/dwm/examples/dwm-simple/../../lib/libdwm.a(shell.o)
                0x0004bde8                shell_get_arg
 .text._get_argv
                0x0004bdf8        0x4 C:/Repo_Licenta/UWB/DWM1001_on_board_package_R2.0/dwm/examples/dwm-simple/../../lib/libdwm.a(shell.o)
 .text.shell_get_arg_int
                0x0004bdfc       0x10 C:/Repo_Licenta/UWB/DWM1001_on_board_package_R2.0/dwm/examples/dwm-simple/../../lib/libdwm.a(shell.o)
                0x0004bdfc                shell_get_arg_int
 .text.shell_set_init_print
                0x0004be0c       0x10 C:/Repo_Licenta/UWB/DWM1001_on_board_package_R2.0/dwm/examples/dwm-simple/../../lib/libdwm.a(shell.o)
                0x0004be0c                shell_set_init_print
 .text._dwm_shell_init
                0x0004be1c       0x70 C:/Repo_Licenta/UWB/DWM1001_on_board_package_R2.0/dwm/examples/dwm-simple/../../lib/libdwm.a(shell.o)
                0x0004be1c                _dwm_shell_init
 .text.shell_show_hidden
                0x0004be8c       0x10 C:/Repo_Licenta/UWB/DWM1001_on_board_package_R2.0/dwm/examples/dwm-simple/../../lib/libdwm.a(shell.o)
                0x0004be8c                shell_show_hidden
 .text.shell_help
                0x0004be9c       0xa8 C:/Repo_Licenta/UWB/DWM1001_on_board_package_R2.0/dwm/examples/dwm-simple/../../lib/libdwm.a(shell.o)
 .text.shell_show_hidden_enabled
                0x0004bf44       0x14 C:/Repo_Licenta/UWB/DWM1001_on_board_package_R2.0/dwm/examples/dwm-simple/../../lib/libdwm.a(shell.o)
                0x0004bf44                shell_show_hidden_enabled
 .text.shell_is_compiled
                0x0004bf58        0xc C:/Repo_Licenta/UWB/DWM1001_on_board_package_R2.0/dwm/examples/dwm-simple/../../lib/libdwm.a(shell.o)
                0x0004bf58                shell_is_compiled
 .text.shell_compile
                0x0004bf64       0xe0 C:/Repo_Licenta/UWB/DWM1001_on_board_package_R2.0/dwm/examples/dwm-simple/../../lib/libdwm.a(shell.o)
                0x0004bf64                shell_compile
 .text.cmd_twi  0x0004c044       0xc4 C:/Repo_Licenta/UWB/DWM1001_on_board_package_R2.0/dwm/examples/dwm-simple/../../lib/libdwm.a(shell-sens.o)
                0x0004c044                cmd_twi
 .text.cmd_stnry_cfg_get
                0x0004c108       0x2c C:/Repo_Licenta/UWB/DWM1001_on_board_package_R2.0/dwm/examples/dwm-simple/../../lib/libdwm.a(shell-sens.o)
                0x0004c108                cmd_stnry_cfg_get
 .text.cmd_acc_xyz
                0x0004c134       0x48 C:/Repo_Licenta/UWB/DWM1001_on_board_package_R2.0/dwm/examples/dwm-simple/../../lib/libdwm.a(shell-sens.o)
 .text.cmd_acc_id
                0x0004c17c       0x24 C:/Repo_Licenta/UWB/DWM1001_on_board_package_R2.0/dwm/examples/dwm-simple/../../lib/libdwm.a(shell-sens.o)
 .text.cmd_stnry_cfg_set
                0x0004c1a0       0x60 C:/Repo_Licenta/UWB/DWM1001_on_board_package_R2.0/dwm/examples/dwm-simple/../../lib/libdwm.a(shell-sens.o)
                0x0004c1a0                cmd_stnry_cfg_set
 .text.NVIC_SystemReset
                0x0004c200       0x24 C:/Repo_Licenta/UWB/DWM1001_on_board_package_R2.0/dwm/examples/dwm-simple/../../lib/libdwm.a(shell-sys.o)
 .text.cmd_reset
                0x0004c224        0x6 C:/Repo_Licenta/UWB/DWM1001_on_board_package_R2.0/dwm/examples/dwm-simple/../../lib/libdwm.a(shell-sys.o)
                0x0004c224                cmd_reset
 .text.cmd_free