Archive member included to satisfy reference by file (symbol)

C:/Repo_Licenta/UWB/DWM1001_on_board_package_R2.0/dwm/examples/dwm-simple/../../lib/libdwm.a(ble_advertising.o)
                              C:/Repo_Licenta/UWB/DWM1001_on_board_package_R2.0/dwm/examples/dwm-simple/output/compiler/dwm-simple.o (ble_advertising_start)
C:/Repo_Licenta/UWB/DWM1001_on_board_package_R2.0/dwm/examples/dwm-simple/../../lib/libdwm.a(ble-server.o)
                              C:/Repo_Licenta/UWB/DWM1001_on_board_package_R2.0/dwm/examples/dwm-simple/../../lib/dwm.o (ble_add_shell_cmds)
C:/Repo_Licenta/UWB/DWM1001_on_board_package_R2.0/dwm/examples/dwm-simple/../../lib/libdwm.a(ble_srv_common.o)
                              C:/Repo_Licenta/UWB/DWM1001_on_board_package_R2.0/dwm/examples/dwm-simple/../../lib/libdwm.a(ble-server.o) (ble_srv_is_notification_enabled)
C:/Repo_Licenta/UWB/DWM1001_on_board_package_R2.0/dwm/examples/dwm-simple/../../lib/libdwm.a(dw1000.o)
                              C:/Repo_Licenta/UWB/DWM1001_on_board_package_R2.0/dwm/examples/dwm-simple/../../lib/libdwm.a(ble-server.o) (dw_rand)
C:/Repo_Licenta/UWB/DWM1001_on_board_package_R2.0/dwm/examples/dwm-simple/../../lib/libdwm.a(dwm-math.o)
                              C:/Repo_Licenta/UWB/DWM1001_on_board_package_R2.0/dwm/examples/dwm-simple/../../lib/libdwm.a(dw1000.o) (flog10)
C:/Repo_Licenta/UWB/DWM1001_on_board_package_R2.0/dwm/examples/dwm-simple/../../lib/libdwm.a(dwm.o)
                              C:/Repo_Licenta/UWB/DWM1001_on_board_package_R2.0/dwm/examples/dwm-simple/output/compiler/dwm-simple.o (dwm_systime_us_get)
C:/Repo_Licenta/UWB/DWM1001_on_board_package_R2.0/dwm/examples/dwm-simple/../../lib/libdwm.a(env-tlv.o)
                              C:/Repo_Licenta/UWB/DWM1001_on_board_package_R2.0/dwm/examples/dwm-simple/../../lib/dwm.o (env_load)
C:/Repo_Licenta/UWB/DWM1001_on_board_package_R2.0/dwm/examples/dwm-simple/../../lib/libdwm.a(fstorage.o)
                              C:/Repo_Licenta/UWB/DWM1001_on_board_package_R2.0/dwm/examples/dwm-simple/../../lib/libdwm.a(ble_advertising.o) (fs_queued_op_count_get)
C:/Repo_Licenta/UWB/DWM1001_on_board_package_R2.0/dwm/examples/dwm-simple/../../lib/libdwm.a(fwup.o)
                              C:/Repo_Licenta/UWB/DWM1001_on_board_package_R2.0/dwm/examples/dwm-simple/../../lib/libdwm.a(ble-server.o) (fwup_rcvr_in_progress)
C:/Repo_Licenta/UWB/DWM1001_on_board_package_R2.0/dwm/examples/dwm-simple/../../lib/libdwm.a(hal.o)
                              C:/Repo_Licenta/UWB/DWM1001_on_board_package_R2.0/dwm/examples/dwm-simple/../../lib/libdwm.a(dwm.o) (hal_factory_reset)
C:/Repo_Licenta/UWB/DWM1001_on_board_package_R2.0/dwm/examples/dwm-simple/../../lib/libdwm.a(nrf_drv_rng.o)
                              C:/Repo_Licenta/UWB/DWM1001_on_board_package_R2.0/dwm/examples/dwm-simple/../../lib/libdwm.a(hal.o) (nrf_drv_rng_init)
C:/Repo_Licenta/UWB/DWM1001_on_board_package_R2.0/dwm/examples/dwm-simple/../../lib/libdwm.a(pm.o)
                              C:/Repo_Licenta/UWB/DWM1001_on_board_package_R2.0/dwm/examples/dwm-simple/../../lib/libdwm.a(ble-server.o) (pm_sched_signal)
C:/Repo_Licenta/UWB/DWM1001_on_board_package_R2.0/dwm/examples/dwm-simple/../../lib/libdwm.a(process-api.o)
                              C:/Repo_Licenta/UWB/DWM1001_on_board_package_R2.0/dwm/examples/dwm-simple/../../lib/dwm.o (api_thread_start)
C:/Repo_Licenta/UWB/DWM1001_on_board_package_R2.0/dwm/examples/dwm-simple/../../lib/libdwm.a(process-ble.o)
                              C:/Repo_Licenta/UWB/DWM1001_on_board_package_R2.0/dwm/examples/dwm-simple/../../lib/libdwm.a(ble-server.o) (ble_server_evt_put)
C:/Repo_Licenta/UWB/DWM1001_on_board_package_R2.0/dwm/examples/dwm-simple/../../lib/libdwm.a(process-le.o)
                              C:/Repo_Licenta/UWB/DWM1001_on_board_package_R2.0/dwm/examples/dwm-simple/../../lib/dwm.o (le_init)
C:/Repo_Licenta/UWB/DWM1001_on_board_package_R2.0/dwm/examples/dwm-simple/../../lib/libdwm.a(process-pm.o)
                              C:/Repo_Licenta/UWB/DWM1001_on_board_package_R2.0/dwm/examples/dwm-simple/../../lib/dwm.o (hal_pm_init)
C:/Repo_Licenta/UWB/DWM1001_on_board_package_R2.0/dwm/examples/dwm-simple/../../lib/libdwm.a(process-svc.o)
                              C:/Repo_Licenta/UWB/DWM1001_on_board_package_R2.0/dwm/examples/dwm-simple/../../lib/dwm.o (svc_init)
C:/Repo_Licenta/UWB/DWM1001_on_board_package_R2.0/dwm/examples/dwm-simple/../../lib/libdwm.a(process-uwbmac.o)
                              C:/Repo_Licenta/UWB/DWM1001_on_board_package_R2.0/dwm/examples/dwm-simple/../../lib/dwm.o (uwbmac_init)
C:/Repo_Licenta/UWB/DWM1001_on_board_package_R2.0/dwm/examples/dwm-simple/../../lib/libdwm.a(process-uwb.o)
                              C:/Repo_Licenta/UWB/DWM1001_on_board_package_R2.0/dwm/examples/dwm-simple/../../lib/dwm.o (uwb_init)
C:/Repo_Licenta/UWB/DWM1001_on_board_package_R2.0/dwm/examples/dwm-simple/../../lib/libdwm.a(serial.o)
[...]
Memory Configuration

Name             Origin             Length             Attributes
sram             0x200035e0         0x0000ba20
flash            0x00044000         0x0003c000
*default*        0x00000000         0xffffffff

Linker script and memory map

LOAD C:/Repo_Licenta/UWB/DWM1001_on_board_package_R2.0/dwm/examples/dwm-simple/../../lib\vectors.o
LOAD C:/Repo_Licenta/UWB/DWM1001_on_board_package_R2.0/dwm/examples/dwm-simple/output/compiler/ble_advertising.o
LOAD C:/Repo_Licenta/UWB/DWM1001_on_board_package_R2.0/dwm/examples/dwm-simple/output/compiler/dwm-simple.o
LOAD C:/Repo_Licenta/UWB/DWM1001_on_board_package_R2.0/dwm/examples/dwm-simple/../../lib/dwm.o
LOAD C:/Repo_Licenta/UWB/DWM1001_on_board_package_R2.0/dwm/examples/dwm-simple/../../lib/libdwm.a
LOAD c:/program files (x86)/gnu arm embedded toolchain/10 2021.10/bin/../lib/gcc/arm-none-eabi/10.3.1/../../../../arm-none-eabi/lib/thumb/v7e-m+fp/hard\libm.a
LOAD c:/program files (x86)/gnu arm embedded toolchain/10 2021.10/bin/../lib/gcc/arm-none-eabi/10.3.1/thumb/v7e-m+fp/hard\libgcc.a
LOAD c:/program files (x86)/gnu arm embedded toolchain/10 2021.10/bin/../lib/gcc/arm-none-eabi/10.3.1/../../../../arm-none-eabi/lib/thumb/v7e-m+fp/hard\libc.a
LOAD c:/program files (x86)/gnu arm embedded toolchain/10 2021.10/bin/../lib/gcc/arm-none-eabi/10.3.1/../../../../arm-none-eabi/lib/thumb/v7e-m+fp/hard\libnosys.a
LOAD C:/Repo_Licenta/UWB/DWM1001_on_board_package_R2.0/dwm/examples/dwm-simple/../../lib\extras.o
START GROUP
LOAD C:/Repo_Licenta/UWB/DWM1001_on_board_package_R2.0/dwm/examples/dwm-simple/../../lib\libtarget.a
LOAD c:/program files (x86)/gnu arm embedded toolchain/10 2021.10/bin/../lib/gcc/arm-none-eabi/10.3.1/thumb/v7e-m+fp/hard\libgcc.a
LOAD c:/program files (x86)/gnu arm embedded toolchain/10 2021.10/bin/../lib/gcc/arm-none-eabi/10.3.1/../../../../arm-none-eabi/lib/thumb/v7e-m+fp/hard\libsupc++.a
END GROUP

.debug_aranges  0x00000000      0x248
 *(.debug_aranges)
 .debug_aranges
                0x00000000      0x248 C:/Repo_Licenta/UWB/DWM1001_on_board_package_R2.0/dwm/examples/dwm-simple/output/compiler/dwm-simple.o

.debug_pubnames
 *(.debug_pubnames)

.debug_info     0x00000000     0x2a17
 *(.debug_info)
 .debug_info    0x00000000     0x2a17 C:/Repo_Licenta/UWB/DWM1001_on_board_package_R2.0/dwm/examples/dwm-simple/output/compiler/dwm-simple.o

.debug_abbrev   0x00000000      0x2de
 *(.debug_abbrev)
 .debug_abbrev  0x00000000      0x2de C:/Repo_Licenta/UWB/DWM1001_on_board_package_R2.0/dwm/examples/dwm-simple/output/compiler/dwm-simple.o

.debug_line     0x00000000      0x88c
 *(.debug_line)
 .debug_line    0x00000000      0x88c C:/Repo_Licenta/UWB/DWM1001_on_board_package_R2.0/dwm/examples/dwm-simple/output/compiler/dwm-simple.o

.debug_frame    0x00000000     0x22e8
 *(.debug_frame)
 .debug_frame   0x00000000      0x4ac C:/Repo_Licenta/UWB/DWM1001_on_board_package_R2.0/dwm/examples/dwm-simple/output/compiler/dwm-simple.o
 .debug_frame   0x000004ac       0x30 c:/program files (x86)/gnu arm embedded toolchain/10 2021.10/bin/../lib/gcc/arm-none-eabi/10.3.1/../../../../arm-none-eabi/lib/thumb/v7e-m+fp/hard\libm.a(lib_a-s_ceil.o)
 .debug_frame   0x000004dc       0x30 c:/program files (x86)/gnu arm embedded toolchain/10 2021.10/bin/../lib/gcc/arm-none-eabi/10.3.1/../../../../arm-none-eabi/lib/thumb/v7e-m+fp/hard\libm.a(lib_a-s_floor.o)
 .debug_frame   0x0000050c       0x48 c:/program files (x86)/gnu arm embedded toolchain/10 2021.10/bin/../lib/gcc/arm-none-eabi/10.3.1/../../../../arm-none-eabi/lib/thumb/v7e-m+fp/hard\libm.a(lib_a-w_sqrt.o)
 .debug_frame   0x00000554       0x30 c:/program files (x86)/gnu arm embedded toolchain/10 2021.10/bin/../lib/gcc/arm-none-eabi/10.3.1/../../../../arm-none-eabi/lib/thumb/v7e-m+fp/hard\libm.a(lib_a-e_sqrt.o)
 .debug_frame   0x00000584       0xac c:/program files (x86)/gnu arm embedded toolchain/10 2021.10/bin/../lib/gcc/arm-none-eabi/10.3.1/thumb/v7e-m+fp/hard\libgcc.a(_arm_addsubdf3.o)
 .debug_frame   0x00000630       0x50 c:/program files (x86)/gnu arm embedded toolchain/10 2021.10/bin/../lib/gcc/arm-none-eabi/10.3.1/thumb/v7e-m+fp/hard\libgcc.a(_arm_muldivdf3.o)
 .debug_frame   0x00000680       0xc4 c:/program files (x86)/gnu arm embedded toolchain/10 2021.10/bin/../lib/gcc/arm-none-eabi/10.3.1/thumb/v7e-m+fp/hard\libgcc.a(_arm_cmpdf2.o)
 .debug_frame   0x00000744       0x20 c:/program files (x86)/gnu arm embedded toolchain/10 2021.10/bin/../lib/gcc/arm-none-eabi/10.3.1/thumb/v7e-m+fp/hard\libgcc.a(_arm_unorddf2.o)
 .debug_frame   0x00000764       0x24 c:/program files (x86)/gnu arm embedded toolchain/10 2021.10/bin/../lib/gcc/arm-none-eabi/10.3.1/thumb/v7e-m+fp/hard\libgcc.a(_arm_fixdfsi.o)
 .debug_frame   0x00000788       0x24 c:/program files (x86)/gnu arm embedded toolchain/10 2021.10/bin/../lib/gcc/arm-none-eabi/10.3.1/thumb/v7e-m+fp/hard\libgcc.a(_arm_fixunsdfsi.o)
 .debug_frame   0x000007ac       0x24 c:/program files (x86)/gnu arm embedded toolchain/10 2021.10/bin/../lib/gcc/arm-none-eabi/10.3.1/thumb/v7e-m+fp/hard\libgcc.a(_arm_truncdfsf2.o)
 .debug_frame   0x000007d0       0x4c c:/program files (x86)/gnu arm embedded toolchain/10 2021.10/bin/../lib/gcc/arm-none-eabi/10.3.1/thumb/v7e-m+fp/hard\libgcc.a(_arm_addsubsf3.o)
 .debug_frame   0x0000081c       0x44 c:/program files (x86)/gnu arm embedded toolchain/10 2021.10/bin/../lib/gcc/arm-none-eabi/10.3.1/thumb/v7e-m+fp/hard\libgcc.a(_aeabi_ldivmod.o)
 .debug_frame   0x00000860       0x2c c:/program files (x86)/gnu arm embedded toolchain/10 2021.10/bin/../lib/gcc/arm-none-eabi/10.3.1/thumb/v7e-m+fp/hard\libgcc.a(_aeabi_uldivmod.o)
 .debug_frame   0x0000088c       0x2c c:/program files (x86)/gnu arm embedded toolchain/10 2021.10/bin/../lib/gcc/arm-none-eabi/10.3.1/thumb/v7e-m+fp/hard\libgcc.a(_fixunssfdi.o)
 .debug_frame   0x000008b8       0x2c c:/program files (x86)/gnu arm embedded toolchain/10 2021.10/bin/../lib/gcc/arm-none-eabi/10.3.1/thumb/v7e-m+fp/hard\libgcc.a(_fixunsdfdi.o)
 .debug_frame   0x000008e4       0x34 c:/program files (x86)/gnu arm embedded toolchain/10 2021.10/bin/../lib/gcc/arm-none-eabi/10.3.1/thumb/v7e-m+fp/hard\libgcc.a(_udivmoddi4.o)
 .debug_frame   0x00000918       0x30 c:/program files (x86)/gnu arm embedded toolchain/10 2021.10/bin/../lib/gcc/arm-none-eabi/10.3.1/../../../../arm-none-eabi/lib/thumb/v7e-m+fp/hard\libc.a(lib_a-atoi.o)
 .debug_frame   0x00000948       0x2c c:/program files (x86)/gnu arm embedded toolchain/10 2021.10/bin/../lib/gcc/arm-none-eabi/10.3.1/../../../../arm-none-eabi/lib/thumb/v7e-m+fp/hard\libc.a(lib_a-calloc.o)
 .debug_frame   0x00000974       0x2c c:/program files (x86)/gnu arm embedded toolchain/10 2021.10/bin/../lib/gcc/arm-none-eabi/10.3.1/../../../../arm-none-eabi/lib/thumb/v7e-m+fp/hard\libc.a(lib_a-callocr.o)
 .debug_frame   0x000009a0       0x20 c:/program files (x86)/gnu arm embedded toolchain/10 2021.10/bin/../lib/gcc/arm-none-eabi/10.3.1/../../../../arm-none-eabi/lib/thumb/v7e-m+fp/hard\libc.a(lib_a-errno.o)
 .debug_frame   0x000009c0       0x70 c:/program files (x86)/gnu arm embedded toolchain/10 2021.10/bin/../lib/gcc/arm-none-eabi/10.3.1/../../../../arm-none-eabi/lib/thumb/v7e-m+fp/hard\libc.a(lib_a-fflush.o)
 .debug_frame   0x00000a30      0x154 c:/program files (x86)/gnu arm embedded toolchain/10 2021.10/bin/../lib/gcc/arm-none-eabi/10.3.1/../../../../arm-none-eabi/lib/thumb/v7e-m+fp/hard\libc.a(lib_a-findfp.o)
 .debug_frame   0x00000b84       0x8c c:/program files (x86)/gnu arm embedded toolchain/10 2021.10/bin/../lib/gcc/arm-none-eabi/10.3.1/../../../../arm-none-eabi/lib/thumb/v7e-m+fp/hard\libc.a(lib_a-freer.o)
 .debug_frame   0x00000c10       0x54 c:/program files (x86)/gnu arm embedded toolchain/10 2021.10/bin/../lib/gcc/arm-none-eabi/10.3.1/../../../../arm-none-eabi/lib/thumb/v7e-m+fp/hard\libc.a(lib_a-fwalk.o)
 .debug_frame   0x00000c64       0xb0 c:/program files (x86)/gnu arm embedded toolchain/10 2021.10/bin/../lib/gcc/arm-none-eabi/10.3.1/../../../../arm-none-eabi/lib/thumb/v7e-m+fp/hard\libc.a(lib_a-lock.o)
 .debug_frame   0x00000d14       0x30 c:/program files (x86)/gnu arm embedded toolchain/10 2021.10/bin/../lib/gcc/arm-none-eabi/10.3.1/../../../../arm-none-eabi/lib/thumb/v7e-m+fp/hard\libc.a(lib_a-malloc.o)
 .debug_frame   0x00000d44       0x4c c:/program files (x86)/gnu arm embedded toolchain/10 2021.10/bin/../lib/gcc/arm-none-eabi/10.3.1/../../../../arm-none-eabi/lib/thumb/v7e-m+fp/hard\libc.a(lib_a-mallocr.o)
 .debug_frame   0x00000d90       0x2c c:/program files (x86)/gnu arm embedded toolchain/10 2021.10/bin/../lib/gcc/arm-none-eabi/10.3.1/../../../../arm-none-eabi/lib/thumb/v7e-m+fp/hard\libc.a(lib_a-memcmp.o)
 .debug_frame   0x00000dbc       0x2c c:/program files (x86)/gnu arm embedded toolchain/10 2021.10/bin/../lib/gcc/arm-none-eabi/10.3.1/../../../../arm-none-eabi/lib/thumb/v7e-m+fp/hard\libc.a(lib_a-memset.o)
 .debug_frame   0x00000de8       0x30 c:/program files (x86)/gnu arm embedded toolchain/10 2021.10/bin/../lib/gcc/arm-none-eabi/10.3.1/../../../../arm-none-eabi/lib/thumb/v7e-m+fp/hard\libc.a(lib_a-mlock.o)
 .debug_frame   0x00000e18       0x8c c:/program files (x86)/gnu arm embedded toolchain/10 2021.10/bin/../lib/gcc/arm-none-eabi/10.3.1/../../../../arm-none-eabi/lib/thumb/v7e-m+fp/hard\libc.a(lib_a-mstats.o)
 .debug_frame   0x00000ea4       0x74 c:/program files (x86)/gnu arm embedded toolchain/10 2021.10/bin/../lib/gcc/arm-none-eabi/10.3.1/../../../../arm-none-eabi/lib/thumb/v7e-m+fp/hard\libc.a(lib_a-printf.o)
 .debug_frame   0x00000f18       0x30 c:/program files (x86)/gnu arm embedded toolchain/10 2021.10/bin/../lib/gcc/arm-none-eabi/10.3.1/../../../../arm-none-eabi/lib/thumb/v7e-m+fp/hard\libc.a(lib_a-putchar.o)
 .debug_frame   0x00000f48       0x4c c:/program files (x86)/gnu arm embedded toolchain/10 2021.10/bin/../lib/gcc/arm-none-eabi/10.3.1/../../../../arm-none-eabi/lib/thumb/v7e-m+fp/hard\libc.a(lib_a-puts.o)
 .debug_frame   0x00000f94       0x2c c:/program files (x86)/gnu arm embedded toolchain/10 2021.10/bin/../lib/gcc/arm-none-eabi/10.3.1/../../../../arm-none-eabi/lib/thumb/v7e-m+fp/hard\libc.a(lib_a-sbrkr.o)
 .debug_frame   0x00000fc0       0x94 c:/program files (x86)/gnu arm embedded toolchain/10 2021.10/bin/../lib/gcc/arm-none-eabi/10.3.1/../../../../arm-none-eabi/lib/thumb/v7e-m+fp/hard\libc.a(lib_a-snprintf.o)
 .debug_frame   0x00001054       0x8c c:/program files (x86)/gnu arm embedded toolchain/10 2021.10/bin/../lib/gcc/arm-none-eabi/10.3.1/../../../../arm-none-eabi/lib/thumb/v7e-m+fp/hard\libc.a(lib_a-stdio.o)
 .debug_frame   0x000010e0       0x68 c:/program files (x86)/gnu arm embedded toolchain/10 2021.10/bin/../lib/gcc/arm-none-eabi/10.3.1/../../../../arm-none-eabi/lib/thumb/v7e-m+fp/hard\libc.a(lib_a-strcmp.o)
 .debug_frame   0x00001148       0x38 c:/program files (x86)/gnu arm embedded toolchain/10 2021.10/bin/../lib/gcc/arm-none-eabi/10.3.1/../../../../arm-none-eabi/lib/thumb/v7e-m+fp/hard\libc.a(lib_a-strncmp.o)
 .debug_frame   0x00001180       0x20 c:/program files (x86)/gnu arm embedded toolchain/10 2021.10/bin/../lib/gcc/arm-none-eabi/10.3.1/../../../../arm-none-eabi/lib/thumb/v7e-m+fp/hard\libc.a(lib_a-strnlen.o)
 .debug_frame   0x000011a0       0x20 c:/program files (x86)/gnu arm embedded toolchain/10 2021.10/bin/../lib/gcc/arm-none-eabi/10.3.1/../../../../arm-none-eabi/lib/thumb/v7e-m+fp/hard\libc.a(lib_a-strtok.o)
 .debug_frame   0x000011c0       0x50 c:/program files (x86)/gnu arm embedded toolchain/10 2021.10/bin/../lib/gcc/arm-none-eabi/10.3.1/../../../../arm-none-eabi/lib/thumb/v7e-m+fp/hard\libc.a(lib_a-strtok_r.o)
 .debug_frame   0x00001210       0x80 c:/program files (x86)/gnu arm embedded toolchain/10 2021.10/bin/../lib/gcc/arm-none-eabi/10.3.1/../../../../arm-none-eabi/lib/thumb/v7e-m+fp/hard\libc.a(lib_a-strtol.o)
 .debug_frame   0x00001290       0x7c c:/program files (x86)/gnu arm embedded toolchain/10 2021.10/bin/../lib/gcc/arm-none-eabi/10.3.1/../../../../arm-none-eabi/lib/thumb/v7e-m+fp/hard\libc.a(lib_a-strtoul.o)
 .debug_frame   0x0000130c       0x7c c:/program files (x86)/gnu arm embedded toolchain/10 2021.10/bin/../lib/gcc/arm-none-eabi/10.3.1/../../../../arm-none-eabi/lib/thumb/v7e-m+fp/hard\libc.a(lib_a-svfprintf.o)
 .debug_frame   0x00001388       0xe4 c:/program files (x86)/gnu arm embedded toolchain/10 2021.10/bin/../lib/gcc/arm-none-eabi/10.3.1/../../../../arm-none-eabi/lib/thumb/v7e-m+fp/hard\libc.a(lib_a-vfprintf.o)
 .debug_frame   0x0000146c       0x2c c:/program files (x86)/gnu arm embedded toolchain/10 2021.10/bin/../lib/gcc/arm-none-eabi/10.3.1/../../../../arm-none-eabi/lib/thumb/v7e-m+fp/hard\libc.a(lib_a-writer.o)
 .debug_frame   0x00001498       0x2c c:/program files (x86)/gnu arm embedded toolchain/10 2021.10/bin/../lib/gcc/arm-none-eabi/10.3.1/../../../../arm-none-eabi/lib/thumb/v7e-m+fp/hard\libc.a(lib_a-wsetup.o)
 .debug_frame   0x000014c4       0x2c c:/program files (x86)/gnu arm embedded toolchain/10 2021.10/bin/../lib/gcc/arm-none-eabi/10.3.1/../../../../arm-none-eabi/lib/thumb/v7e-m+fp/hard\libc.a(lib_a-closer.o)
 .debug_frame   0x000014f0       0xdc c:/program files (x86)/gnu arm embedded toolchain/10 2021.10/bin/../lib/gcc/arm-none-eabi/10.3.1/../../../../arm-none-eabi/lib/thumb/v7e-m+fp/hard\libc.a(lib_a-dtoa.o)
 .debug_frame   0x000015cc       0x3c c:/program files (x86)/gnu arm embedded toolchain/10 2021.10/bin/../lib/gcc/arm-none-eabi/10.3.1/../../../../arm-none-eabi/lib/thumb/v7e-m+fp/hard\libc.a(lib_a-fclose.o)
 .debug_frame   0x00001608       0x70 c:/program files (x86)/gnu arm embedded toolchain/10 2021.10/bin/../lib/gcc/arm-none-eabi/10.3.1/../../../../arm-none-eabi/lib/thumb/v7e-m+fp/hard\libc.a(lib_a-fiprintf.o)
 .debug_frame   0x00001678       0x64 c:/program files (x86)/gnu arm embedded toolchain/10 2021.10/bin/../lib/gcc/arm-none-eabi/10.3.1/../../../../arm-none-eabi/lib/thumb/v7e-m+fp/hard\libc.a(lib_a-fvwrite.o)
 .debug_frame   0x000016dc       0x40 c:/program files (x86)/gnu arm embedded toolchain/10 2021.10/bin/../lib/gcc/arm-none-eabi/10.3.1/../../../../arm-none-eabi/lib/thumb/v7e-m+fp/hard\libc.a(lib_a-localeconv.o)
 .debug_frame   0x0000171c       0x2c c:/program files (x86)/gnu arm embedded toolchain/10 2021.10/bin/../lib/gcc/arm-none-eabi/10.3.1/../../../../arm-none-eabi/lib/thumb/v7e-m+fp/hard\libc.a(lib_a-lseekr.o)
 .debug_frame   0x00001748       0x70 c:/program files (x86)/gnu arm embedded toolchain/10 2021.10/bin/../lib/gcc/arm-none-eabi/10.3.1/../../../../arm-none-eabi/lib/thumb/v7e-m+fp/hard\libc.a(lib_a-makebuf.o)
 .debug_frame   0x000017b8       0x44 c:/program files (x86)/gnu arm embedded toolchain/10 2021.10/bin/../lib/gcc/arm-none-eabi/10.3.1/../../../../arm-none-eabi/lib/thumb/v7e-m+fp/hard\libc.a(lib_a-mallinfor.o)
 .debug_frame   0x000017fc       0x40 c:/program files (x86)/gnu arm embedded toolchain/10 2021.10/bin/../lib/gcc/arm-none-eabi/10.3.1/../../../../arm-none-eabi/lib/thumb/v7e-m+fp/hard\libc.a(lib_a-memmove.o)
 .debug_frame   0x0000183c      0x280 c:/program files (x86)/gnu arm embedded toolchain/10 2021.10/bin/../lib/gcc/arm-none-eabi/10.3.1/../../../../arm-none-eabi/lib/thumb/v7e-m+fp/hard\libc.a(lib_a-mprec.o)
 .debug_frame   0x00001abc       0x48 c:/program files (x86)/gnu arm embedded toolchain/10 2021.10/bin/../lib/gcc/arm-none-eabi/10.3.1/../../../../arm-none-eabi/lib/thumb/v7e-m+fp/hard\libc.a(lib_a-putc.o)
 .debug_frame   0x00001b04       0x2c c:/program files (x86)/gnu arm embedded toolchain/10 2021.10/bin/../lib/gcc/arm-none-eabi/10.3.1/../../../../arm-none-eabi/lib/thumb/v7e-m+fp/hard\libc.a(lib_a-readr.o)
 .debug_frame   0x00001b30       0x48 c:/program files (x86)/gnu arm embedded toolchain/10 2021.10/bin/../lib/gcc/arm-none-eabi/10.3.1/../../../../arm-none-eabi/lib/thumb/v7e-m+fp/hard\libc.a(lib_a-reallocr.o)
 .debug_frame   0x00001b78       0x64 c:/program files (x86)/gnu arm embedded toolchain/10 2021.10/bin/../lib/gcc/arm-none-eabi/10.3.1/../../../../arm-none-eabi/lib/thumb/v7e-m+fp/hard\libc.a(lib_a-reent.o)
 .debug_frame   0x00001bdc       0x2c c:/program files (x86)/gnu arm embedded toolchain/10 2021.10/bin/../lib/gcc/arm-none-eabi/10.3.1/../../../../arm-none-eabi/lib/thumb/v7e-m+fp/hard\libc.a(lib_a-s_frexp.o)
 .debug_frame   0x00001c08       0x2c c:/program files (x86)/gnu arm embedded toolchain/10 2021.10/bin/../lib/gcc/arm-none-eabi/10.3.1/../../../../arm-none-eabi/lib/thumb/v7e-m+fp/hard\libc.a(lib_a-strncpy.o)
 .debug_frame   0x00001c34       0x88 c:/program files (x86)/gnu arm embedded toolchain/10 2021.10/bin/../lib/gcc/arm-none-eabi/10.3.1/../../../../arm-none-eabi/lib/thumb/v7e-m+fp/hard\libc.a(lib_a-svfiprintf.o)
 .debug_frame   0x00001cbc       0xf4 c:/program files (x86)/gnu arm embedded toolchain/10 2021.10/bin/../lib/gcc/arm-none-eabi/10.3.1/../../../../arm-none-eabi/lib/thumb/v7e-m+fp/hard\libc.a(lib_a-vfiprintf.o)
 .debug_frame   0x00001db0       0x4c c:/program files (x86)/gnu arm embedded toolchain/10 2021.10/bin/../lib/gcc/arm-none-eabi/10.3.1/../../../../arm-none-eabi/lib/thumb/v7e-m+fp/hard\libc.a(lib_a-wbuf.o)
 .debug_frame   0x00001dfc       0x40 c:/program files (x86)/gnu arm embedded toolchain/10 2021.10/bin/../lib/gcc/arm-none-eabi/10.3.1/../../../../arm-none-eabi/lib/thumb/v7e-m+fp/hard\libc.a(lib_a-assert.o)
 .debug_frame   0x00001e3c       0x8c c:/program files (x86)/gnu arm embedded toolchain/10 2021.10/bin/../lib/gcc/arm-none-eabi/10.3.1/../../../../arm-none-eabi/lib/thumb/v7e-m+fp/hard\libc.a(lib_a-fputwc.o)
 .debug_frame   0x00001ec8       0x2c c:/program files (x86)/gnu arm embedded toolchain/10 2021.10/bin/../lib/gcc/arm-none-eabi/10.3.1/../../../../arm-none-eabi/lib/thumb/v7e-m+fp/hard\libc.a(lib_a-fstatr.o)
 .debug_frame   0x00001ef4       0x2c c:/program files (x86)/gnu arm embedded toolchain/10 2021.10/bin/../lib/gcc/arm-none-eabi/10.3.1/../../../../arm-none-eabi/lib/thumb/v7e-m+fp/hard\libc.a(lib_a-isattyr.o)
 .debug_frame   0x00001f20       0x68 c:/program files (x86)/gnu arm embedded toolchain/10 2021.10/bin/../lib/gcc/arm-none-eabi/10.3.1/../../../../arm-none-eabi/lib/thumb/v7e-m+fp/hard\libc.a(lib_a-locale.o)
 .debug_frame   0x00001f88       0x4c c:/program files (x86)/gnu arm embedded toolchain/10 2021.10/bin/../lib/gcc/arm-none-eabi/10.3.1/../../../../arm-none-eabi/lib/thumb/v7e-m+fp/hard\libc.a(lib_a-mbtowc_r.o)
 .debug_frame   0x00001fd4       0x60 c:/program files (x86)/gnu arm embedded toolchain/10 2021.10/bin/../lib/gcc/arm-none-eabi/10.3.1/../../../../arm-none-eabi/lib/thumb/v7e-m+fp/hard\libc.a(lib_a-wcrtomb.o)
 .debug_frame   0x00002034       0x3c c:/program files (x86)/gnu arm embedded toolchain/10 2021.10/bin/../lib/gcc/arm-none-eabi/10.3.1/../../../../arm-none-eabi/lib/thumb/v7e-m+fp/hard\libc.a(lib_a-wctomb_r.o)
 .debug_frame   0x00002070       0x28 c:/program files (x86)/gnu arm embedded toolchain/10 2021.10/bin/../lib/gcc/arm-none-eabi/10.3.1/../../../../arm-none-eabi/lib/thumb/v7e-m+fp/hard\libc.a(lib_a-abort.o)
 .debug_frame   0x00002098      0x114 c:/program files (x86)/gnu arm embedded toolchain/10 2021.10/bin/../lib/gcc/arm-none-eabi/10.3.1/../../../../arm-none-eabi/lib/thumb/v7e-m+fp/hard\libc.a(lib_a-signal.o)
 .debug_frame   0x000021ac       0x3c c:/program files (x86)/gnu arm embedded toolchain/10 2021.10/bin/../lib/gcc/arm-none-eabi/10.3.1/../../../../arm-none-eabi/lib/thumb/v7e-m+fp/hard\libc.a(lib_a-signalr.o)
 .debug_frame   0x000021e8       0x20 c:/program files (x86)/gnu arm embedded toolchain/10 2021.10/bin/../lib/gcc/arm-none-eabi/10.3.1/../../../../arm-none-eabi/lib/thumb/v7e-m+fp/hard\libnosys.a(close.o)
 .debug_frame   0x00002208       0x20 c:/program files (x86)/gnu arm embedded toolchain/10 2021.10/bin/../lib/gcc/arm-none-eabi/10.3.1/../../../../arm-none-eabi/lib/thumb/v7e-m+fp/hard\libnosys.a(fstat.o)
 .debug_frame   0x00002228       0x20 c:/program files (x86)/gnu arm embedded toolchain/10 2021.10/bin/../lib/gcc/arm-none-eabi/10.3.1/../../../../arm-none-eabi/lib/thumb/v7e-m+fp/hard\libnosys.a(getpid.o)
 .debug_frame   0x00002248       0x20 c:/program files (x86)/gnu arm embedded toolchain/10 2021.10/bin/../lib/gcc/arm-none-eabi/10.3.1/../../../../arm-none-eabi/lib/thumb/v7e-m+fp/hard\libnosys.a(isatty.o)
 .debug_frame   0x00002268       0x20 c:/program files (x86)/gnu arm embedded toolchain/10 2021.10/bin/../lib/gcc/arm-none-eabi/10.3.1/../../../../arm-none-eabi/lib/thumb/v7e-m+fp/hard\libnosys.a(kill.o)
 .debug_frame   0x00002288       0x20 c:/program files (x86)/gnu arm embedded toolchain/10 2021.10/bin/../lib/gcc/arm-none-eabi/10.3.1/../../../../arm-none-eabi/lib/thumb/v7e-m+fp/hard\libnosys.a(lseek.o)
 .debug_frame   0x000022a8       0x20 c:/program files (x86)/gnu arm embedded toolchain/10 2021.10/bin/../lib/gcc/arm-none-eabi/10.3.1/../../../../arm-none-eabi/lib/thumb/v7e-m+fp/hard\libnosys.a(_exit.o)
 .debug_frame   0x000022c8       0x20 c:/program files (x86)/gnu arm embedded toolchain/10 2021.10/bin/../lib/gcc/arm-none-eabi/10.3.1/../../../../arm-none-eabi/lib/thumb/v7e-m+fp/hard\libsupc++.a(atexit_arm.o)

.debug_str      0x00000000     0x1f64
 *(.debug_str)
 .debug_str     0x00000000     0x1f64 C:/Repo_Licenta/UWB/DWM1001_on_board_package_R2.0/dwm/examples/dwm-simple/output/compiler/dwm-simple.o
                               0x20b2 (size before relaxing)

.debug_loc
 *(.debug_loc)

.debug_macinfo
 *(.debug_macinfo)

.note.arm.ident
 *(.note.arm.ident)

/DISCARD/
 *(.fini_array*)

.rom_vectors    0x00044000        0x8
                0x00044000                __rom_vectors_vma = ABSOLUTE (.)
                0x00044000                . = .
 *(.vectors)
 .vectors       0x00044000        0x8 C:/Repo_Licenta/UWB/DWM1001_on_board_package_R2.0/dwm/examples/dwm-simple/../../lib\vectors.o
                0x00044000                __rom_vectors_lma = LOADADDR (.rom_vectors)

.rel.text
 *(.rel.text)
 *(.rel.text.*)
 *(.rel.gnu.linkonce.t*)

.rela.text
 *(.rela.text)
 *(.rela.text.*)
 *(.rela.gnu.linkonce.t*)

.rel.data
 *(.rel.data)
 *(.rel.data.*)
 *(.rel.gnu.linkonce.d*)

.rela.data
 *(.rela.data)
 *(.rela.data.*)
 *(.rela.gnu.linkonce.d*)

.rel.rodata
 *(.rel.rodata)
 *(.rel.rodata.*)
 *(.rel.gnu.linkonce.r*)

.rela.rodata
 *(.rela.rodata)
 *(.rela.rodata.*)
 *(.rela.gnu.linkonce.r*)

.rel.got
 *(.rel.got)

.rela.got
 *(.rela.got)

.rel.ctors
 *(.rel.ctors)

.rela.ctors
 *(.rela.ctors)

.rel.dtors
 *(.rel.dtors)

.rela.dtors
 *(.rela.dtors)

.rel.init
 *(.rel.init)

.rela.init
 *(.rela.init)

.rel.fini
 *(.rel.fini)

.rela.fini
 *(.rela.fini)

.rel.bss
 *(.rel.bss)

.rela.bss
 *(.rela.bss)

.rel.plt
 *(.rel.plt)

.rela.plt
 *(.rela.plt)

.rel.dyn        0x00044008        0x0
 *(.rel.dyn)
 .rel.iplt      0x00044008        0x0 C:/Repo_Licenta/UWB/DWM1001_on_board_package_R2.0/dwm/examples/dwm-simple/../../lib\vectors.o

.ARM.extab      0x00044008        0x0
                [!provide]                PROVIDE (__stext = ABSOLUTE (.))
                0x00044008                _stext = ABSOLUTE (.)
                0x00044008                . = .
 *(.ARM.extab* .gnu.linkonce.armextab.*)
                0x00044008                . = ALIGN (0x8)
                0x00044008                __exidx_start = ABSOLUTE (.)

.ARM.exidx      0x00044008        0x8
 *(.ARM.exidx* .gnu.linkonce.armexidx.*)
 .ARM.exidx     0x00044008        0x8 c:/program files (x86)/gnu arm embedded toolchain/10 2021.10/bin/../lib/gcc/arm-none-eabi/10.3.1/thumb/v7e-m+fp/hard\libgcc.a(_udivmoddi4.o)
 .ARM.exidx.text.__aeabi_atexit
                0x00044010        0x0 c:/program files (x86)/gnu arm embedded toolchain/10 2021.10/bin/../lib/gcc/arm-none-eabi/10.3.1/../../../../arm-none-eabi/lib/thumb/v7e-m+fp/hard\libsupc++.a(atexit_arm.o)
                                  0x8 (size before relaxing)
                0x00044010                . = .
                0x00044010                __exidx_end = ABSOLUTE (.)

.text           0x00044010    0x2eb3c
 *(.text*)
 .text          0x00044010       0xec C:/Repo_Licenta/UWB/DWM1001_on_board_package_R2.0/dwm/examples/dwm-simple/../../lib\vectors.o
                0x00044010                reset_vector
                0x0004401c                hal_switch_state_vsr
                0x0004403c                hal_default_exception_vsr
                0x0004406e                hal_default_interrupt_vsr
                0x00044082                hal_pendable_svc_vsr
                0x000440a8                hal_interrupt_end_done
                0x000440ac                hal_interrupt_end_vsr
                0x000440ba                hal_call_dsrs_vsr
                0x000440be                hal_default_svc_vsr
                0x000440cc                hal_usagefault_exception_vsr
                0x000440f4                hal_boot_jump_asm
 .text.on_dwm_evt
                0x000440fc      0x1a8 C:/Repo_Licenta/UWB/DWM1001_on_board_package_R2.0/dwm/examples/dwm-simple/output/compiler/dwm-simple.o
                0x000440fc                on_dwm_evt
 .text.app_thread_entry
                0x000442a4      0x278 C:/Repo_Licenta/UWB/DWM1001_on_board_package_R2.0/dwm/examples/dwm-simple/output/compiler/dwm-simple.o
                0x000442a4                app_thread_entry
 .text.dwm_user_start
                0x0004451c       0x58 C:/Repo_Licenta/UWB/DWM1001_on_board_package_R2.0/dwm/examples/dwm-simple/output/compiler/dwm-simple.o
                0x0004451c                dwm_user_start
 .text.user_thread_create
                0x00044574       0x84 C:/Repo_Licenta/UWB/DWM1001_on_board_package_R2.0/dwm/examples/dwm-simple/../../lib/dwm.o
                0x00044574                user_thread_create
 .text.user_thread_resume
                0x000445f8       0x38 C:/Repo_Licenta/UWB/DWM1001_on_board_package_R2.0/dwm/examples/dwm-simple/../../lib/dwm.o
                0x000445f8                user_thread_resume
 .text.dwm_shell_add_commands
                0x00044630       0x6c C:/Repo_Licenta/UWB/DWM1001_on_board_package_R2.0/dwm/examples/dwm-simple/../../lib/dwm.o
                0x00044630                dwm_shell_add_commands
 .text.cyg_user_start
                0x0004469c      0x13c C:/Repo_Licenta/UWB/DWM1001_on_board_package_R2.0/dwm/examples/dwm-simple/../../lib/dwm.o
                0x0004469c                cyg_user_start
 .text.sd_ble_gap_adv_start
                0x000447d8        0x4 C:/Repo_Licenta/UWB/DWM1001_on_board_package_R2.0/dwm/examples/dwm-simple/../../lib/libdwm.a(ble_advertising.o)
 .text.ble_advertising_init
                0x000447dc      0x16c C:/Repo_Licenta/UWB/DWM1001_on_board_package_R2.0/dwm/examples/dwm-simple/../../lib/libdwm.a(ble_advertising.o)
                0x000447dc                ble_advertising_init
 .text.ble_advertising_start
                0x00044948      0x1f8 C:/Repo_Licenta/UWB/DWM1001_on_board_package_R2.0/dwm/examples/dwm-simple/../../lib/libdwm.a(ble_advertising.o)
                0x00044948                ble_advertising_start
 .text.ble_advertising_on_ble_evt
                0x00044b40       0x70 C:/Repo_Licenta/UWB/DWM1001_on_board_package_R2.0/dwm/examples/dwm-simple/../../lib/libdwm.a(ble_advertising.o)
                0x00044b40                ble_advertising_on_ble_evt
 .text.ble_advertising_on_sys_evt
                0x00044bb0       0x38 C:/Repo_Licenta/UWB/DWM1001_on_board_package_R2.0/dwm/examples/dwm-simple/../../lib/libdwm.a(ble_advertising.o)
                0x00044bb0                ble_advertising_on_sys_evt
 .text.sd_ble_gap_addr_set
                0x00044be8        0x4 C:/Repo_Licenta/UWB/DWM1001_on_board_package_R2.0/dwm/examples/dwm-simple/../../lib/libdwm.a(ble-server.o)
 .text.sd_ble_gap_addr_get
                0x00044bec        0x4 C:/Repo_Licenta/UWB/DWM1001_on_board_package_R2.0/dwm/examples/dwm-simple/../../lib/libdwm.a(ble-server.o)
 .text.sd_ble_gap_disconnect
                0x00044bf0        0x4 C:/Repo_Licenta/UWB/DWM1001_on_board_package_R2.0/dwm/examples/dwm-simple/../../lib/libdwm.a(ble-server.o)
 .text.sd_ble_gap_device_name_set
                0x00044bf4        0x4 C:/Repo_Licenta/UWB/DWM1001_on_board_package_R2.0/dwm/examples/dwm-simple/../../lib/libdwm.a(ble-server.o)
 .text.sd_ble_gatts_service_add
                0x00044bf8        0x4 C:/Repo_Licenta/UWB/DWM1001_on_board_package_R2.0/dwm/examples/dwm-simple/../../lib/libdwm.a(ble-server.o)
 .text.sd_ble_gatts_characteristic_add
                0x00044bfc        0x4 C:/Repo_Licenta/UWB/DWM1001_on_board_package_R2.0/dwm/examples/dwm-simple/../../lib/libdwm.a(ble-server.o)
 .text.sd_ble_gatts_value_set
                0x00044c00        0x4 C:/Repo_Licenta/UWB/DWM1001_on_board_package_R2.0/dwm/examples/dwm-simple/../../lib/libdwm.a(ble-server.o)
 .text.sd_ble_gatts_value_get
                0x00044c04        0x4 C:/Repo_Licenta/UWB/DWM1001_on_board_package_R2.0/dwm/examples/dwm-simple/../../lib/libdwm.a(ble-server.o)
 .text.sd_ble_gatts_hvx
                0x00044c08        0x4 C:/Repo_Licenta/UWB/DWM1001_on_board_package_R2.0/dwm/examples/dwm-simple/../../lib/libdwm.a(ble-server.o)
 .text.sd_ble_gatts_exchange_mtu_reply
                0x00044c0c        0x4 C:/Repo_Licenta/UWB/DWM1001_on_board_package_R2.0/dwm/examples/dwm-simple/../../lib/libdwm.a(ble-server.o)
 .text.sd_ble_tx_packet_count_get
                0x00044c10        0x4 C:/Repo_Licenta/UWB/DWM1001_on_board_package_R2.0/dwm/examples/dwm-simple/../../lib/libdwm.a(ble-server.o)
 .text.sd_ble_uuid_vs_add
                0x00044c14        0x4 C:/Repo_Licenta/UWB/DWM1001_on_board_package_R2.0/dwm/examples/dwm-simple/../../lib/libdwm.a(ble-server.o)
 .text.NVIC_SystemReset
                0x00044c18       0x24 C:/Repo_Licenta/UWB/DWM1001_on_board_package_R2.0/dwm/examples/dwm-simple/../../lib/libdwm.a(ble-server.o)
 .text.sd_clock_hfclk_release
                0x00044c3c        0x4 C:/Repo_Licenta/UWB/DWM1001_on_board_package_R2.0/dwm/examples/dwm-simple/../../lib/libdwm.a(ble-server.o)
 .text.sd_clock_hfclk_is_running
                0x00044c40        0x4 C:/Repo_Licenta/UWB/DWM1001_on_board_package_R2.0/dwm/examples/dwm-simple/../../lib/libdwm.a(ble-server.o)
 .text.sd_softdevice_disable
                0x00044c44        0x4 C:/Repo_Licenta/UWB/DWM1001_on_board_package_R2.0/dwm/examples/dwm-simple/../../lib/libdwm.a(ble-server.o)
 .text.conn_params_error_handler
                0x00044c48        0x2 C:/Repo_Licenta/UWB/DWM1001_on_board_package_R2.0/dwm/examples/dwm-simple/../../lib/libdwm.a(ble-server.o)
 *fill*         0x00044c4a        0x2 
 .text.opt_flag_set
                0x00044c4c       0x18 C:/Repo_Licenta/UWB/DWM1001_on_board_package_R2.0/dwm/examples/dwm-simple/../../lib/libdwm.a(ble-server.o)
 .text.opt_flag_clear
                0x00044c64       0x18 C:/Repo_Licenta/UWB/DWM1001_on_board_package_R2.0/dwm/examples/dwm-simple/../../lib/libdwm.a(ble-server.o)
 .text.ch_read  0x00044c7c       0x24 C:/Repo_Licenta/UWB/DWM1001_on_board_package_R2.0/dwm/examples/dwm-simple/../../lib/libdwm.a(ble-server.o)
 .text.ch_write
                0x00044ca0       0x16 C:/Repo_Licenta/UWB/DWM1001_on_board_package_R2.0/dwm/examples/dwm-simple/../../lib/libdwm.a(ble-server.o)
 *fill*         0x00044cb6        0x2 
 .text._ble_mac_stat_set
                0x00044cb8       0x40 C:/Repo_Licenta/UWB/DWM1001_on_board_package_R2.0/dwm/examples/dwm-simple/../../lib/libdwm.a(ble-server.o)
 .text.advertising_counter_inc
                0x00044cf8       0x30 C:/Repo_Licenta/UWB/DWM1001_on_board_package_R2.0/dwm/examples/dwm-simple/../../lib/libdwm.a(ble-server.o)
 .text._ble_pan_id_set
                0x00044d28       0x38 C:/Repo_Licenta/UWB/DWM1001_on_board_package_R2.0/dwm/examples/dwm-simple/../../lib/libdwm.a(ble-server.o)
 .text.ble_pm_suspend
                0x00044d60       0x38 C:/Repo_Licenta/UWB/DWM1001_on_board_package_R2.0/dwm/examples/dwm-simple/../../lib/libdwm.a(ble-server.o)
 .text.on_advertising_evt
                0x00044d98        0x8 C:/Repo_Licenta/UWB/DWM1001_on_board_package_R2.0/dwm/examples/dwm-simple/../../lib/libdwm.a(ble-server.o)
 .text._ble_addr_set
                0x00044da0       0x18 C:/Repo_Licenta/UWB/DWM1001_on_board_package_R2.0/dwm/examples/dwm-simple/../../lib/libdwm.a(ble-server.o)
 .text._add_shell_cmds
                0x00044db8       0x10 C:/Repo_Licenta/UWB/DWM1001_on_board_package_R2.0/dwm/examples/dwm-simple/../../lib/libdwm.a(ble-server.o)
 .text.uwbmac_cb
                0x00044dc8       0xc8 C:/Repo_Licenta/UWB/DWM1001_on_board_package_R2.0/dwm/examples/dwm-simple/../../lib/libdwm.a(ble-server.o)
 .text.ch_notify
                0x00044e90       0x44 C:/Repo_Licenta/UWB/DWM1001_on_board_package_R2.0/dwm/examples/dwm-simple/../../lib/libdwm.a(ble-server.o)
 .text.fwup_resp_notify
                0x00044ed4       0x50 C:/Repo_Licenta/UWB/DWM1001_on_board_package_R2.0/dwm/examples/dwm-simple/../../lib/libdwm.a(ble-server.o)
 .text.encode_dist.part.1
                0x00044f24       0x62 C:/Repo_Licenta/UWB/DWM1001_on_board_package_R2.0/dwm/examples/dwm-simple/../../lib/libdwm.a(ble-server.o)
 *fill*         0x00044f86        0x2 
 .text._ble_proxy_set
                0x00044f88       0x90 C:/Repo_Licenta/UWB/DWM1001_on_board_package_R2.0/dwm/examples/dwm-simple/../../lib/libdwm.a(ble-server.o)
                0x00044f88                _ble_proxy_set
 .text._ble_label_set
                0x00045018       0x30 C:/Repo_Licenta/UWB/DWM1001_on_board_package_R2.0/dwm/examples/dwm-simple/../../lib/libdwm.a(ble-server.o)
                0x00045018                _ble_label_set
 .text._ble_ur_set
                0x00045048       0x50 C:/Repo_Licenta/UWB/DWM1001_on_board_package_R2.0/dwm/examples/dwm-simple/../../lib/libdwm.a(ble-server.o)
 .text.on_conn_params_evt
                0x00045098       0x68 C:/Repo_Licenta/UWB/DWM1001_on_board_package_R2.0/dwm/examples/dwm-simple/../../lib/libdwm.a(ble-server.o)
 .text._ble_an_list_set
                0x00045100       0x58 C:/Repo_Licenta/UWB/DWM1001_on_board_package_R2.0/dwm/examples/dwm-simple/../../lib/libdwm.a(ble-server.o)
 .text._ble_mac_cl_info_set
                0x00045158       0x48 C:/Repo_Licenta/UWB/DWM1001_on_board_package_R2.0/dwm/examples/dwm-simple/../../lib/libdwm.a(ble-server.o)
 .text._ble_addr_get
                0x000451a0       0x48 C:/Repo_Licenta/UWB/DWM1001_on_board_package_R2.0/dwm/examples/dwm-simple/../../lib/libdwm.a(ble-server.o)
 .text._ble_stop
                0x000451e8       0x20 C:/Repo_Licenta/UWB/DWM1001_on_board_package_R2.0/dwm/examples/dwm-simple/../../lib/libdwm.a(ble-server.o)
 .text.ble_register_wakeup_button
                0x00045208       0x28 C:/Repo_Licenta/UWB/DWM1001_on_board_package_R2.0/dwm/examples/dwm-simple/../../lib/libdwm.a(ble-server.o)
 .text._ble_start
                0x00045230       0x4a C:/Repo_Licenta/UWB/DWM1001_on_board_package_R2.0/dwm/examples/dwm-simple/../../lib/libdwm.a(ble-server.o)
 .text.ch_uuid_vs_add.isra.22
                0x0004527a       0xee C:/Repo_Licenta/UWB/DWM1001_on_board_package_R2.0/dwm/examples/dwm-simple/../../lib/libdwm.a(ble-server.o)
 .text.on_advertising_error
                0x00045368        0x2 C:/Repo_Licenta/UWB/DWM1001_on_board_package_R2.0/dwm/examples/dwm-simple/../../lib/libdwm.a(ble-server.o)
 .text.gpio_ble_wakeup_intr
                0x0004536a       0x1e C:/Repo_Licenta/UWB/DWM1001_on_board_package_R2.0/dwm/examples/dwm-simple/../../lib/libdwm.a(ble-server.o)
 .text.ble_uuid128_service_get
                0x00045388        0x8 C:/Repo_Licenta/UWB/DWM1001_on_board_package_R2.0/dwm/examples/dwm-simple/../../lib/libdwm.a(ble-server.o)
                0x00045388                ble_uuid128_service_get
 .text.ble_adv_is_enabled
                0x00045390        0xc C:/Repo_Licenta/UWB/DWM1001_on_board_package_R2.0/dwm/examples/dwm-simple/../../lib/libdwm.a(ble-server.o)
                0x00045390                ble_adv_is_enabled
 .text.ble_add_shell_cmds
                0x0004539c       0x10 C:/Repo_Licenta/UWB/DWM1001_on_board_package_R2.0/dwm/examples/dwm-simple/../../lib/libdwm.a(ble-server.o)
                0x0004539c                ble_add_shell_cmds
 .text.ble_start
                0x000453ac       0x10 C:/Repo_Licenta/UWB/DWM1001_on_board_package_R2.0/dwm/examples/dwm-simple/../../lib/libdwm.a(ble-server.o)
                0x000453ac                ble_start
 .text.ble_stop
                0x000453bc       0x10 C:/Repo_Licenta/UWB/DWM1001_on_board_package_R2.0/dwm/examples/dwm-simple/../../lib/libdwm.a(ble-server.o)
                0x000453bc                ble_stop
 .text.ble_req_stop
                0x000453cc       0x10 C:/Repo_Licenta/UWB/DWM1001_on_board_package_R2.0/dwm/examples/dwm-simple/../../lib/libdwm.a(ble-server.o)
                0x000453cc                ble_req_stop
 .text.ble_stop_is_needed
                0x000453dc        0xc C:/Repo_Licenta/UWB/DWM1001_on_board_package_R2.0/dwm/examples/dwm-simple/../../lib/libdwm.a(ble-server.o)
                0x000453dc                ble_stop_is_needed
 .text.ble_autosuspend_disable
                0x000453e8        0xc C:/Repo_Licenta/UWB/DWM1001_on_board_package_R2.0/dwm/examples/dwm-simple/../../lib/libdwm.a(ble-server.o)
                0x000453e8                ble_autosuspend_disable
 .text.ble_autosuspend_enable
                0x000453f4        0xc C:/Repo_Licenta/UWB/DWM1001_on_board_package_R2.0/dwm/examples/dwm-simple/../../lib/libdwm.a(ble-server.o)
                0x000453f4                ble_autosuspend_enable
 .text.ble_pos_dist_set
                0x00045400      0x15c C:/Repo_Licenta/UWB/DWM1001_on_board_package_R2.0/dwm/examples/dwm-simple/../../lib/libdwm.a(ble-server.o)
                0x00045400                ble_pos_dist_set
 .text.ble_label_set
                0x0004555c       0x10 C:/Repo_Licenta/UWB/DWM1001_on_board_package_R2.0/dwm/examples/dwm-simple/../../lib/libdwm.a(ble-server.o)
                0x0004555c                ble_label_set
 .text.ble_ur_set
                0x0004556c       0x10 C:/Repo_Licenta/UWB/DWM1001_on_board_package_R2.0/dwm/examples/dwm-simple/../../lib/libdwm.a(ble-server.o)
                0x0004556c                ble_ur_set
 .text.ble_pan_id_set
                0x0004557c       0x10 C:/Repo_Licenta/UWB/DWM1001_on_board_package_R2.0/dwm/examples/dwm-simple/../../lib/libdwm.a(ble-server.o)
                0x0004557c                ble_pan_id_set
 .text.ble_addr_set
                0x0004558c       0x14 C:/Repo_Licenta/UWB/DWM1001_on_board_package_R2.0/dwm/examples/dwm-simple/../../lib/libdwm.a(ble-server.o)
                0x0004558c                ble_addr_set
 .text.ble_addr_get
                0x000455a0       0x14 C:/Repo_Licenta/UWB/DWM1001_on_board_package_R2.0/dwm/examples/dwm-simple/../../lib/libdwm.a(ble-server.o)
                0x000455a0                ble_addr_get
 .text._ble_sys_info
                0x000455b4       0x90 C:/Repo_Licenta/UWB/DWM1001_on_board_package_R2.0/dwm/examples/dwm-simple/../../lib/libdwm.a(ble-server.o)
 .text.ble_an_list_set
                0x00045644       0x10 C:/Repo_Licenta/UWB/DWM1001_on_board_package_R2.0/dwm/examples/dwm-simple/../../lib/libdwm.a(ble-server.o)
                0x00045644                ble_an_list_set
 .text.ble_mac_cl_info_set
                0x00045654       0x10 C:/Repo_Licenta/UWB/DWM1001_on_board_package_R2.0/dwm/examples/dwm-simple/../../lib/libdwm.a(ble-server.o)
                0x00045654                ble_mac_cl_info_set
 .text.ble_mac_stat_set
                0x00045664       0x10 C:/Repo_Licenta/UWB/DWM1001_on_board_package_R2.0/dwm/examples/dwm-simple/../../lib/libdwm.a(ble-server.o)
                0x00045664                ble_mac_stat_set
 .text.ble_proxy_set
                0x00045674       0x14 C:/Repo_Licenta/UWB/DWM1001_on_board_package_R2.0/dwm/examples/dwm-simple/../../lib/libdwm.a(ble-server.o)
                0x00045674                ble_proxy_set
 .text.ble_advertising_enable
                0x00045688       0x60 C:/Repo_Licenta/UWB/DWM1001_on_board_package_R2.0/dwm/examples/dwm-simple/../../lib/libdwm.a(ble-server.o)
                0x00045688                ble_advertising_enable
 .text.ble_server_on_ble_evt
                0x000456e8      0x9a4 C:/Repo_Licenta/UWB/DWM1001_on_board_package_R2.0/dwm/examples/dwm-simple/../../lib/libdwm.a(ble-server.o)
                0x000456e8                ble_server_on_ble_evt
 .text.ble_sys_info
                0x0004608c       0x10 C:/Repo_Licenta/UWB/DWM1001_on_board_package_R2.0/dwm/examples/dwm-simple/../../lib/libdwm.a(ble-server.o)
                0x0004608c                ble_sys_info
 .text.ble_compile
                0x0004609c       0xc0 C:/Repo_Licenta/UWB/DWM1001_on_board_package_R2.0/dwm/examples/dwm-simple/../../lib/libdwm.a(ble-server.o)
                0x0004609c                ble_compile
 .text.ble_server_init
                0x0004615c      0x690 C:/Repo_Licenta/UWB/DWM1001_on_board_package_R2.0/dwm/examples/dwm-simple/../../lib/libdwm.a(ble-server.o)
                0x0004615c                ble_server_init
 .text.ble_server_uninit
                0x000467ec       0x2c C:/Repo_Licenta/UWB/DWM1001_on_board_package_R2.0/dwm/examples/dwm-simple/../../lib/libdwm.a(ble-server.o)
                0x000467ec                ble_server_uninit
 .text.ble_srv_is_notification_enabled
                0x00046818        0x8 C:/Repo_Licenta/UWB/DWM1001_on_board_package_R2.0/dwm/examples/dwm-simple/../../lib/libdwm.a(ble_srv_common.o)
                0x00046818                ble_srv_is_notification_enabled
 .text.dw_usec_to_devt
                0x00046820       0x20 C:/Repo_Licenta/UWB/DWM1001_on_board_package_R2.0/dwm/examples/dwm-simple/../../lib/libdwm.a(dw1000.o)
                0x00046820                dw_usec_to_devt
 .text.dw_read_sys_time
                0x00046840       0x40 C:/Repo_Licenta/UWB/DWM1001_on_board_package_R2.0/dwm/examples/dwm-simple/../../lib/libdwm.a(dw1000.o)
                0x00046840                dw_read_sys_time
 .text.dw_rand  0x00046880       0x18 C:/Repo_Licenta/UWB/DWM1001_on_board_package_R2.0/dwm/examples/dwm-simple/../../lib/libdwm.a(dw1000.o)
                0x00046880                dw_rand
 .text.dw_near_timeout
                0x00046898       0x50 C:/Repo_Licenta/UWB/DWM1001_on_board_package_R2.0/dwm/examples/dwm-simple/../../lib/libdwm.a(dw1000.o)
                0x00046898                dw_near_timeout
 .text.dw_tx_reset
                0x000468e8       0x3a C:/Repo_Licenta/UWB/DWM1001_on_board_package_R2.0/dwm/examples/dwm-simple/../../lib/libdwm.a(dw1000.o)
                0x000468e8                dw_tx_reset
 .text.dw_buf_write
                0x00046922       0xd4 C:/Repo_Licenta/UWB/DWM1001_on_board_package_R2.0/dwm/examples/dwm-simple/../../lib/libdwm.a(dw1000.o)
                0x00046922                dw_buf_write
 .text.dw_buf_start
                0x000469f6       0x90 C:/Repo_Licenta/UWB/DWM1001_on_board_package_R2.0/dwm/examples/dwm-simple/../../lib/libdwm.a(dw1000.o)
                0x000469f6                dw_buf_start
 .text.dw_buf_await_send
                0x00046a86       0x54 C:/Repo_Licenta/UWB/DWM1001_on_board_package_R2.0/dwm/examples/dwm-simple/../../lib/libdwm.a(dw1000.o)
                0x00046a86                dw_buf_await_send
 .text.dw_buf_send
                0x00046ada       0x1e C:/Repo_Licenta/UWB/DWM1001_on_board_package_R2.0/dwm/examples/dwm-simple/../../lib/libdwm.a(dw1000.o)
                0x00046ada                dw_buf_send
 .text.dw_rx_on
                0x00046af8       0x20 C:/Repo_Licenta/UWB/DWM1001_on_board_package_R2.0/dwm/examples/dwm-simple/../../lib/libdwm.a(dw1000.o)
                0x00046af8                dw_rx_on
 .text.dw_rxto_on
                0x00046b18       0x40 C:/Repo_Licenta/UWB/DWM1001_on_board_package_R2.0/dwm/examples/dwm-simple/../../lib/libdwm.a(dw1000.o)
                0x00046b18                dw_rxto_on
 .text.dw_get_preamble_len
                0x00046b58       0x18 C:/Repo_Licenta/UWB/DWM1001_on_board_package_R2.0/dwm/examples/dwm-simple/../../lib/libdwm.a(dw1000.o)
                0x00046b58                dw_get_preamble_len
 .text.dw_get_frame_len
                0x00046b70      0x124 C:/Repo_Licenta/UWB/DWM1001_on_board_package_R2.0/dwm/examples/dwm-simple/../../lib/libdwm.a(dw1000.o)
                0x00046b70                dw_get_frame_len
 *fill*         0x00046c94        0x4 
 .text.dw_get_qf
                0x00046c98      0x16c C:/Repo_Licenta/UWB/DWM1001_on_board_package_R2.0/dwm/examples/dwm-simple/../../lib/libdwm.a(dw1000.o)
                0x00046c98                dw_get_qf
 *fill*         0x00046e04        0x4 
 .text.dw_get_rssi
                0x00046e08       0xb8 C:/Repo_Licenta/UWB/DWM1001_on_board_package_R2.0/dwm/examples/dwm-simple/../../lib/libdwm.a(dw1000.o)
                0x00046e08                dw_get_rssi
 .text.dw_set_ch_cfg
                0x00046ec0        0xa C:/Repo_Licenta/UWB/DWM1001_on_board_package_R2.0/dwm/examples/dwm-simple/../../lib/libdwm.a(dw1000.o)
                0x00046ec0                dw_set_ch_cfg
 .text.dw_set_tx_cfg
                0x00046eca       0x1a C:/Repo_Licenta/UWB/DWM1001_on_board_package_R2.0/dwm/examples/dwm-simple/../../lib/libdwm.a(dw1000.o)
                0x00046eca                dw_set_tx_cfg
 .text.dw_set_ant_tx_delay
                0x00046ee4        0x8 C:/Repo_Licenta/UWB/DWM1001_on_board_package_R2.0/dwm/examples/dwm-simple/../../lib/libdwm.a(dw1000.o)
                0x00046ee4                dw_set_ant_tx_delay
 .text.dw_get_temp
                0x00046eec       0x36 C:/Repo_Licenta/UWB/DWM1001_on_board_package_R2.0/dwm/examples/dwm-simple/../../lib/libdwm.a(dw1000.o)
                0x00046eec                dw_get_temp
 .text.dw_rsl_workaround
                0x00046f22       0x1c C:/Repo_Licenta/UWB/DWM1001_on_board_package_R2.0/dwm/examples/dwm-simple/../../lib/libdwm.a(dw1000.o)
                0x00046f22                dw_rsl_workaround
 *fill*         0x00046f3e        0x2 
 .text.dw_bw_txpwr_comp
                0x00046f40      0x1f8 C:/Repo_Licenta/UWB/DWM1001_on_board_package_R2.0/dwm/examples/dwm-simple/../../lib/libdwm.a(dw1000.o)
                0x00046f40                dw_bw_txpwr_comp
 .text.dw_tx_cb
                0x00047138       0x7c C:/Repo_Licenta/UWB/DWM1001_on_board_package_R2.0/dwm/examples/dwm-simple/../../lib/libdwm.a(dw1000.o)
                0x00047138                dw_tx_cb
 .text.dw_rx_cb
                0x000471b4      0x18a C:/Repo_Licenta/UWB/DWM1001_on_board_package_R2.0/dwm/examples/dwm-simple/../../lib/libdwm.a(dw1000.o)
                0x000471b4                dw_rx_cb
 .text.dw_sleep
                0x0004733e       0x54 C:/Repo_Licenta/UWB/DWM1001_on_board_package_R2.0/dwm/examples/dwm-simple/../../lib/libdwm.a(dw1000.o)
                0x0004733e                dw_sleep
 .text.dw_rxdata_read
                0x00047392       0x10 C:/Repo_Licenta/UWB/DWM1001_on_board_package_R2.0/dwm/examples/dwm-simple/../../lib/libdwm.a(dw1000.o)
                0x00047392                dw_rxdata_read
 *fill*         0x000473a2        0x2 
 .text.dw_init  0x000473a4       0xac C:/Repo_Licenta/UWB/DWM1001_on_board_package_R2.0/dwm/examples/dwm-simple/../../lib/libdwm.a(dw1000.o)
                0x000473a4                dw_init
 .text.dw_set_src_addr
                0x00047450       0x7a C:/Repo_Licenta/UWB/DWM1001_on_board_package_R2.0/dwm/examples/dwm-simple/../../lib/libdwm.a(dw1000.o)
                0x00047450                dw_set_src_addr
 .text.dw_get_src_addr
                0x000474ca        0xc C:/Repo_Licenta/UWB/DWM1001_on_board_package_R2.0/dwm/examples/dwm-simple/../../lib/libdwm.a(dw1000.o)
                0x000474ca                dw_get_src_addr
 .text.dw_get_event
                0x000474d6       0x70 C:/Repo_Licenta/UWB/DWM1001_on_board_package_R2.0/dwm/examples/dwm-simple/../../lib/libdwm.a(dw1000.o)
                0x000474d6                dw_get_event
 *fill*         0x00047546        0x2 
 .text.uwb_get_if
                0x00047548       0x10 C:/Repo_Licenta/UWB/DWM1001_on_board_package_R2.0/dwm/examples/dwm-simple/../../lib/libdwm.a(dw1000.o)
                0x00047548                uwb_get_if
 .text.dw1000_init
                0x00047558       0xd8 C:/Repo_Licenta/UWB/DWM1001_on_board_package_R2.0/dwm/examples/dwm-simple/../../lib/libdwm.a(dw1000.o)
                0x00047558                dw1000_init
 .text.dw_dump_cfg
                0x00047630      0x278 C:/Repo_Licenta/UWB/DWM1001_on_board_package_R2.0/dwm/examples/dwm-simple/../../lib/libdwm.a(dw1000.o)
                0x00047630                dw_dump_cfg
 .text.uwb_sys_info
                0x000478a8      0x100 C:/Repo_Licenta/UWB/DWM1001_on_board_package_R2.0/dwm/examples/dwm-simple/../../lib/libdwm.a(dw1000.o)
                0x000478a8                uwb_sys_info
 .text.fact     0x000479a8       0x12 C:/Repo_Licenta/UWB/DWM1001_on_board_package_R2.0/dwm/examples/dwm-simple/../../lib/libdwm.a(dwm-math.o)
                0x000479a8                fact
 *fill*         0x000479ba        0x2 
 .text.flog10   0x000479bc       0x28 C:/Repo_Licenta/UWB/DWM1001_on_board_package_R2.0/dwm/examples/dwm-simple/../../lib/libdwm.a(dwm-math.o)
                0x000479bc                flog10
 .text.get_dist
                0x000479e4       0xc4 C:/Repo_Licenta/UWB/DWM1001_on_board_package_R2.0/dwm/examples/dwm-simple/../../lib/libdwm.a(dwm-math.o)
                0x000479e4                get_dist
 .text.dwm_pm_init
                0x00047aa8       0x34 C:/Repo_Licenta/UWB/DWM1001_on_board_package_R2.0/dwm/examples/dwm-simple/../../lib/libdwm.a(dwm.o)
 .text.uwbmac_cb
                0x00047adc      0x204 C:/Repo_Licenta/UWB/DWM1001_on_board_package_R2.0/dwm/examples/dwm-simple/../../lib/libdwm.a(dwm.o)
 .text.dwm_pm_lock
                0x00047ce0       0x20 C:/Repo_Licenta/UWB/DWM1001_on_board_package_R2.0/dwm/examples/dwm-simple/../../lib/libdwm.a(dwm.o)
 .text.dwm_systime_us_get
                0x00047d00        0x8 C:/Repo_Licenta/UWB/DWM1001_on_board_package_R2.0/dwm/examples/dwm-simple/../../lib/libdwm.a(dwm.o)
                0x00047d00                dwm_systime_us_get
 .text.dwm_thread_create
                0x00047d08       0x20 C:/Repo_Licenta/UWB/DWM1001_on_board_package_R2.0/dwm/examples/dwm-simple/../../lib/libdwm.a(dwm.o)
                0x00047d08                dwm_thread_create
 .text.dwm_thread_resume
                0x00047d28       0x10 C:/Repo_Licenta/UWB/DWM1001_on_board_package_R2.0/dwm/examples/dwm-simple/../../lib/libdwm.a(dwm.o)
                0x00047d28                dwm_thread_resume
 .text.dwm_i2c_read
                0x00047d38       0x5a C:/Repo_Licenta/UWB/DWM1001_on_board_package_R2.0/dwm/examples/dwm-simple/../../lib/libdwm.a(dwm.o)
                0x00047d38                dwm_i2c_read
 .text.dwm_i2c_write
                0x00047d92       0x5a C:/Repo_Licenta/UWB/DWM1001_on_board_package_R2.0/dwm/examples/dwm-simple/../../lib/libdwm.a(dwm.o)
                0x00047d92                dwm_i2c_write
 .text.dwm_cfg_anchor_set
                0x00047dec       0x52 C:/Repo_Licenta/UWB/DWM1001_on_board_package_R2.0/dwm/examples/dwm-simple/../../lib/libdwm.a(dwm.o)
                0x00047dec                dwm_cfg_anchor_set
 .text.dwm_cfg_tag_set
                0x00047e3e       0x66 C:/Repo_Licenta/UWB/DWM1001_on_board_package_R2.0/dwm/examples/dwm-simple/../../lib/libdwm.a(dwm.o)
                0x00047e3e                dwm_cfg_tag_set
 .text.dwm_cfg_get
                0x00047ea4       0x72 C:/Repo_Licenta/UWB/DWM1001_on_board_package_R2.0/dwm/examples/dwm-simple/../../lib/libdwm.a(dwm.o)
                0x00047ea4                dwm_cfg_get
 .text.dwm_stnry_cfg_set
                0x00047f16       0x1c C:/Repo_Licenta/UWB/DWM1001_on_board_package_R2.0/dwm/examples/dwm-simple/../../lib/libdwm.a(dwm.o)
                0x00047f16                dwm_stnry_cfg_set
 .text.dwm_pos_set
                0x00047f32       0x2e C:/Repo_Licenta/UWB/DWM1001_on_board_package_R2.0/dwm/examples/dwm-simple/../../lib/libdwm.a(dwm.o)
                0x00047f32                dwm_pos_set
 .text.dwm_pos_get
                0x00047f60       0x36 C:/Repo_Licenta/UWB/DWM1001_on_board_package_R2.0/dwm/examples/dwm-simple/../../lib/libdwm.a(dwm.o)
                0x00047f60                dwm_pos_get
 .text.dwm_upd_rate_set
                0x00047f96       0x20 C:/Repo_Licenta/UWB/DWM1001_on_board_package_R2.0/dwm/examples/dwm-simple/../../lib/libdwm.a(dwm.o)
                0x00047f96                dwm_upd_rate_set
 .text.dwm_upd_rate_get
                0x00047fb6       0x34 C:/Repo_Licenta/UWB/DWM1001_on_board_package_R2.0/dwm/examples/dwm-simple/../../lib/libdwm.a(dwm.o)
                0x00047fb6                dwm_upd_rate_get
 .text.dwm_label_read
                0x00047fea       0x38 C:/Repo_Licenta/UWB/DWM1001_on_board_package_R2.0/dwm/examples/dwm-simple/../../lib/libdwm.a(dwm.o)
                0x00047fea                dwm_label_read
 .text.dwm_nvm_usr_data_get
                0x00048022       0x2c C:/Repo_Licenta/UWB/DWM1001_on_board_package_R2.0/dwm/examples/dwm-simple/../../lib/libdwm.a(dwm.o)
                0x00048022                dwm_nvm_usr_data_get
 .text.dwm_nvm_usr_data_set
                0x0004804e       0x22 C:/Repo_Licenta/UWB/DWM1001_on_board_package_R2.0/dwm/examples/dwm-simple/../../lib/libdwm.a(dwm.o)
                0x0004804e                dwm_nvm_usr_data_set
 .text.dwm_evt_listener_register
                0x00048070       0x20 C:/Repo_Licenta/UWB/DWM1001_on_board_package_R2.0/dwm/examples/dwm-simple/../../lib/libdwm.a(dwm.o)
                0x00048070                dwm_evt_listener_register
 .text.dwm_evt_wait
                0x00048090       0x78 C:/Repo_Licenta/UWB/DWM1001_on_board_package_R2.0/dwm/examples/dwm-simple/../../lib/libdwm.a(dwm.o)
                0x00048090                dwm_evt_wait
 .text.dwm_ble_compile
                0x00048108        0x4 C:/Repo_Licenta/UWB/DWM1001_on_board_package_R2.0/dwm/examples/dwm-simple/../../lib/libdwm.a(dwm.o)
                0x00048108                dwm_ble_compile
 .text.dwm_le_compile
                0x0004810c        0x4 C:/Repo_Licenta/UWB/DWM1001_on_board_package_R2.0/dwm/examples/dwm-simple/../../lib/libdwm.a(dwm.o)
                0x0004810c                dwm_le_compile
 .text.dwm_serial_spi_compile
                0x00048110        0x4 C:/Repo_Licenta/UWB/DWM1001_on_board_package_R2.0/dwm/examples/dwm-simple/../../lib/libdwm.a(dwm.o)
                0x00048110                dwm_serial_spi_compile
 .text.dwm_shell_compile
                0x00048114        0x4 C:/Repo_Licenta/UWB/DWM1001_on_board_package_R2.0/dwm/examples/dwm-simple/../../lib/libdwm.a(dwm.o)
                0x00048114                dwm_shell_compile
 .text.env_get_end
                0x00048118       0x28 C:/Repo_Licenta/UWB/DWM1001_on_board_package_R2.0/dwm/examples/dwm-simple/../../lib/libdwm.a(env-tlv.o)
 .text.env_save
                0x00048140       0x60 C:/Repo_Licenta/UWB/DWM1001_on_board_package_R2.0/dwm/examples/dwm-simple/../../lib/libdwm.a(env-tlv.o)
                0x00048140                env_save
 .text.env_load
                0x000481a0       0xe4 C:/Repo_Licenta/UWB/DWM1001_on_board_package_R2.0/dwm/examples/dwm-simple/../../lib/libdwm.a(env-tlv.o)
                0x000481a0                env_load
 .text.env_clear
                0x00048284       0x48 C:/Repo_Licenta/UWB/DWM1001_on_board_package_R2.0/dwm/examples/dwm-simple/../../lib/libdwm.a(env-tlv.o)
                0x00048284                env_clear
 .text.env_get  0x000482cc       0x30 C:/Repo_Licenta/UWB/DWM1001_on_board_package_R2.0/dwm/examples/dwm-simple/../../lib/libdwm.a(env-tlv.o)
                0x000482cc                env_get
 .text.env_set  0x000482fc       0xa8 C:/Repo_Licenta/UWB/DWM1001_on_board_package_R2.0/dwm/examples/dwm-simple/../../lib/libdwm.a(env-tlv.o)
                0x000482fc                env_set
 .text.sd_flash_write
                0x000483a4        0x4 C:/Repo_Licenta/UWB/DWM1001_on_board_package_R2.0/dwm/examples/dwm-simple/../../lib/libdwm.a(fstorage.o)
 .text.sd_flash_page_erase
                0x000483a8        0x4 C:/Repo_Licenta/UWB/DWM1001_on_board_package_R2.0/dwm/examples/dwm-simple/../../lib/libdwm.a(fstorage.o)
 .text.queue_advance
                0x000483ac       0x2c C:/Repo_Licenta/UWB/DWM1001_on_board_package_R2.0/dwm/examples/dwm-simple/../../lib/libdwm.a(fstorage.o)
 .text.unlikely.queue_get_next_free
                0x000483d8       0x38 C:/Repo_Licenta/UWB/DWM1001_on_board_package_R2.0/dwm/examples/dwm-simple/../../lib/libdwm.a(fstorage.o)
 .text.send_event
                0x00048410       0x4e C:/Repo_Licenta/UWB/DWM1001_on_board_package_R2.0/dwm/examples/dwm-simple/../../lib/libdwm.a(fstorage.o)
 *fill*         0x0004845e        0x2 
 .text.queue_process
                0x00048460       0x78 C:/Repo_Licenta/UWB/DWM1001_on_board_package_R2.0/dwm/examples/dwm-simple/../../lib/libdwm.a(fstorage.o)
 .text.unlikely.queue_start
                0x000484d8       0x1c C:/Repo_Licenta/UWB/DWM1001_on_board_package_R2.0/dwm/examples/dwm-simple/../../lib/libdwm.a(fstorage.o)
 .text.fs_init  0x000484f4       0xb4 C:/Repo_Licenta/UWB/DWM1001_on_board_package_R2.0/dwm/examples/dwm-simple/../../lib/libdwm.a(fstorage.o)
                0x000484f4                fs_init
 .text.fs_store
                0x000485a8       0x8c C:/Repo_Licenta/UWB/DWM1001_on_board_package_R2.0/dwm/examples/dwm-simple/../../lib/libdwm.a(fstorage.o)
                0x000485a8                fs_store
 .text.fs_erase
                0x00048634       0x88 C:/Repo_Licenta/UWB/DWM1001_on_board_package_R2.0/dwm/examples/dwm-simple/../../lib/libdwm.a(fstorage.o)
                0x00048634                fs_erase
 .text.fs_queued_op_count_get
                0x000486bc       0x14 C:/Repo_Licenta/UWB/DWM1001_on_board_package_R2.0/dwm/examples/dwm-simple/../../lib/libdwm.a(fstorage.o)
                0x000486bc                fs_queued_op_count_get
 .text.fs_sys_event_handler
                0x000486d0       0xb8 C:/Repo_Licenta/UWB/DWM1001_on_board_package_R2.0/dwm/examples/dwm-simple/../../lib/libdwm.a(fstorage.o)
                0x000486d0                fs_sys_event_handler
 .text.fwup_reset
                0x00048788        0x8 C:/Repo_Licenta/UWB/DWM1001_on_board_package_R2.0/dwm/examples/dwm-simple/../../lib/libdwm.a(fwup.o)
                0x00048788                fwup_reset
 .text.fwup_sndr_init
                0x00048790       0x6a C:/Repo_Licenta/UWB/DWM1001_on_board_package_R2.0/dwm/examples/dwm-simple/../../lib/libdwm.a(fwup.o)
                0x00048790                fwup_sndr_init
 .text.fwup_rcvr_in_progress
                0x000487fa       0x1a C:/Repo_Licenta/UWB/DWM1001_on_board_package_R2.0/dwm/examples/dwm-simple/../../lib/libdwm.a(fwup.o)
                0x000487fa                fwup_rcvr_in_progress
 .text.fwup_rcvr_stop
                0x00048814       0x16 C:/Repo_Licenta/UWB/DWM1001_on_board_package_R2.0/dwm/examples/dwm-simple/../../lib/libdwm.a(fwup.o)
                0x00048814                fwup_rcvr_stop
 .text.fwup_rcvr_start
                0x0004882a       0x4c C:/Repo_Licenta/UWB/DWM1001_on_board_package_R2.0/dwm/examples/dwm-simple/../../lib/libdwm.a(fwup.o)
                0x0004882a                fwup_rcvr_start
 .text.fwup_rcvr_rxbuf_space
                0x00048876       0x12 C:/Repo_Licenta/UWB/DWM1001_on_board_package_R2.0/dwm/examples/dwm-simple/../../lib/libdwm.a(fwup.o)
                0x00048876                fwup_rcvr_rxbuf_space
 .text.fwup_rcvr_data_handler
                0x00048888       0x60 C:/Repo_Licenta/UWB/DWM1001_on_board_package_R2.0/dwm/examples/dwm-simple/../../lib/libdwm.a(fwup.o)
                0x00048888                fwup_rcvr_data_handler
 .text.fwup_rcvr_data_write
                0x000488e8      0x160 C:/Repo_Licenta/UWB/DWM1001_on_board_package_R2.0/dwm/examples/dwm-simple/../../lib/libdwm.a(fwup.o)
                0x000488e8                fwup_rcvr_data_write
 .text.fwup_rcvr_is_finished
                0x00048a48       0x36 C:/Repo_Licenta/UWB/DWM1001_on_board_package_R2.0/dwm/examples/dwm-simple/../../lib/libdwm.a(fwup.o)
                0x00048a48                fwup_rcvr_is_finished
 .text.nrf_gpio_pins_toggle
                0x00048a7e       0x18 C:/Repo_Licenta/UWB/DWM1001_on_board_package_R2.0/dwm/examples/dwm-simple/../../lib/libdwm.a(hal.o)
 .text.sd_rand_application_bytes_available_get
                0x00048a96        0x4 C:/Repo_Licenta/UWB/DWM1001_on_board_package_R2.0/dwm/examples/dwm-simple/../../lib/libdwm.a(hal.o)
 .text.sd_rand_application_vector_get
                0x00048a9a        0x4 C:/Repo_Licenta/UWB/DWM1001_on_board_package_R2.0/dwm/examples/dwm-simple/../../lib/libdwm.a(hal.o)
 .text.sd_clock_hfclk_request
                0x00048a9e        0x4 C:/Repo_Licenta/UWB/DWM1001_on_board_package_R2.0/dwm/examples/dwm-simple/../../lib/libdwm.a(hal.o)
 .text.sd_clock_hfclk_release
                0x00048aa2        0x4 C:/Repo_Licenta/UWB/DWM1001_on_board_package_R2.0/dwm/examples/dwm-simple/../../lib/libdwm.a(hal.o)
 .text.sd_app_evt_wait
                0x00048aa6        0x4 C:/Repo_Licenta/UWB/DWM1001_on_board_package_R2.0/dwm/examples/dwm-simple/../../lib/libdwm.a(hal.o)
 .text.sd_ecb_block_encrypt
                0x00048aaa        0x4 C:/Repo_Licenta/UWB/DWM1001_on_board_package_R2.0/dwm/examples/dwm-simple/../../lib/libdwm.a(hal.o)
 .text.sd_temp_get
                0x00048aae        0x4 C:/Repo_Licenta/UWB/DWM1001_on_board_package_R2.0/dwm/examples/dwm-simple/../../lib/libdwm.a(hal.o)
 .text._led_dummy
                0x00048ab2        0x2 C:/Repo_Licenta/UWB/DWM1001_on_board_package_R2.0/dwm/examples/dwm-simple/../../lib/libdwm.a(hal.o)
 .text._led_orange_on
                0x00048ab4        0xe C:/Repo_Licenta/UWB/DWM1001_on_board_package_R2.0/dwm/examples/dwm-simple/../../lib/libdwm.a(hal.o)
 .text._led_orange_off
                0x00048ac2        0xe C:/Repo_Licenta/UWB/DWM1001_on_board_package_R2.0/dwm/examples/dwm-simple/../../lib/libdwm.a(hal.o)
 .text._led_orange_toggle
                0x00048ad0        0x8 C:/Repo_Licenta/UWB/DWM1001_on_board_package_R2.0/dwm/examples/dwm-simple/../../lib/libdwm.a(hal.o)
 .text._led_red_on
                0x00048ad8        0xe C:/Repo_Licenta/UWB/DWM1001_on_board_package_R2.0/dwm/examples/dwm-simple/../../lib/libdwm.a(hal.o)
 .text._led_red_off
                0x00048ae6        0xe C:/Repo_Licenta/UWB/DWM1001_on_board_package_R2.0/dwm/examples/dwm-simple/../../lib/libdwm.a(hal.o)
 .text._led_red_toggle
                0x00048af4        0x8 C:/Repo_Licenta/UWB/DWM1001_on_board_package_R2.0/dwm/examples/dwm-simple/../../lib/libdwm.a(hal.o)
 .text._led_green_on
                0x00048afc        0xe C:/Repo_Licenta/UWB/DWM1001_on_board_package_R2.0/dwm/examples/dwm-simple/../../lib/libdwm.a(hal.o)
 .text._led_green_off
                0x00048b0a        0xe C:/Repo_Licenta/UWB/DWM1001_on_board_package_R2.0/dwm/examples/dwm-simple/../../lib/libdwm.a(hal.o)
 .text._led_green_toggle
                0x00048b18        0x8 C:/Repo_Licenta/UWB/DWM1001_on_board_package_R2.0/dwm/examples/dwm-simple/../../lib/libdwm.a(hal.o)
 .text.wdt_handler
                0x00048b20        0x2 C:/Repo_Licenta/UWB/DWM1001_on_board_package_R2.0/dwm/examples/dwm-simple/../../lib/libdwm.a(hal.o)
 *fill*         0x00048b22        0x2 
 .text.hal_factory_reset
                0x00048b24       0x30 C:/Repo_Licenta/UWB/DWM1001_on_board_package_R2.0/dwm/examples/dwm-simple/../../lib/libdwm.a(hal.o)
                0x00048b24                hal_factory_reset
 .text.is_user_app_pin
                0x00048b54       0x5c C:/Repo_Licenta/UWB/DWM1001_on_board_package_R2.0/dwm/examples/dwm-simple/../../lib/libdwm.a(hal.o)
                0x00048b54                is_user_app_pin
 .text.hal_sd_enabled
                0x00048bb0        0x8 C:/Repo_Licenta/UWB/DWM1001_on_board_package_R2.0/dwm/examples/dwm-simple/../../lib/libdwm.a(hal.o)
                0x00048bb0                hal_sd_enabled
 .text.hal_flash_erase
                0x00048bb8       0x14 C:/Repo_Licenta/UWB/DWM1001_on_board_package_R2.0/dwm/examples/dwm-simple/../../lib/libdwm.a(hal.o)
                0x00048bb8                hal_flash_erase
 .text.hal_flash_write_page
                0x00048bcc        0x6 C:/Repo_Licenta/UWB/DWM1001_on_board_package_R2.0/dwm/examples/dwm-simple/../../lib/libdwm.a(hal.o)
                0x00048bcc                hal_flash_write_page
 .text.hal_fw_get_chksum
                0x00048bd2       0x42 C:/Repo_Licenta/UWB/DWM1001_on_board_package_R2.0/dwm/examples/dwm-simple/../../lib/libdwm.a(hal.o)
                0x00048bd2                hal_fw_get_chksum
 .text.hal_fw_is_compat
                0x00048c14       0x10 C:/Repo_Licenta/UWB/DWM1001_on_board_package_R2.0/dwm/examples/dwm-simple/../../lib/libdwm.a(hal.o)
                0x00048c14                hal_fw_is_compat
 .text.hal_time_hfclk_start
                0x00048c24       0x1a C:/Repo_Licenta/UWB/DWM1001_on_board_package_R2.0/dwm/examples/dwm-simple/../../lib/libdwm.a(hal.o)
                0x00048c24                hal_time_hfclk_start
 .text.hal_time_hfclk_stop
                0x00048c3e       0x1c C:/Repo_Licenta/UWB/DWM1001_on_board_package_R2.0/dwm/examples/dwm-simple/../../lib/libdwm.a(hal.o)
                0x00048c3e                hal_time_hfclk_stop
 *fill*         0x00048c5a        0x2 
 .text.hal_wdt_app_init
                0x00048c5c       0x10 C:/Repo_Licenta/UWB/DWM1001_on_board_package_R2.0/dwm/examples/dwm-simple/../../lib/libdwm.a(hal.o)
                0x00048c5c                hal_wdt_app_init
 .text.hal_wdt_app_reset
                0x00048c6c        0x4 C:/Repo_Licenta/UWB/DWM1001_on_board_package_R2.0/dwm/examples/dwm-simple/../../lib/libdwm.a(hal.o)
                0x00048c6c                hal_wdt_app_reset
 .text.hal_temp_get
                0x00048c70       0x80 C:/Repo_Licenta/UWB/DWM1001_on_board_package_R2.0/dwm/examples/dwm-simple/../../lib/libdwm.a(hal.o)
                0x00048c70                hal_temp_get
 .text.hal_sleep
                0x00048cf0       0xe4 C:/Repo_Licenta/UWB/DWM1001_on_board_package_R2.0/dwm/examples/dwm-simple/../../lib/libdwm.a(hal.o)
                0x00048cf0                hal_sleep
 .text.hal_uptime
                0x00048dd4       0x20 C:/Repo_Licenta/UWB/DWM1001_on_board_package_R2.0/dwm/examples/dwm-simple/../../lib/libdwm.a(hal.o)
                0x00048dd4                hal_uptime
 .text.hal_print_ps
                0x00048df4       0x80 C:/Repo_Licenta/UWB/DWM1001_on_board_package_R2.0/dwm/examples/dwm-simple/../../lib/libdwm.a(hal.o)
                0x00048df4                hal_print_ps
 .text.hal_print_free
                0x00048e74       0x50 C:/Repo_Licenta/UWB/DWM1001_on_board_package_R2.0/dwm/examples/dwm-simple/../../lib/libdwm.a(hal.o)
                0x00048e74                hal_print_free
 .text.hal_print_uptime
                0x00048ec4       0xbc C:/Repo_Licenta/UWB/DWM1001_on_board_package_R2.0/dwm/examples/dwm-simple/../../lib/libdwm.a(hal.o)
                0x00048ec4                hal_print_uptime
 .text.hal_print_sys_info
                0x00048f80      0x130 C:/Repo_Licenta/UWB/DWM1001_on_board_package_R2.0/dwm/examples/dwm-simple/../../lib/libdwm.a(hal.o)
                0x00048f80                hal_print_sys_info
 .text.hal_critical_region_enter
                0x000490b0       0x58 C:/Repo_Licenta/UWB/DWM1001_on_board_package_R2.0/dwm/examples/dwm-simple/../../lib/libdwm.a(hal.o)
                0x000490b0                hal_critical_region_enter
 .text.hal_critical_region_exit
                0x00049108       0x38 C:/Repo_Licenta/UWB/DWM1001_on_board_package_R2.0/dwm/examples/dwm-simple/../../lib/libdwm.a(hal.o)
                0x00049108                hal_critical_region_exit
 .text.leds_enable
                0x00049140       0xbc C:/Repo_Licenta/UWB/DWM1001_on_board_package_R2.0/dwm/examples/dwm-simple/../../lib/libdwm.a(hal.o)
                0x00049140                leds_enable
 .text.leds_disable
                0x000491fc       0x74 C:/Repo_Licenta/UWB/DWM1001_on_board_package_R2.0/dwm/examples/dwm-simple/../../lib/libdwm.a(hal.o)
                0x000491fc                leds_disable
 .text.hal_crypto_rng_get
                0x00049270       0xa8 C:/Repo_Licenta/UWB/DWM1001_on_board_package_R2.0/dwm/examples/dwm-simple/../../lib/libdwm.a(hal.o)
                0x00049270                hal_crypto_rng_get
 .text.hal_crypto_set_key
                0x00049318       0x60 C:/Repo_Licenta/UWB/DWM1001_on_board_package_R2.0/dwm/examples/dwm-simple/../../lib/libdwm.a(hal.o)
                0x00049318                hal_crypto_set_key
 .text.hal_crypto_mac_get
                0x00049378      0x128 C:/Repo_Licenta/UWB/DWM1001_on_board_package_R2.0/dwm/examples/dwm-simple/../../lib/libdwm.a(hal.o)
                0x00049378                hal_crypto_mac_get
 .text.hal_crypto_crypt
                0x000494a0       0xc8 C:/Repo_Licenta/UWB/DWM1001_on_board_package_R2.0/dwm/examples/dwm-simple/../../lib/libdwm.a(hal.o)
                0x000494a0                hal_crypto_crypt
 .text._read    0x00049568        0x8 C:/Repo_Licenta/UWB/DWM1001_on_board_package_R2.0/dwm/examples/dwm-simple/../../lib/libdwm.a(hal.o)
                0x00049568                _read
 .text._write   0x00049570       0x2a C:/Repo_Licenta/UWB/DWM1001_on_board_package_R2.0/dwm/examples/dwm-simple/../../lib/libdwm.a(hal.o)
                0x00049570                _write
 *fill*         0x0004959a        0x2 
 .text._sbrk    0x0004959c       0x2c C:/Repo_Licenta/UWB/DWM1001_on_board_package_R2.0/dwm/examples/dwm-simple/../../lib/libdwm.a(hal.o)
                0x0004959c                _sbrk
 .text.rng_isr  0x000495c8       0x14 C:/Repo_Licenta/UWB/DWM1001_on_board_package_R2.0/dwm/examples/dwm-simple/../../lib/libdwm.a(nrf_drv_rng.o)
 .text.rng_start
                0x000495dc       0x38 C:/Repo_Licenta/UWB/DWM1001_on_board_package_R2.0/dwm/examples/dwm-simple/../../lib/libdwm.a(nrf_drv_rng.o)
 .text.nrf_drv_rng_init
                0x00049614       0x98 C:/Repo_Licenta/UWB/DWM1001_on_board_package_R2.0/dwm/examples/dwm-simple/../../lib/libdwm.a(nrf_drv_rng.o)
                0x00049614                nrf_drv_rng_init
 .text.nrf_drv_rng_bytes_available
                0x000496ac       0x14 C:/Repo_Licenta/UWB/DWM1001_on_board_package_R2.0/dwm/examples/dwm-simple/../../lib/libdwm.a(nrf_drv_rng.o)
                0x000496ac                nrf_drv_rng_bytes_available
 .text.nrf_drv_rng_rand
                0x000496c0       0x3c C:/Repo_Licenta/UWB/DWM1001_on_board_package_R2.0/dwm/examples/dwm-simple/../../lib/libdwm.a(nrf_drv_rng.o)
                0x000496c0                nrf_drv_rng_rand
 .text.RNG_IRQHandler
                0x000496fc       0x54 C:/Repo_Licenta/UWB/DWM1001_on_board_package_R2.0/dwm/examples/dwm-simple/../../lib/libdwm.a(nrf_drv_rng.o)
                0x000496fc                RNG_IRQHandler
 .text.rng_dsr  0x00049750       0x10 C:/Repo_Licenta/UWB/DWM1001_on_board_package_R2.0/dwm/examples/dwm-simple/../../lib/libdwm.a(nrf_drv_rng.o)
 .text.pm_can_sleep
                0x00049760       0x44 C:/Repo_Licenta/UWB/DWM1001_on_board_package_R2.0/dwm/examples/dwm-simple/../../lib/libdwm.a(pm.o)
                0x00049760                pm_can_sleep
 .text.pm_task_get_next
                0x000497a4       0x54 C:/Repo_Licenta/UWB/DWM1001_on_board_package_R2.0/dwm/examples/dwm-simple/../../lib/libdwm.a(pm.o)
                0x000497a4                pm_task_get_next
 .text.pm_sched_signal
                0x000497f8        0xc C:/Repo_Licenta/UWB/DWM1001_on_board_package_R2.0/dwm/examples/dwm-simple/../../lib/libdwm.a(pm.o)
                0x000497f8                pm_sched_signal
 .text.pm_sched_wait
                0x00049804        0xc C:/Repo_Licenta/UWB/DWM1001_on_board_package_R2.0/dwm/examples/dwm-simple/../../lib/libdwm.a(pm.o)
                0x00049804                pm_sched_wait
 .text.pm_task_lock
                0x00049810       0x26 C:/Repo_Licenta/UWB/DWM1001_on_board_package_R2.0/dwm/examples/dwm-simple/../../lib/libdwm.a(pm.o)
                0x00049810                pm_task_lock
 .text.pm_task_unlock
                0x00049836       0x2c C:/Repo_Licenta/UWB/DWM1001_on_board_package_R2.0/dwm/examples/dwm-simple/../../lib/libdwm.a(pm.o)
                0x00049836                pm_task_unlock
 *fill*         0x00049862        0x2 
 .text.pm_task_unlock_set_alarm
                0x00049864       0x98 C:/Repo_Licenta/UWB/DWM1001_on_board_package_R2.0/dwm/examples/dwm-simple/../../lib/libdwm.a(pm.o)
                0x00049864                pm_task_unlock_set_alarm
 .text.pm_task_wakeup
                0x000498fc        0x4 C:/Repo_Licenta/UWB/DWM1001_on_board_package_R2.0/dwm/examples/dwm-simple/../../lib/libdwm.a(pm.o)
                0x000498fc                pm_task_wakeup
 .text.pm_task_alloc
                0x00049900       0x64 C:/Repo_Licenta/UWB/DWM1001_on_board_package_R2.0/dwm/examples/dwm-simple/../../lib/libdwm.a(pm.o)
                0x00049900                pm_task_alloc
 .text.pm_task_free
                0x00049964       0x58 C:/Repo_Licenta/UWB/DWM1001_on_board_package_R2.0/dwm/examples/dwm-simple/../../lib/libdwm.a(pm.o)
                0x00049964                pm_task_free
 .text.pm_init  0x000499bc       0x54 C:/Repo_Licenta/UWB/DWM1001_on_board_package_R2.0/dwm/examples/dwm-simple/../../lib/libdwm.a(pm.o)
                0x000499bc                pm_init
 .text.pm_dump  0x00049a10       0x84 C:/Repo_Licenta/UWB/DWM1001_on_board_package_R2.0/dwm/examples/dwm-simple/../../lib/libdwm.a(pm.o)
                0x00049a10                pm_dump
 .text.api_thread_start
                0x00049a94       0x10 C:/Repo_Licenta/UWB/DWM1001_on_board_package_R2.0/dwm/examples/dwm-simple/../../lib/libdwm.a(process-api.o)
                0x00049a94                api_thread_start
 .text.api_thread_init
                0x00049aa4       0x3c C:/Repo_Licenta/UWB/DWM1001_on_board_package_R2.0/dwm/examples/dwm-simple/../../lib/libdwm.a(process-api.o)
                0x00049aa4                api_thread_init
 .text.ble_thread_entry
                0x00049ae0       0x78 C:/Repo_Licenta/UWB/DWM1001_on_board_package_R2.0/dwm/examples/dwm-simple/../../lib/libdwm.a(process-ble.o)
 .text.ble_server_evt_put
                0x00049b58       0x1c C:/Repo_Licenta/UWB/DWM1001_on_board_package_R2.0/dwm/examples/dwm-simple/../../lib/libdwm.a(process-ble.o)
                0x00049b58                ble_server_evt_put
 .text.ble_server_thread_start
                0x00049b74       0x10 C:/Repo_Licenta/UWB/DWM1001_on_board_package_R2.0/dwm/examples/dwm-simple/../../lib/libdwm.a(process-ble.o)
                0x00049b74                ble_server_thread_start
 .text.ble_server_thread_stop
                0x00049b84       0x38 C:/Repo_Licenta/UWB/DWM1001_on_board_package_R2.0/dwm/examples/dwm-simple/../../lib/libdwm.a(process-ble.o)
                0x00049b84                ble_server_thread_stop
 .text.ble_server_thread_init
                0x00049bbc       0x4c C:/Repo_Licenta/UWB/DWM1001_on_board_package_R2.0/dwm/examples/dwm-simple/../../lib/libdwm.a(process-ble.o)
                0x00049bbc                ble_server_thread_init
 .text.ble_init_ready
                0x00049c08        0xc C:/Repo_Licenta/UWB/DWM1001_on_board_package_R2.0/dwm/examples/dwm-simple/../../lib/libdwm.a(process-ble.o)
                0x00049c08                ble_init_ready
 .text.le_print_disable
                0x00049c14       0x10 C:/Repo_Licenta/UWB/DWM1001_on_board_package_R2.0/dwm/examples/dwm-simple/../../lib/libdwm.a(process-le.o)
 .text.nole_thread_entry
                0x00049c24      0x2a8 C:/Repo_Licenta/UWB/DWM1001_on_board_package_R2.0/dwm/examples/dwm-simple/../../lib/libdwm.a(process-le.o)
 *fill*         0x00049ecc        0x4 
 .text.le_thread_entry
                0x00049ed0      0x48c C:/Repo_Licenta/UWB/DWM1001_on_board_package_R2.0/dwm/examples/dwm-simple/../../lib/libdwm.a(process-le.o)
 .text.le_post_loc_data
                0x0004a35c       0x60 C:/Repo_Licenta/UWB/DWM1001_on_board_package_R2.0/dwm/examples/dwm-simple/../../lib/libdwm.a(process-le.o)
                0x0004a35c                le_post_loc_data
 .text.le_init  0x0004a3bc       0x7c C:/Repo_Licenta/UWB/DWM1001_on_board_package_R2.0/dwm/examples/dwm-simple/../../lib/libdwm.a(process-le.o)
                0x0004a3bc                le_init
 .text.le_start
                0x0004a438       0x18 C:/Repo_Licenta/UWB/DWM1001_on_board_package_R2.0/dwm/examples/dwm-simple/../../lib/libdwm.a(process-le.o)
                0x0004a438                le_start
 .text.le_post_meas
                0x0004a450       0x78 C:/Repo_Licenta/UWB/DWM1001_on_board_package_R2.0/dwm/examples/dwm-simple/../../lib/libdwm.a(process-le.o)
                0x0004a450                le_post_meas
 .text.le_pos_get
                0x0004a4c8       0x64 C:/Repo_Licenta/UWB/DWM1001_on_board_package_R2.0/dwm/examples/dwm-simple/../../lib/libdwm.a(process-le.o)
                0x0004a4c8                le_pos_get
 .text.le_loc_get
                0x0004a52c      0x104 C:/Repo_Licenta/UWB/DWM1001_on_board_package_R2.0/dwm/examples/dwm-simple/../../lib/libdwm.a(process-le.o)
                0x0004a52c                le_loc_get
 .text.le_loc_print_toggle
                0x0004a630       0x28 C:/Repo_Licenta/UWB/DWM1001_on_board_package_R2.0/dwm/examples/dwm-simple/../../lib/libdwm.a(process-le.o)
                0x0004a630                le_loc_print_toggle
 .text.le_loc_ts_print_toggle
                0x0004a658       0x24 C:/Repo_Licenta/UWB/DWM1001_on_board_package_R2.0/dwm/examples/dwm-simple/../../lib/libdwm.a(process-le.o)
                0x0004a658                le_loc_ts_print_toggle
 .text.le_loc_csv_print_toggle
                0x0004a67c       0x28 C:/Repo_Licenta/UWB/DWM1001_on_board_package_R2.0/dwm/examples/dwm-simple/../../lib/libdwm.a(process-le.o)
                0x0004a67c                le_loc_csv_print_toggle
 .text.le_loc_csv_ts_print_toggle
                0x0004a6a4       0x28 C:/Repo_Licenta/UWB/DWM1001_on_board_package_R2.0/dwm/examples/dwm-simple/../../lib/libdwm.a(process-le.o)
                0x0004a6a4                le_loc_csv_ts_print_toggle
 .text.le_pos_csv_print_toggle
                0x0004a6cc       0x24 C:/Repo_Licenta/UWB/DWM1001_on_board_package_R2.0/dwm/examples/dwm-simple/../../lib/libdwm.a(process-le.o)
                0x0004a6cc                le_pos_csv_print_toggle
 .text.le_compile
                0x0004a6f0       0x18 C:/Repo_Licenta/UWB/DWM1001_on_board_package_R2.0/dwm/examples/dwm-simple/../../lib/libdwm.a(process-le.o)
                0x0004a6f0                le_compile
 .text.pm_thread_entry
                0x0004a708       0x98 C:/Repo_Licenta/UWB/DWM1001_on_board_package_R2.0/dwm/examples/dwm-simple/../../lib/libdwm.a(process-pm.o)
 .text.hal_pm_init
                0x0004a7a0       0x70 C:/Repo_Licenta/UWB/DWM1001_on_board_package_R2.0/dwm/examples/dwm-simple/../../lib/libdwm.a(process-pm.o)
                0x0004a7a0                hal_pm_init
 .text.hal_pm_start
                0x0004a810        0xc C:/Repo_Licenta/UWB/DWM1001_on_board_package_R2.0/dwm/examples/dwm-simple/../../lib/libdwm.a(process-pm.o)
                0x0004a810                hal_pm_start
 .text.uwb0_recover.part.0
                0x0004a81c       0x1c C:/Repo_Licenta/UWB/DWM1001_on_board_package_R2.0/dwm/examples/dwm-simple/../../lib/libdwm.a(process-svc.o)
 .text.svc_thread_entry
                0x0004a838      0x2b0 C:/Repo_Licenta/UWB/DWM1001_on_board_package_R2.0/dwm/examples/dwm-simple/../../lib/libdwm.a(process-svc.o)
 .text.svc_init
                0x0004aae8       0x3c C:/Repo_Licenta/UWB/DWM1001_on_board_package_R2.0/dwm/examples/dwm-simple/../../lib/libdwm.a(process-svc.o)
                0x0004aae8                svc_init
 .text.svc_start
                0x0004ab24        0xc C:/Repo_Licenta/UWB/DWM1001_on_board_package_R2.0/dwm/examples/dwm-simple/../../lib/libdwm.a(process-svc.o)
                0x0004ab24                svc_start
 .text.svc_post_event
                0x0004ab30       0x64 C:/Repo_Licenta/UWB/DWM1001_on_board_package_R2.0/dwm/examples/dwm-simple/../../lib/libdwm.a(process-svc.o)
                0x0004ab30                svc_post_event
 .text.svc_suspend
                0x0004ab94       0x30 C:/Repo_Licenta/UWB/DWM1001_on_board_package_R2.0/dwm/examples/dwm-simple/../../lib/libdwm.a(process-svc.o)
                0x0004ab94                svc_suspend
 .text.svc_resume
                0x0004abc4       0x28 C:/Repo_Licenta/UWB/DWM1001_on_board_package_R2.0/dwm/examples/dwm-simple/../../lib/libdwm.a(process-svc.o)
                0x0004abc4                svc_resume
 .text.uwbmac_wkr_thread_entry
                0x0004abec       0x1c C:/Repo_Licenta/UWB/DWM1001_on_board_package_R2.0/dwm/examples/dwm-simple/../../lib/libdwm.a(process-uwbmac.o)
 .text.uwbmac_thread_entry
                0x0004ac08      0x12c C:/Repo_Licenta/UWB/DWM1001_on_board_package_R2.0/dwm/examples/dwm-simple/../../lib/libdwm.a(process-uwbmac.o)
 .text.uwbmac_init
                0x0004ad34       0x6c C:/Repo_Licenta/UWB/DWM1001_on_board_package_R2.0/dwm/examples/dwm-simple/../../lib/libdwm.a(process-uwbmac.o)
                0x0004ad34                uwbmac_init
 .text.uwbmac_start
                0x0004ada0       0x18 C:/Repo_Licenta/UWB/DWM1001_on_board_package_R2.0/dwm/examples/dwm-simple/../../lib/libdwm.a(process-uwbmac.o)
                0x0004ada0                uwbmac_start
 .text.dw_intr  0x0004adb8        0xc C:/Repo_Licenta/UWB/DWM1001_on_board_package_R2.0/dwm/examples/dwm-simple/../../lib/libdwm.a(process-uwb.o)
                0x0004adb8                dw_intr
 .text.uwb_init_uwb0
                0x0004adc4      0x42c C:/Repo_Licenta/UWB/DWM1001_on_board_package_R2.0/dwm/examples/dwm-simple/../../lib/libdwm.a(process-uwb.o)
                0x0004adc4                uwb_init_uwb0
 .text.uwb_thread_entry
                0x0004b1f0       0xac C:/Repo_Licenta/UWB/DWM1001_on_board_package_R2.0/dwm/examples/dwm-simple/../../lib/libdwm.a(process-uwb.o)
 .text.uwb_init
                0x0004b29c       0x3c C:/Repo_Licenta/UWB/DWM1001_on_board_package_R2.0/dwm/examples/dwm-simple/../../lib/libdwm.a(process-uwb.o)
                0x0004b29c                uwb_init
 .text.uwb_start
                0x0004b2d8        0xc C:/Repo_Licenta/UWB/DWM1001_on_board_package_R2.0/dwm/examples/dwm-simple/../../lib/libdwm.a(process-uwb.o)
                0x0004b2d8                uwb_start
 .text.uwb_init_ready_await
                0x0004b2e4       0x18 C:/Repo_Licenta/UWB/DWM1001_on_board_package_R2.0/dwm/examples/dwm-simple/../../lib/libdwm.a(process-uwb.o)
                0x0004b2e4                uwb_init_ready_await
 .text.uart_timeout_handler
                0x0004b2fc       0x10 C:/Repo_Licenta/UWB/DWM1001_on_board_package_R2.0/dwm/examples/dwm-simple/../../lib/libdwm.a(serial.o)
 .text.uart_init
                0x0004b30c       0x10 C:/Repo_Licenta/UWB/DWM1001_on_board_package_R2.0/dwm/examples/dwm-simple/../../lib/libdwm.a(serial.o)
 .text.spis_gpio_set
                0x0004b31c       0x20 C:/Repo_Licenta/UWB/DWM1001_on_board_package_R2.0/dwm/examples/dwm-simple/../../lib/libdwm.a(serial.o)
 .text.spis_init
                0x0004b33c       0x10 C:/Repo_Licenta/UWB/DWM1001_on_board_package_R2.0/dwm/examples/dwm-simple/../../lib/libdwm.a(serial.o)
 .text.pm_serial_suspend
                0x0004b34c       0x58 C:/Repo_Licenta/UWB/DWM1001_on_board_package_R2.0/dwm/examples/dwm-simple/../../lib/libdwm.a(serial.o)
 .text.gpio_wakeup_intr
                0x0004b3a4        0xc C:/Repo_Licenta/UWB/DWM1001_on_board_package_R2.0/dwm/examples/dwm-simple/../../lib/libdwm.a(serial.o)
 .text._serial_status_change_ntfy
                0x0004b3b0       0x3c C:/Repo_Licenta/UWB/DWM1001_on_board_package_R2.0/dwm/examples/dwm-simple/../../lib/libdwm.a(serial.o)
 .text._serial_start
                0x0004b3ec       0x1c C:/Repo_Licenta/UWB/DWM1001_on_board_package_R2.0/dwm/examples/dwm-simple/../../lib/libdwm.a(serial.o)
 .text._on_spis_evt
                0x0004b408       0x78 C:/Repo_Licenta/UWB/DWM1001_on_board_package_R2.0/dwm/examples/dwm-simple/../../lib/libdwm.a(serial.o)
 .text.spis_api_cb
                0x0004b480       0x60 C:/Repo_Licenta/UWB/DWM1001_on_board_package_R2.0/dwm/examples/dwm-simple/../../lib/libdwm.a(serial.o)
 .text._spis_init
                0x0004b4e0       0x2c C:/Repo_Licenta/UWB/DWM1001_on_board_package_R2.0/dwm/examples/dwm-simple/../../lib/libdwm.a(serial.o)
 .text._serial_sleep
                0x0004b50c       0x1c C:/Repo_Licenta/UWB/DWM1001_on_board_package_R2.0/dwm/examples/dwm-simple/../../lib/libdwm.a(serial.o)
 .text.spis_event_handler
                0x0004b528      0x1d0 C:/Repo_Licenta/UWB/DWM1001_on_board_package_R2.0/dwm/examples/dwm-simple/../../lib/libdwm.a(serial.o)
 .text.serial_sleep
                0x0004b6f8       0x10 C:/Repo_Licenta/UWB/DWM1001_on_board_package_R2.0/dwm/examples/dwm-simple/../../lib/libdwm.a(serial.o)
                0x0004b6f8                serial_sleep
 .text.serial_uart_reinit
                0x0004b708       0x10 C:/Repo_Licenta/UWB/DWM1001_on_board_package_R2.0/dwm/examples/dwm-simple/../../lib/libdwm.a(serial.o)
                0x0004b708                serial_uart_reinit
 .text.serial_status_change_ntfy
                0x0004b718       0x10 C:/Repo_Licenta/UWB/DWM1001_on_board_package_R2.0/dwm/examples/dwm-simple/../../lib/libdwm.a(serial.o)
                0x0004b718                serial_status_change_ntfy
 .text.serial_thread_entry
                0x0004b728      0x168 C:/Repo_Licenta/UWB/DWM1001_on_board_package_R2.0/dwm/examples/dwm-simple/../../lib/libdwm.a(serial.o)
                0x0004b728                serial_thread_entry
 .text.serial_start
                0x0004b890       0x10 C:/Repo_Licenta/UWB/DWM1001_on_board_package_R2.0/dwm/examples/dwm-simple/../../lib/libdwm.a(serial.o)
                0x0004b890                serial_start
 .text.serial_compile_spi
                0x0004b8a0       0x58 C:/Repo_Licenta/UWB/DWM1001_on_board_package_R2.0/dwm/examples/dwm-simple/../../lib/libdwm.a(serial.o)
                0x0004b8a0                serial_compile_spi
 .text.serial_is_uart_compiled
                0x0004b8f8        0xc C:/Repo_Licenta/UWB/DWM1001_on_board_package_R2.0/dwm/examples/dwm-simple/../../lib/libdwm.a(serial.o)
                0x0004b8f8                serial_is_uart_compiled
 .text.serial_is_compiled
                0x0004b904        0xc C:/Repo_Licenta/UWB/DWM1001_on_board_package_R2.0/dwm/examples/dwm-simple/../../lib/libdwm.a(serial.o)
                0x0004b904                serial_is_compiled
 .text.cmd_enc_key_clear
                0x0004b910       0x34 C:/Repo_Licenta/UWB/DWM1001_on_board_package_R2.0/dwm/examples/dwm-simple/../../lib/libdwm.a(shell-api.o)
                0x0004b910                cmd_enc_key_clear
 .text.cmd_nvm_usr_data_clear
                0x0004b944       0x38 C:/Repo_Licenta/UWB/DWM1001_on_board_package_R2.0/dwm/examples/dwm-simple/../../lib/libdwm.a(shell-api.o)
 .text.cmd_nvm_usr_data_set
                0x0004b97c       0xb8 C:/Repo_Licenta/UWB/DWM1001_on_board_package_R2.0/dwm/examples/dwm-simple/../../lib/libdwm.a(shell-api.o)
 .text.cmd_tlv  0x0004ba34       0xb0 C:/Repo_Licenta/UWB/DWM1001_on_board_package_R2.0/dwm/examples/dwm-simple/../../lib/libdwm.a(shell-api.o)
 .text.api_cb   0x0004bae4       0x44 C:/Repo_Licenta/UWB/DWM1001_on_board_package_R2.0/dwm/examples/dwm-simple/../../lib/libdwm.a(shell-api.o)
 .text.cmd_enc_key_set
                0x0004bb28       0x94 C:/Repo_Licenta/UWB/DWM1001_on_board_package_R2.0/dwm/examples/dwm-simple/../../lib/libdwm.a(shell-api.o)
                0x0004bb28                cmd_enc_key_set
 .text.cmd_nvm_usr_data_get
                0x0004bbbc       0x64 C:/Repo_Licenta/UWB/DWM1001_on_board_package_R2.0/dwm/examples/dwm-simple/../../lib/libdwm.a(shell-api.o)
 .text.cmd_cfg_tn_set
                0x0004bc20      0x120 C:/Repo_Licenta/UWB/DWM1001_on_board_package_R2.0/dwm/examples/dwm-simple/../../lib/libdwm.a(shell-api.o)
 .text.cmd_cfg_an_set
                0x0004bd40       0xf4 C:/Repo_Licenta/UWB/DWM1001_on_board_package_R2.0/dwm/examples/dwm-simple/../../lib/libdwm.a(shell-api.o)
 .text.cmd_pos_set
                0x0004be34       0x88 C:/Repo_Licenta/UWB/DWM1001_on_board_package_R2.0/dwm/examples/dwm-simple/../../lib/libdwm.a(shell-api.o)
 .text.cmd_pos_get
                0x0004bebc       0x48 C:/Repo_Licenta/UWB/DWM1001_on_board_package_R2.0/dwm/examples/dwm-simple/../../lib/libdwm.a(shell-api.o)
 .text.cmd_ur_get
                0x0004bf04       0x4c C:/Repo_Licenta/UWB/DWM1001_on_board_package_R2.0/dwm/examples/dwm-simple/../../lib/libdwm.a(shell-api.o)
 .text.cmd_ur_set
                0x0004bf50       0x7c C:/Repo_Licenta/UWB/DWM1001_on_board_package_R2.0/dwm/examples/dwm-simple/../../lib/libdwm.a(shell-api.o)
 .text.cmd_ble_disable
                0x0004bfcc        0x4 C:/Repo_Licenta/UWB/DWM1001_on_board_package_R2.0/dwm/examples/dwm-simple/../../lib/libdwm.a(shell-ble.o)
 .text.cmd_ble_enable
                0x0004bfd0       0x10 C:/Repo_Licenta/UWB/DWM1001_on_board_package_R2.0/dwm/examples/dwm-simple/../../lib/libdwm.a(shell-ble.o)
 .text.cmd_ble_addr_get
                0x0004bfe0        0x4 C:/Repo_Licenta/UWB/DWM1001_on_board_package_R2.0/dwm/examples/dwm-simple/../../lib/libdwm.a(shell-ble.o)
 .text.cmd_ble_addr_set
                0x0004bfe4       0x50 C:/Repo_Licenta/UWB/DWM1001_on_board_package_R2.0/dwm/examples/dwm-simple/../../lib/libdwm.a(shell-ble.o)
 .text.cmd_le_show_loc
                0x0004c034       0x2c C:/Repo_Licenta/UWB/DWM1001_on_board_package_R2.0/dwm/examples/dwm-simple/../../lib/libdwm.a(shell-le.o)
                0x0004c034                cmd_le_show_loc
 .text.cmd_le_show_loc_csv
                0x0004c060       0x2c C:/Repo_Licenta/UWB/DWM1001_on_board_package_R2.0/dwm/examples/dwm-simple/../../lib/libdwm.a(shell-le.o)
                0x0004c060                cmd_le_show_loc_csv
 .text.cmd_le_show_pos_csv
                0x0004c08c        0x4 C:/Repo_Licenta/UWB/DWM1001_on_board_package_R2.0/dwm/examples/dwm-simple/../../lib/libdwm.a(shell-le.o)
                0x0004c08c                cmd_le_show_pos_csv
 .text._shell_stop
                0x0004c090        0xc C:/Repo_Licenta/UWB/DWM1001_on_board_package_R2.0/dwm/examples/dwm-simple/../../lib/libdwm.a(shell.o)
 .text._shell_add_cmds
                0x0004c09c       0x24 C:/Repo_Licenta/UWB/DWM1001_on_board_package_R2.0/dwm/examples/dwm-simple/../../lib/libdwm.a(shell.o)
 .text._get_argc
                0x0004c0c0       0x1c C:/Repo_Licenta/UWB/DWM1001_on_board_package_R2.0/dwm/examples/dwm-simple/../../lib/libdwm.a(shell.o)
 .text._shell_get_arg
                0x0004c0dc       0x14 C:/Repo_Licenta/UWB/DWM1001_on_board_package_R2.0/dwm/examples/dwm-simple/../../lib/libdwm.a(shell.o)
 .text._shell_set_init_print
                0x0004c0f0        0xc C:/Repo_Licenta/UWB/DWM1001_on_board_package_R2.0/dwm/examples/dwm-simple/../../lib/libdwm.a(shell.o)
 .text._shell_show_hidden
                0x0004c0fc        0xc C:/Repo_Licenta/UWB/DWM1001_on_board_package_R2.0/dwm/examples/dwm-simple/../../lib/libdwm.a(shell.o)
 .text._shell_init_ready_await
                0x0004c108       0x18 C:/Repo_Licenta/UWB/DWM1001_on_board_package_R2.0/dwm/examples/dwm-simple/../../lib/libdwm.a(shell.o)
 .text.shell_init_print_fnc
                0x0004c120        0xc C:/Repo_Licenta/UWB/DWM1001_on_board_package_R2.0/dwm/examples/dwm-simple/../../lib/libdwm.a(shell.o)
 .text._shell_print_hex
                0x0004c12c       0x48 C:/Repo_Licenta/UWB/DWM1001_on_board_package_R2.0/dwm/examples/dwm-simple/../../lib/libdwm.a(shell.o)
 .text._shell_get_arg_int
                0x0004c174       0x4c C:/Repo_Licenta/UWB/DWM1001_on_board_package_R2.0/dwm/examples/dwm-simple/../../lib/libdwm.a(shell.o)
 .text._shell_start
                0x0004c1c0        0x4 C:/Repo_Licenta/UWB/DWM1001_on_board_package_R2.0/dwm/examples/dwm-simple/../../lib/libdwm.a(shell.o)
 .text._shell_uninit
                0x0004c1c4       0x3c C:/Repo_Licenta/UWB/DWM1001_on_board_package_R2.0/dwm/examples/dwm-simple/../../lib/libdwm.a(shell.o)
 .text._shell_init
                0x0004c200       0x44 C:/Repo_Licenta/UWB/DWM1001_on_board_package_R2.0/dwm/examples/dwm-simple/../../lib/libdwm.a(shell.o)
 .text.shell_fsm_entry
                0x0004c244      0x29c C:/Repo_Licenta/UWB/DWM1001_on_board_package_R2.0/dwm/examples/dwm-simple/../../lib/libdwm.a(shell.o)
 .text.shell_thread_entry
                0x0004c4e0       0x88 C:/Repo_Licenta/UWB/DWM1001_on_board_package_R2.0/dwm/examples/dwm-simple/../../lib/libdwm.a(shell.o)
                0x0004c4e0                shell_thread_entry
 .text.dwm_shell_init
                0x0004c568       0x10 C:/Repo_Licenta/UWB/DWM1001_on_board_package_R2.0/dwm/examples/dwm-simple/../../lib/libdwm.a(shell.o)
                0x0004c568                dwm_shell_init
 .text.shell_init
                0x0004c578       0x10 C:/Repo_Licenta/UWB/DWM1001_on_board_package_R2.0/dwm/examples/dwm-simple/../../lib/libdwm.a(shell.o)
                0x0004c578                shell_init
 .text.shell_uninit
                0x0004c588       0x10 C:/Repo_Licenta/UWB/DWM1001_on_board_package_R2.0/dwm/examples/dwm-simple/../../lib/libdwm.a(shell.o)
                0x0004c588                shell_uninit
 .text._shell_delete_if_unused
                0x0004c598       0x2c C:/Repo_Licenta/UWB/DWM1001_on_board_package_R2.0/dwm/examples/dwm-simple/../../lib/libdwm.a(shell.o)
 .text.shell_start
                0x0004c5c4       0x10 C:/Repo_Licenta/UWB/DWM1001_on_board_package_R2.0/dwm/examples/dwm-simple/../../lib/libdwm.a(shell.o)
                0x0004c5c4                shell_start
 .text.shell_stop
                0x0004c5d4       0x10 C:/Repo_Licenta/UWB/DWM1001_on_board_package_R2.0/dwm/examples/dwm-simple/../../lib/libdwm.a(shell.o)
                0x0004c5d4                shell_stop
 .text.shell_quit
                0x0004c5e4       0x14 C:/Repo_Licenta/UWB/DWM1001_on_board_package_R2.0/dwm/examples/dwm-simple/../../lib/libdwm.a(shell.o)
 .text.shell_delete_if_unused
                0x0004c5f8       0x10 C:/Repo_Licenta/UWB/DWM1001_on_board_package_R2.0/dwm/examples/dwm-simple/../../lib/libdwm.a(shell.o)
                0x0004c5f8                shell_delete_if_unused
 .text.shell_add_cmds
                0x0004c608       0x10 C:/Repo_Licenta/UWB/DWM1001_on_board_package_R2.0/dwm/examples/dwm-simple/../../lib/libdwm.a(shell.o)
                0x0004c608                shell_add_cmds
 .text.get_argc
                0x0004c618       0x10 C:/Repo_Licenta/UWB/DWM1001_on_board_package_R2.0/dwm/examples/dwm-simple/../../lib/libdwm.a(shell.o)
                0x0004c618                get_argc
 .text.shell_get_arg